###############################################################################
#
# IAR ELF Linker V7.20.2.7424/W32 for ARM                 15/Dec/2015  16:17:56
# Copyright 2007-2014 IAR Systems AB.
#
#    Output file  =  
#        E:\work\GitHub\Template_For_uCOS-II\output\Debug\Exe\Project.out
#    Map file     =  
#        E:\work\GitHub\Template_For_uCOS-II\output\Debug\List\Project.map
#    Command line =  
#        E:\work\GitHub\Template_For_uCOS-II\output\Debug\Obj\api_lib.o
#        E:\work\GitHub\Template_For_uCOS-II\output\Debug\Obj\api_msg.o
#        E:\work\GitHub\Template_For_uCOS-II\output\Debug\Obj\asn1_dec.o
#        E:\work\GitHub\Template_For_uCOS-II\output\Debug\Obj\asn1_enc.o
#        E:\work\GitHub\Template_For_uCOS-II\output\Debug\Obj\at24cxx.o
#        E:\work\GitHub\Template_For_uCOS-II\output\Debug\Obj\auth.o
#        E:\work\GitHub\Template_For_uCOS-II\output\Debug\Obj\autoip.o
#        E:\work\GitHub\Template_For_uCOS-II\output\Debug\Obj\can.o
#        E:\work\GitHub\Template_For_uCOS-II\output\Debug\Obj\cc936.o
#        E:\work\GitHub\Template_For_uCOS-II\output\Debug\Obj\chap.o
#        E:\work\GitHub\Template_For_uCOS-II\output\Debug\Obj\chpms.o
#        E:\work\GitHub\Template_For_uCOS-II\output\Debug\Obj\common.o
#        E:\work\GitHub\Template_For_uCOS-II\output\Debug\Obj\cpuidy.o
#        E:\work\GitHub\Template_For_uCOS-II\output\Debug\Obj\crc.o
#        E:\work\GitHub\Template_For_uCOS-II\output\Debug\Obj\def.o
#        E:\work\GitHub\Template_For_uCOS-II\output\Debug\Obj\dhcp.o
#        E:\work\GitHub\Template_For_uCOS-II\output\Debug\Obj\diskio.o
#        E:\work\GitHub\Template_For_uCOS-II\output\Debug\Obj\dma.o
#        E:\work\GitHub\Template_For_uCOS-II\output\Debug\Obj\dns.o
#        E:\work\GitHub\Template_For_uCOS-II\output\Debug\Obj\drv_enet.o
#        E:\work\GitHub\Template_For_uCOS-II\output\Debug\Obj\enet.o
#        E:\work\GitHub\Template_For_uCOS-II\output\Debug\Obj\enet_phy.o
#        E:\work\GitHub\Template_For_uCOS-II\output\Debug\Obj\err.o
#        E:\work\GitHub\Template_For_uCOS-II\output\Debug\Obj\etharp.o
#        E:\work\GitHub\Template_For_uCOS-II\output\Debug\Obj\ethernetif.o
#        E:\work\GitHub\Template_For_uCOS-II\output\Debug\Obj\ff.o
#        E:\work\GitHub\Template_For_uCOS-II\output\Debug\Obj\flash.o
#        E:\work\GitHub\Template_For_uCOS-II\output\Debug\Obj\flexbus.o
#        E:\work\GitHub\Template_For_uCOS-II\output\Debug\Obj\fsm.o
#        E:\work\GitHub\Template_For_uCOS-II\output\Debug\Obj\gpio.o
#        E:\work\GitHub\Template_For_uCOS-II\output\Debug\Obj\i2c.o
#        E:\work\GitHub\Template_For_uCOS-II\output\Debug\Obj\icmp.o
#        E:\work\GitHub\Template_For_uCOS-II\output\Debug\Obj\igmp.o
#        E:\work\GitHub\Template_For_uCOS-II\output\Debug\Obj\ili9320.o
#        E:\work\GitHub\Template_For_uCOS-II\output\Debug\Obj\inet.o
#        E:\work\GitHub\Template_For_uCOS-II\output\Debug\Obj\inet_chksum.o
#        E:\work\GitHub\Template_For_uCOS-II\output\Debug\Obj\init.o
#        E:\work\GitHub\Template_For_uCOS-II\output\Debug\Obj\ip.o
#        E:\work\GitHub\Template_For_uCOS-II\output\Debug\Obj\ip_addr.o
#        E:\work\GitHub\Template_For_uCOS-II\output\Debug\Obj\ip_frag.o
#        E:\work\GitHub\Template_For_uCOS-II\output\Debug\Obj\ipcp.o
#        E:\work\GitHub\Template_For_uCOS-II\output\Debug\Obj\IS61WV25616.o
#        E:\work\GitHub\Template_For_uCOS-II\output\Debug\Obj\lcp.o
#        E:\work\GitHub\Template_For_uCOS-II\output\Debug\Obj\magic.o
#        E:\work\GitHub\Template_For_uCOS-II\output\Debug\Obj\main.o
#        E:\work\GitHub\Template_For_uCOS-II\output\Debug\Obj\md5.o
#        E:\work\GitHub\Template_For_uCOS-II\output\Debug\Obj\mem.o
#        E:\work\GitHub\Template_For_uCOS-II\output\Debug\Obj\memp.o
#        E:\work\GitHub\Template_For_uCOS-II\output\Debug\Obj\mib2.o
#        E:\work\GitHub\Template_For_uCOS-II\output\Debug\Obj\mib_structs.o
#        E:\work\GitHub\Template_For_uCOS-II\output\Debug\Obj\Module_BSP.o
#        E:\work\GitHub\Template_For_uCOS-II\output\Debug\Obj\Module_Can.o
#        E:\work\GitHub\Template_For_uCOS-II\output\Debug\Obj\Module_Init.o
#        E:\work\GitHub\Template_For_uCOS-II\output\Debug\Obj\Module_ISR.o
#        E:\work\GitHub\Template_For_uCOS-II\output\Debug\Obj\Module_malloc.o
#        E:\work\GitHub\Template_For_uCOS-II\output\Debug\Obj\Module_Modbus.o
#        E:\work\GitHub\Template_For_uCOS-II\output\Debug\Obj\Module_Protocol.o
#        E:\work\GitHub\Template_For_uCOS-II\output\Debug\Obj\Module_Queue.o
#        E:\work\GitHub\Template_For_uCOS-II\output\Debug\Obj\Module_Updata.o
#        E:\work\GitHub\Template_For_uCOS-II\output\Debug\Obj\Module_USB.o
#        E:\work\GitHub\Template_For_uCOS-II\output\Debug\Obj\msg_in.o
#        E:\work\GitHub\Template_For_uCOS-II\output\Debug\Obj\msg_out.o
#        E:\work\GitHub\Template_For_uCOS-II\output\Debug\Obj\netbuf.o
#        E:\work\GitHub\Template_For_uCOS-II\output\Debug\Obj\netdb.o
#        E:\work\GitHub\Template_For_uCOS-II\output\Debug\Obj\netif.o
#        E:\work\GitHub\Template_For_uCOS-II\output\Debug\Obj\netifapi.o
#        E:\work\GitHub\Template_For_uCOS-II\output\Debug\Obj\os_core.o
#        E:\work\GitHub\Template_For_uCOS-II\output\Debug\Obj\os_cpu_a_iar.o
#        E:\work\GitHub\Template_For_uCOS-II\output\Debug\Obj\os_cpu_c.o
#        E:\work\GitHub\Template_For_uCOS-II\output\Debug\Obj\os_dbg.o
#        E:\work\GitHub\Template_For_uCOS-II\output\Debug\Obj\os_flag.o
#        E:\work\GitHub\Template_For_uCOS-II\output\Debug\Obj\os_mbox.o
#        E:\work\GitHub\Template_For_uCOS-II\output\Debug\Obj\os_mem.o
#        E:\work\GitHub\Template_For_uCOS-II\output\Debug\Obj\os_mutex.o
#        E:\work\GitHub\Template_For_uCOS-II\output\Debug\Obj\os_q.o
#        E:\work\GitHub\Template_For_uCOS-II\output\Debug\Obj\os_sem.o
#        E:\work\GitHub\Template_For_uCOS-II\output\Debug\Obj\os_task.o
#        E:\work\GitHub\Template_For_uCOS-II\output\Debug\Obj\os_time.o
#        E:\work\GitHub\Template_For_uCOS-II\output\Debug\Obj\os_tmr.o
#        E:\work\GitHub\Template_For_uCOS-II\output\Debug\Obj\pap.o
#        E:\work\GitHub\Template_For_uCOS-II\output\Debug\Obj\pbuf.o
#        E:\work\GitHub\Template_For_uCOS-II\output\Debug\Obj\pit.o
#        E:\work\GitHub\Template_For_uCOS-II\output\Debug\Obj\ppp.o
#        E:\work\GitHub\Template_For_uCOS-II\output\Debug\Obj\ppp_oe.o
#        E:\work\GitHub\Template_For_uCOS-II\output\Debug\Obj\randm.o
#        E:\work\GitHub\Template_For_uCOS-II\output\Debug\Obj\raw.o
#        E:\work\GitHub\Template_For_uCOS-II\output\Debug\Obj\rtc.o
#        E:\work\GitHub\Template_For_uCOS-II\output\Debug\Obj\sd.o
#        E:\work\GitHub\Template_For_uCOS-II\output\Debug\Obj\slipif.o
#        E:\work\GitHub\Template_For_uCOS-II\output\Debug\Obj\sockets.o
#        E:\work\GitHub\Template_For_uCOS-II\output\Debug\Obj\spi.o
#        E:\work\GitHub\Template_For_uCOS-II\output\Debug\Obj\startup_MK60D10.o
#        E:\work\GitHub\Template_For_uCOS-II\output\Debug\Obj\stats.o
#        E:\work\GitHub\Template_For_uCOS-II\output\Debug\Obj\sys.o
#        E:\work\GitHub\Template_For_uCOS-II\output\Debug\Obj\sys_arch.o
#        E:\work\GitHub\Template_For_uCOS-II\output\Debug\Obj\system_MK60D10.o
#        E:\work\GitHub\Template_For_uCOS-II\output\Debug\Obj\systick.o
#        E:\work\GitHub\Template_For_uCOS-II\output\Debug\Obj\tcp.o
#        E:\work\GitHub\Template_For_uCOS-II\output\Debug\Obj\tcp_demo.o
#        E:\work\GitHub\Template_For_uCOS-II\output\Debug\Obj\tcp_in.o
#        E:\work\GitHub\Template_For_uCOS-II\output\Debug\Obj\tcp_out.o
#        E:\work\GitHub\Template_For_uCOS-II\output\Debug\Obj\tcpip.o
#        E:\work\GitHub\Template_For_uCOS-II\output\Debug\Obj\test.o
#        E:\work\GitHub\Template_For_uCOS-II\output\Debug\Obj\timers.o
#        E:\work\GitHub\Template_For_uCOS-II\output\Debug\Obj\uart.o
#        E:\work\GitHub\Template_For_uCOS-II\output\Debug\Obj\udp.o
#        E:\work\GitHub\Template_For_uCOS-II\output\Debug\Obj\udp_demo.o
#        E:\work\GitHub\Template_For_uCOS-II\output\Debug\Obj\usb_lib.o
#        E:\work\GitHub\Template_For_uCOS-II\output\Debug\Obj\usbd_cdc_acm.o
#        E:\work\GitHub\Template_For_uCOS-II\output\Debug\Obj\usbd_core.o
#        E:\work\GitHub\Template_For_uCOS-II\output\Debug\Obj\usbd_core_cdc.o
#        E:\work\GitHub\Template_For_uCOS-II\output\Debug\Obj\usbd_core_hid.o
#        E:\work\GitHub\Template_For_uCOS-II\output\Debug\Obj\usbd_core_msc.o
#        E:\work\GitHub\Template_For_uCOS-II\output\Debug\Obj\usbd_hid.o
#        E:\work\GitHub\Template_For_uCOS-II\output\Debug\Obj\usbd_kk.o
#        E:\work\GitHub\Template_For_uCOS-II\output\Debug\Obj\usbd_msc.o
#        E:\work\GitHub\Template_For_uCOS-II\output\Debug\Obj\vj.o
#        E:\work\GitHub\Template_For_uCOS-II\output\Debug\Obj\wdog.o -o
#        E:\work\GitHub\Template_For_uCOS-II\output\Debug\Exe\Project.out --map
#        E:\work\GitHub\Template_For_uCOS-II\output\Debug\List\Project.map
#        --config
#        E:\work\GitHub\Template_For_uCOS-II\Software\LinkFiles\K60\MK60xN512_10.icf
#        --semihosting --entry __iar_program_start --redirect
#        __write=__write_buffered --no_exceptions --no_vfe
#
###############################################################################

*******************************************************************************
*** RUNTIME MODEL ATTRIBUTES
***

CppFlavor       = *
__Heap_Handler  = DLMalloc
__SystemLibrary = DLib


*******************************************************************************
*** PLACEMENT SUMMARY
***

"A1":  place at 0x00000000 { ro section .intvec };
"P2":  place in [from 0x00000000 to 0x000003ff] |
                [from 0x00000410 to 0x00080000] { ro };
"P3":  place in [from 0x1fff0000 to 0x2000ffff] { rw, block CSTACK, block HEAP };

  Section            Kind        Address     Size  Object
  -------            ----        -------     ----  ------
"A1":                                       0x410
  .intvec            ro code  0x00000000    0x410  startup_MK60D10.o [1]
                            - 0x00000410    0x410

"P2":                                     0x38108
  .rodata            const    0x00000410  0x15484  cc936.o [1]
  .rodata            const    0x00015894  0x15484  cc936.o [1]
  .text              ro code  0x0002ad18   0x23f8  ff.o [1]
  .text              ro code  0x0002d110     0xe8  diskio.o [1]
  .text              ro code  0x0002d1f8     0xc4  cc936.o [1]
  .text              ro code  0x0002d2bc    0x7d4  sd.o [1]
  .text              ro code  0x0002da90    0x3fe  gpio.o [1]
  .text              ro code  0x0002de8e     0x2e  copy_init3.o [4]
  .text              ro code  0x0002debc    0x104  common.o [1]
  .text              ro code  0x0002dfc0    0x1f8  system_MK60D10.o [1]
  .text              ro code  0x0002e1b8   0x100a  usbd_msc.o [1]
  .text              ro code  0x0002f1c2     0x22  zero_init3.o [4]
  .text              ro code  0x0002f1e4    0x7cc  usbd_kk.o [1]
  .text              ro code  0x0002f9b0     0xa8  Module_USB.o [1]
  .text              ro code  0x0002fa58    0xb64  usbd_core.o [1]
  .text              ro code  0x000305bc     0x2e  usb_lib.o [1]
  .rodata            const    0x000305ea      0x2  can.o [1]
  .text              ro code  0x000305ec     0x84  usbd_core_msc.o [1]
  .text              ro code  0x00030670    0x1bc  usbd_core_hid.o [1]
  .text              ro code  0x0003082c    0x170  usbd_core_cdc.o [1]
  .text              ro code  0x0003099c    0x594  usbd_hid.o [1]
  .text              ro code  0x00030f30    0x4d2  usbd_cdc_acm.o [1]
  .rodata            const    0x00031402      0x2  os_dbg.o [1]
  .text              ro code  0x00031404    0xc7c  Module_Protocol.o [1]
  .text              ro code  0x00032080    0x6d0  Module_Can.o [1]
  .text              ro code  0x00032750     0x32  crc.o [1]
  .rodata            const    0x00032782      0x2  os_dbg.o [1]
  .text              ro code  0x00032784    0x32c  rtc.o [1]
  .text              ro code  0x00032ab0     0x66  ABImemset.o [4]
  .rodata            const    0x00032b16      0x2  os_dbg.o [1]
  .text              ro code  0x00032b18    0x9c0  uart.o [1]
  .text              ro code  0x000334d8     0xb8  at24cxx.o [1]
  .text              ro code  0x00033590     0x28  flash.o [1]
  CODE               ro code  0x000335b8     0xac  os_cpu_a_iar.o [1]
  .text              ro code  0x00033664    0x5cc  can.o [1]
  .text              ro code  0x00033c30     0x24  printf.o [3]
  .text              ro code  0x00033c54    0x120  os_time.o [1]
  .text              ro code  0x00033d74    0x132  I64DivMod.o [4]
  .rodata            const    0x00033ea6      0x2  os_dbg.o [1]
  .text              ro code  0x00033ea8    0x488  dma.o [1]
  .text              ro code  0x00034330      0x6  ABImemclr4.o [4]
  .rodata            const    0x00034336      0x2  os_dbg.o [1]
  .text              ro code  0x00034338    0x5fc  i2c.o [1]
  .text              ro code  0x00034934    0x4d8  xprintfsmall_nomb.o [3]
  .text              ro code  0x00034e0c    0xabc  os_core.o [1]
  .text              ro code  0x000358c8      0x2  I64DivZer.o [4]
  .rodata            const    0x000358ca      0x2  os_dbg.o [1]
  .text              ro code  0x000358cc     0x32  ABImemset48.o [4]
  .rodata            const    0x000358fe      0x2  os_dbg.o [1]
  .text              ro code  0x00035900     0x16  strchr.o [4]
  .rodata            const    0x00035916      0x2  os_dbg.o [1]
  .text              ro code  0x00035918     0x36  strlen.o [4]
  .rodata            const    0x0003594e      0x2  os_dbg.o [1]
  .text              ro code  0x00035950     0x58  memchr.o [4]
  .text              ro code  0x000359a8     0xf8  os_cpu_c.o [1]
  .text              ro code  0x00035aa0     0x96  os_flag.o [1]
  .rodata            const    0x00035b36      0x2  os_dbg.o [1]
  .text              ro code  0x00035b38     0x60  os_mem.o [1]
  .text              ro code  0x00035b98     0x58  os_q.o [1]
  .text              ro code  0x00035bf0    0x298  os_tmr.o [1]
  .text              ro code  0x00035e88    0x1cc  os_dbg.o [1]
  .text              ro code  0x00036054    0x594  os_task.o [1]
  .text              ro code  0x000365e8    0x1b8  os_sem.o [1]
  .text              ro code  0x000367a0    0x2ec  test.o [1]
  .text              ro code  0x00036a8c     0x86  Module_Queue.o [1]
  .rodata            const    0x00036b12      0x2  os_dbg.o [1]
  .text              ro code  0x00036b14     0x76  ABImemcpy_unaligned.o [4]
  .rodata            const    0x00036b8a      0x2  os_dbg.o [1]
  .text              ro code  0x00036b8c    0x238  Module_BSP.o [1]
  .text              ro code  0x00036dc4     0x1c  strcat.o [3]
  .text              ro code  0x00036de0    0x1a0  Module_malloc.o [1]
  .text              ro code  0x00036f80     0x5c  Module_Updata.o [1]
  .text              ro code  0x00036fdc     0x9c  systick.o [1]
  .text              ro code  0x00037078    0x180  pit.o [1]
  .text              ro code  0x000371f8     0xf4  Module_Init.o [1]
  .text              ro code  0x000372ec    0x214  main.o [1]
  .text              ro code  0x00037500     0x50  wdog.o [1]
  .rodata            const    0x00037550    0x1e0  cc936.o [1]
  .rodata            const    0x00037730    0x1e0  cc936.o [1]
  .rodata            const    0x00037910    0x100  os_core.o [1]
  .text              ro code  0x00037a10     0xc0  xxwritebuffered.o [3]
  .text              ro code  0x00037ad0     0x1e  dwrite.o [5]
  .text              ro code  0x00037aee     0x20  iarwstd.o [5]
  .text              ro code  0x00037b0e     0x22  iarwrite.o [5]
  .text              ro code  0x00037b30     0x6c  iarttio.o [5]
  .text              ro code  0x00037b9c      0x8  XShttio.o [3]
  .text              ro code  0x00037ba4     0x9c  Module_ISR.o [1]
  .rodata            const    0x00037c40     0x98  usb_lib.o [1]
  .rodata            const    0x00037cd8     0x74  usb_lib.o [1]
  .rodata            const    0x00037d4c     0x70  test.o [1]
  .text              ro code  0x00037dbc     0x56  spi.o [1]
  .rodata            const    0x00037e12      0x2  os_dbg.o [1]
  .text              ro code  0x00037e14     0x4c  enet.o [1]
  .rodata            const    0x00037e60     0x48  uart.o [1]
  .rodata            const    0x00037ea8     0x40  usb_lib.o [1]
  .text              ro code  0x00037ee8     0x28  putchar.o [3]
  .text              ro code  0x00037f10     0x28  data_init.o [4]
  .rodata            const    0x00037f38     0x24  usb_lib.o [1]
  .iar.init_table    const    0x00037f5c     0x24  - Linker created -
  .rodata            const    0x00037f80     0x20  usb_lib.o [1]
  .rodata            const    0x00037fa0     0x1c  main.o [1]
  .rodata            const    0x00037fbc     0x1c  Module_Init.o [1]
  .rodata            const    0x00037fd8     0x1c  rtc.o [1]
  .rodata            const    0x00037ff4     0x1c  test.o [1]
  .rodata            const    0x00038010     0x1c  uart.o [1]
  .text              ro code  0x0003802c     0x1a  cmain.o [4]
  .text              ro code  0x00038046      0x4  low_level_init.o [3]
  .text              ro code  0x0003804a      0x4  exit.o [3]
  .rodata            const    0x0003804e      0x2  os_dbg.o [1]
  .text              ro code  0x00038050      0xe  cexit.o [4]
  .text              ro code  0x0003805e      0xc  xcloseall.o [3]
  .rodata            const    0x0003806a      0x2  os_dbg.o [1]
  .text              ro code  0x0003806c     0x14  exit.o [5]
  .rodata            const    0x00038080     0x18  can.o [1]
  .rodata            const    0x00038098     0x18  uart.o [1]
  .rodata            const    0x000380b0     0x18  uart.o [1]
  .text              ro code  0x000380c8     0x16  xprout.o [3]
  .rodata            const    0x000380de      0x2  os_dbg.o [1]
  .rodata            const    0x000380e0     0x14  gpio.o [1]
  .rodata            const    0x000380f4     0x14  gpio.o [1]
  .rodata            const    0x00038108     0x14  gpio.o [1]
  .rodata            const    0x0003811c     0x14  Module_BSP.o [1]
  .rodata            const    0x00038130     0x14  Module_Can.o [1]
  .rodata            const    0x00038144     0x14  os_tmr.o [1]
  .rodata            const    0x00038158     0x14  os_tmr.o [1]
  .rodata            const    0x0003816c     0x14  test.o [1]
  .rodata            const    0x00038180     0x14  test.o [1]
  .rodata            const    0x00038194     0x14  usb_lib.o [1]
  .rodata            const    0x000381a8     0x10  dma.o [1]
  .rodata            const    0x000381b8     0x10  ff.o [1]
  .rodata            const    0x000381c8     0x10  os_core.o [1]
  .rodata            const    0x000381d8     0x10  os_core.o [1]
  .rodata            const    0x000381e8     0x10  os_tmr.o [1]
  .rodata            const    0x000381f8     0x10  rtc.o [1]
  .rodata            const    0x00038208     0x10  rtc.o [1]
  .rodata            const    0x00038218     0x10  test.o [1]
  .rodata            const    0x00038228     0x10  test.o [1]
  .text              ro code  0x00038238     0x10  startup_MK60D10.o [1]
  .rodata            const    0x00038248      0xc  ff.o [1]
  .rodata            const    0x00038254      0xc  main.o [1]
  .rodata            const    0x00038260      0xc  main.o [1]
  .rodata            const    0x0003826c      0xc  main.o [1]
  .rodata            const    0x00038278      0xc  Module_ISR.o [1]
  .rodata            const    0x00038284      0xc  sd.o [1]
  .rodata            const    0x00038290      0xc  spi.o [1]
  .rodata            const    0x0003829c      0xc  test.o [1]
  .text              ro code  0x000382a8      0xc  cstartup_M.o [4]
  .rodata            const    0x000382b4      0x8  can.o [1]
  .rodata            const    0x000382bc      0x8  ff.o [1]
  .rodata            const    0x000382c4      0x8  main.o [1]
  .rodata            const    0x000382cc      0x8  main.o [1]
  .rodata            const    0x000382d4      0x8  Module_BSP.o [1]
  .rodata            const    0x000382dc      0x8  Module_Can.o [1]
  .rodata            const    0x000382e4      0x8  Module_Can.o [1]
  .rodata            const    0x000382ec      0x8  test.o [1]
  .rodata            const    0x000382f4      0x8  test.o [1]
  .rodata            const    0x000382fc      0x8  uart.o [1]
  .rodata            const    0x00038304      0x4  dma.o [1]
  .rodata            const    0x00038308      0x4  Module_malloc.o [1]
  .rodata            const    0x0003830c      0x4  Module_malloc.o [1]
  .rodata            const    0x00038310      0x4  Module_malloc.o [1]
  .rodata            const    0x00038314      0x4  os_dbg.o [1]
  .rodata            const    0x00038318      0x4  pit.o [1]
  .rodata            const    0x0003831c      0x4  usb_lib.o [1]
  .rodata            const    0x00038320      0x4  usb_lib.o [1]
  .rodata            const    0x00038324      0x4  usb_lib.o [1]
  .rodata            const    0x00038328      0x4  usb_lib.o [1]
  .rodata            const    0x0003832c      0x4  usb_lib.o [1]
  .rodata            const    0x00038330      0x4  usb_lib.o [1]
  .rodata            const    0x00038334      0x4  usb_lib.o [1]
  .rodata            const    0x00038338      0x4  usb_lib.o [1]
  .rodata            const    0x0003833c      0x4  usb_lib.o [1]
  .rodata            const    0x00038340      0x4  usb_lib.o [1]
  .rodata            const    0x00038344      0x4  usb_lib.o [1]
  .rodata            const    0x00038348      0x4  usb_lib.o [1]
  .text              ro code  0x0003834c      0x4  startup_MK60D10.o [1]
  .text              ro code  0x00038350      0x4  startup_MK60D10.o [1]
  .text              ro code  0x00038354      0x4  startup_MK60D10.o [1]
  .text              ro code  0x00038358      0x4  startup_MK60D10.o [1]
  .text              ro code  0x0003835c      0x4  startup_MK60D10.o [1]
  .text              ro code  0x00038360      0x4  startup_MK60D10.o [1]
  .text              ro code  0x00038364      0x4  startup_MK60D10.o [1]
  .text              ro code  0x00038368      0x4  startup_MK60D10.o [1]
  .text              ro code  0x0003836c      0x4  startup_MK60D10.o [1]
  .text              ro code  0x00038370      0x4  startup_MK60D10.o [1]
  .text              ro code  0x00038374      0x4  startup_MK60D10.o [1]
  .text              ro code  0x00038378      0x4  startup_MK60D10.o [1]
  .text              ro code  0x0003837c      0x4  startup_MK60D10.o [1]
  .text              ro code  0x00038380      0x4  startup_MK60D10.o [1]
  .text              ro code  0x00038384      0x4  startup_MK60D10.o [1]
  .text              ro code  0x00038388      0x4  startup_MK60D10.o [1]
  .text              ro code  0x0003838c      0x4  startup_MK60D10.o [1]
  .text              ro code  0x00038390      0x4  startup_MK60D10.o [1]
  .text              ro code  0x00038394      0x4  startup_MK60D10.o [1]
  .text              ro code  0x00038398      0x4  startup_MK60D10.o [1]
  .text              ro code  0x0003839c      0x4  startup_MK60D10.o [1]
  .text              ro code  0x000383a0      0x4  startup_MK60D10.o [1]
  .text              ro code  0x000383a4      0x4  startup_MK60D10.o [1]
  .text              ro code  0x000383a8      0x4  startup_MK60D10.o [1]
  .text              ro code  0x000383ac      0x4  startup_MK60D10.o [1]
  .text              ro code  0x000383b0      0x4  startup_MK60D10.o [1]
  .text              ro code  0x000383b4      0x4  startup_MK60D10.o [1]
  .text              ro code  0x000383b8      0x4  startup_MK60D10.o [1]
  .text              ro code  0x000383bc      0x4  startup_MK60D10.o [1]
  .text              ro code  0x000383c0      0x4  startup_MK60D10.o [1]
  .text              ro code  0x000383c4      0x4  startup_MK60D10.o [1]
  .text              ro code  0x000383c8      0x4  startup_MK60D10.o [1]
  .text              ro code  0x000383cc      0x4  startup_MK60D10.o [1]
  .text              ro code  0x000383d0      0x4  startup_MK60D10.o [1]
  .text              ro code  0x000383d4      0x4  startup_MK60D10.o [1]
  .text              ro code  0x000383d8      0x4  startup_MK60D10.o [1]
  .text              ro code  0x000383dc      0x4  startup_MK60D10.o [1]
  .text              ro code  0x000383e0      0x4  startup_MK60D10.o [1]
  .text              ro code  0x000383e4      0x4  startup_MK60D10.o [1]
  .text              ro code  0x000383e8      0x4  startup_MK60D10.o [1]
  .text              ro code  0x000383ec      0x4  startup_MK60D10.o [1]
  .text              ro code  0x000383f0      0x4  startup_MK60D10.o [1]
  .text              ro code  0x000383f4      0x4  startup_MK60D10.o [1]
  .text              ro code  0x000383f8      0x4  startup_MK60D10.o [1]
  .text              ro code  0x000383fc      0x4  startup_MK60D10.o [1]
  .text              ro code  0x00038400      0x4  startup_MK60D10.o [1]
  .text              ro code  0x00038404      0x4  startup_MK60D10.o [1]
  .text              ro code  0x00038408      0x4  startup_MK60D10.o [1]
  .text              ro code  0x0003840c      0x4  startup_MK60D10.o [1]
  .text              ro code  0x00038410      0x4  startup_MK60D10.o [1]
  .text              ro code  0x00038414      0x4  startup_MK60D10.o [1]
  .text              ro code  0x00038418      0x4  startup_MK60D10.o [1]
  .text              ro code  0x0003841c      0x4  startup_MK60D10.o [1]
  .text              ro code  0x00038420      0x4  startup_MK60D10.o [1]
  .text              ro code  0x00038424      0x4  startup_MK60D10.o [1]
  .text              ro code  0x00038428      0x4  startup_MK60D10.o [1]
  .text              ro code  0x0003842c      0x4  startup_MK60D10.o [1]
  .text              ro code  0x00038430      0x4  startup_MK60D10.o [1]
  .text              ro code  0x00038434      0x4  startup_MK60D10.o [1]
  .text              ro code  0x00038438      0x4  startup_MK60D10.o [1]
  .text              ro code  0x0003843c      0x4  startup_MK60D10.o [1]
  .text              ro code  0x00038440      0x4  startup_MK60D10.o [1]
  .text              ro code  0x00038444      0x4  startup_MK60D10.o [1]
  .text              ro code  0x00038448      0x4  startup_MK60D10.o [1]
  .text              ro code  0x0003844c      0x4  startup_MK60D10.o [1]
  .text              ro code  0x00038450      0x4  startup_MK60D10.o [1]
  .text              ro code  0x00038454      0x4  startup_MK60D10.o [1]
  .text              ro code  0x00038458      0x4  startup_MK60D10.o [1]
  .text              ro code  0x0003845c      0x4  startup_MK60D10.o [1]
  .text              ro code  0x00038460      0x4  startup_MK60D10.o [1]
  .rodata            const    0x00038464      0x2  os_dbg.o [1]
  .rodata            const    0x00038466      0x2  os_dbg.o [1]
  .rodata            const    0x00038468      0x2  os_dbg.o [1]
  .rodata            const    0x0003846a      0x2  os_dbg.o [1]
  .rodata            const    0x0003846c      0x2  os_dbg.o [1]
  .rodata            const    0x0003846e      0x2  os_dbg.o [1]
  .rodata            const    0x00038470      0x2  os_dbg.o [1]
  .rodata            const    0x00038472      0x2  os_dbg.o [1]
  .rodata            const    0x00038474      0x2  os_dbg.o [1]
  .rodata            const    0x00038476      0x2  os_dbg.o [1]
  .rodata            const    0x00038478      0x2  os_dbg.o [1]
  .rodata            const    0x0003847a      0x2  os_dbg.o [1]
  .rodata            const    0x0003847c      0x2  os_dbg.o [1]
  .rodata            const    0x0003847e      0x2  os_dbg.o [1]
  .rodata            const    0x00038480      0x2  os_dbg.o [1]
  .rodata            const    0x00038482      0x2  os_dbg.o [1]
  .rodata            const    0x00038484      0x2  os_dbg.o [1]
  .rodata            const    0x00038486      0x2  os_dbg.o [1]
  .rodata            const    0x00038488      0x2  os_dbg.o [1]
  .rodata            const    0x0003848a      0x2  os_dbg.o [1]
  .rodata            const    0x0003848c      0x2  os_dbg.o [1]
  .rodata            const    0x0003848e      0x2  os_dbg.o [1]
  .rodata            const    0x00038490      0x2  os_dbg.o [1]
  .rodata            const    0x00038492      0x2  os_dbg.o [1]
  .rodata            const    0x00038494      0x2  os_dbg.o [1]
  .rodata            const    0x00038496      0x2  os_dbg.o [1]
  .rodata            const    0x00038498      0x2  os_dbg.o [1]
  .rodata            const    0x0003849a      0x2  os_dbg.o [1]
  .rodata            const    0x0003849c      0x2  os_dbg.o [1]
  .rodata            const    0x0003849e      0x2  os_dbg.o [1]
  .rodata            const    0x000384a0      0x2  os_dbg.o [1]
  .rodata            const    0x000384a2      0x2  os_dbg.o [1]
  .rodata            const    0x000384a4      0x2  os_dbg.o [1]
  .rodata            const    0x000384a6      0x2  os_dbg.o [1]
  .rodata            const    0x000384a8      0x2  os_dbg.o [1]
  .rodata            const    0x000384aa      0x2  os_dbg.o [1]
  .rodata            const    0x000384ac      0x2  os_dbg.o [1]
  .rodata            const    0x000384ae      0x2  os_dbg.o [1]
  .rodata            const    0x000384b0      0x2  usb_lib.o [1]
  .rodata            const    0x000384b2      0x2  usb_lib.o [1]
  .rodata            const    0x000384b4      0x2  usb_lib.o [1]
  .rodata            const    0x000384b6      0x2  usb_lib.o [1]
  .rodata            const    0x000384b8      0x2  usb_lib.o [1]
  .rodata            const    0x000384ba      0x2  usb_lib.o [1]
  .rodata            const    0x000384bc      0x1  at24cxx.o [1]
  .rodata            const    0x000384bd      0x1  usb_lib.o [1]
  .rodata            const    0x000384be      0x1  usb_lib.o [1]
  .rodata            const    0x000384bf      0x1  usb_lib.o [1]
  .rodata            const    0x000384c0      0x1  usb_lib.o [1]
  .rodata            const    0x000384c1      0x1  usb_lib.o [1]
  .rodata            const    0x000384c2      0x1  usb_lib.o [1]
  .rodata            const    0x000384c3      0x1  usb_lib.o [1]
  .rodata            const    0x000384c4      0x1  usb_lib.o [1]
  .rodata            const    0x000384c5      0x1  usb_lib.o [1]
  .rodata            const    0x000384c6      0x1  usb_lib.o [1]
  .rodata            const    0x000384c7      0x1  usb_lib.o [1]
  .rodata            const    0x000384c8      0x1  usb_lib.o [1]
  .rodata            const    0x000384c9      0x1  usb_lib.o [1]
  .rodata            const    0x000384ca      0x1  usb_lib.o [1]
  .rodata            const    0x000384cb      0x1  usb_lib.o [1]
  .rodata            const    0x000384cc      0x1  usb_lib.o [1]
  .rodata            const    0x000384cd      0x1  usb_lib.o [1]
  .rodata            const    0x000384ce      0x1  usb_lib.o [1]
  .text              ro code  0x000384d0      0x0  cstart_closeall.o [4]
  .rodata            const    0x000384d0      0x0  zero_init3.o [4]
  .rodata            const    0x000384d0      0x0  copy_init3.o [4]
  Initializer bytes  ro data  0x000384d0     0x48  <for P3 s0>
                            - 0x00038518  0x38108

"P3":                                     0x12e28
  P3 s0                       0x1fff0000     0x48  <Init block>
    .data            inited   0x1fff0000     0x18  Module_Can.o [1]
    .data            inited   0x1fff0018     0x14  Module_malloc.o [1]
    .data            inited   0x1fff002c      0x8  XShttio.o [3]
    .data            inited   0x1fff0034      0x4  Module_Init.o [1]
    .data            inited   0x1fff0038      0x4  system_MK60D10.o [1]
    .data            inited   0x1fff003c      0x4  usb_lib.o [1]
    .data            inited   0x1fff0040      0x4  usbd_kk.o [1]
    .data            inited   0x1fff0044      0x2  uart.o [1]
    .data            inited   0x1fff0046      0x1  uart.o [1]
  .bss               zero     0x1fff0048   0xa800  Module_malloc.o [1]
  .bss               zero     0x1fffa848   0x4000  Module_USB.o [1]
  .bss               zero     0x1fffe848    0xa80  Module_malloc.o [1]
  .bss               zero     0x1ffff2c8    0x790  os_core.o [1]
  .bss               zero     0x1ffffa58    0x600  Module_Init.o [1]
  .bss               zero     0x20000058    0x500  usbd_kk.o [1]
  .bss               zero     0x20000558    0x280  os_core.o [1]
  .bss               zero     0x200007d8    0x200  ff.o [1]
  .bss               zero     0x200009d8    0x200  main.o [1]
  .bss               zero     0x20000bd8    0x200  main.o [1]
  .bss               zero     0x20000dd8    0x200  main.o [1]
  .bss               zero     0x20000fd8    0x200  main.o [1]
  .bss               zero     0x200011d8    0x200  main.o [1]
  .bss               zero     0x200013d8    0x200  main.o [1]
  .bss               zero     0x200015d8    0x200  os_core.o [1]
  .bss               zero     0x200017d8    0x200  os_core.o [1]
  .bss               zero     0x200019d8    0x200  os_core.o [1]
  .bss               zero     0x20001bd8    0x200  os_cpu_c.o [1]
  .bss               zero     0x20001dd8    0x16c  Module_Init.o [1]
  .bss               zero     0x20001f44    0x100  os_core.o [1]
  .bss               zero     0x20002044     0xf0  os_core.o [1]
  .bss               zero     0x20002134     0xc8  Module_Protocol.o [1]
  .bss               zero     0x20002200     0xa0  usbd_kk.o [1]
  .bss               zero     0x200022a0     0x80  usb_lib.o [1]
  .bss               zero     0x20002320     0x80  usb_lib.o [1]
  .bss               zero     0x200023a0     0x78  Module_Protocol.o [1]
  .bss               zero     0x20002418     0x78  os_core.o [1]
  .bss               zero     0x20002490     0x60  os_core.o [1]
  .bss               zero     0x200024f0     0x54  xxwritebuffered.o [3]
  .bss               zero     0x20002544     0x50  os_core.o [1]
  .bss               zero     0x20002594     0x44  usb_lib.o [1]
  .bss               zero     0x200025d8     0x44  usb_lib.o [1]
  .bss               zero     0x2000261c     0x40  dma.o [1]
  .bss               zero     0x2000265c     0x40  os_core.o [1]
  .bss               zero     0x2000269c     0x40  usb_lib.o [1]
  .bss               zero     0x200026dc     0x34  Module_Can.o [1]
  .bss               zero     0x20002710     0x34  sd.o [1]
  .bss               zero     0x20002744     0x20  test.o [1]
  .bss               zero     0x20002764     0x20  usb_lib.o [1]
  .bss               zero     0x20002784     0x20  usbd_msc.o [1]
  .bss               zero     0x200027a4     0x18  Module_Updata.o [1]
  .bss               zero     0x200027bc     0x18  uart.o [1]
  .bss               zero     0x200027d4     0x18  uart.o [1]
  .bss               zero     0x200027ec     0x14  gpio.o [1]
  .bss               zero     0x20002800     0x14  Module_Updata.o [1]
  .bss               zero     0x20002814     0x14  uart.o [1]
  .bss               zero     0x20002828     0x10  pit.o [1]
  .bss               zero     0x20002838     0x10  usbd_msc.o [1]
  .bss               zero     0x20002848      0xc  i2c.o [1]
  .bss               zero     0x20002854      0xc  Module_Can.o [1]
  .bss               zero     0x20002860      0xc  Module_Can.o [1]
  .bss               zero     0x2000286c      0xc  Module_Init.o [1]
  .bss               zero     0x20002878      0xc  Module_Protocol.o [1]
  .bss               zero     0x20002884      0xc  Module_Protocol.o [1]
  .bss               zero     0x20002890      0xc  spi.o [1]
  .bss               zero     0x2000289c      0x8  can.o [1]
  .bss               zero     0x200028a4      0x8  ff.o [1]
  .bss               zero     0x200028ac      0x8  Module_Init.o [1]
  .bss               zero     0x200028b4      0x8  Module_Init.o [1]
  .bss               zero     0x200028bc      0x8  os_core.o [1]
  .bss               zero     0x200028c4      0x8  usbd_cdc_acm.o [1]
  .bss               zero     0x200028cc      0x8  usbd_core.o [1]
  .bss               zero     0x200028d4      0x8  usbd_core.o [1]
  .bss               zero     0x200028dc      0x8  usbd_kk.o [1]
  .bss               zero     0x200028e4      0x4  at24cxx.o [1]
  .bss               zero     0x200028e8      0x4  enet.o [1]
  .bss               zero     0x200028ec      0x4  enet.o [1]
  .bss               zero     0x200028f0      0x4  Module_Can.o [1]
  .bss               zero     0x200028f4      0x4  os_core.o [1]
  .bss               zero     0x200028f8      0x4  os_core.o [1]
  .bss               zero     0x200028fc      0x4  os_core.o [1]
  .bss               zero     0x20002900      0x4  os_core.o [1]
  .bss               zero     0x20002904      0x4  os_core.o [1]
  .bss               zero     0x20002908      0x4  os_core.o [1]
  .bss               zero     0x2000290c      0x4  os_core.o [1]
  .bss               zero     0x20002910      0x4  os_core.o [1]
  .bss               zero     0x20002914      0x4  os_core.o [1]
  .bss               zero     0x20002918      0x4  os_core.o [1]
  .bss               zero     0x2000291c      0x4  os_core.o [1]
  .bss               zero     0x20002920      0x4  os_core.o [1]
  .bss               zero     0x20002924      0x4  os_core.o [1]
  .bss               zero     0x20002928      0x4  os_core.o [1]
  .bss               zero     0x2000292c      0x4  os_core.o [1]
  .bss               zero     0x20002930      0x4  os_core.o [1]
  .bss               zero     0x20002934      0x4  os_core.o [1]
  .bss               zero     0x20002938      0x4  os_cpu_c.o [1]
  .bss               zero     0x2000293c      0x4  pit.o [1]
  .bss               zero     0x20002940      0x4  rtc.o [1]
  .bss               zero     0x20002944      0x4  systick.o [1]
  .bss               zero     0x20002948      0x4  systick.o [1]
  .bss               zero     0x2000294c      0x4  test.o [1]
  .bss               zero     0x20002950      0x4  usb_lib.o [1]
  .bss               zero     0x20002954      0x4  usbd_cdc_acm.o [1]
  .bss               zero     0x20002958      0x4  usbd_cdc_acm.o [1]
  .bss               zero     0x2000295c      0x4  usbd_cdc_acm.o [1]
  .bss               zero     0x20002960      0x4  usbd_cdc_acm.o [1]
  .bss               zero     0x20002964      0x4  usbd_cdc_acm.o [1]
  .bss               zero     0x20002968      0x4  usbd_cdc_acm.o [1]
  .bss               zero     0x2000296c      0x4  usbd_cdc_acm.o [1]
  .bss               zero     0x20002970      0x4  usbd_cdc_acm.o [1]
  .bss               zero     0x20002974      0x4  usbd_cdc_acm.o [1]
  .bss               zero     0x20002978      0x4  usbd_cdc_acm.o [1]
  .bss               zero     0x2000297c      0x4  usbd_cdc_acm.o [1]
  .bss               zero     0x20002980      0x4  usbd_cdc_acm.o [1]
  .bss               zero     0x20002984      0x4  usbd_cdc_acm.o [1]
  .bss               zero     0x20002988      0x4  usbd_core.o [1]
  .bss               zero     0x2000298c      0x4  usbd_core.o [1]
  .bss               zero     0x20002990      0x4  usbd_core.o [1]
  .bss               zero     0x20002994      0x4  usbd_hid.o [1]
  .bss               zero     0x20002998      0x4  usbd_hid.o [1]
  .bss               zero     0x2000299c      0x4  usbd_hid.o [1]
  .bss               zero     0x200029a0      0x4  usbd_hid.o [1]
  .bss               zero     0x200029a4      0x4  usbd_hid.o [1]
  .bss               zero     0x200029a8      0x4  usbd_hid.o [1]
  .bss               zero     0x200029ac      0x4  usbd_msc.o [1]
  .bss               zero     0x200029b0      0x4  usbd_msc.o [1]
  .bss               zero     0x200029b4      0x4  usbd_msc.o [1]
  .bss               zero     0x200029b8      0x4  usbd_msc.o [1]
  .bss               zero     0x200029bc      0x4  usbd_msc.o [1]
  .bss               zero     0x200029c0      0x4  usbd_msc.o [1]
  .bss               zero     0x200029c4      0x4  usbd_msc.o [1]
  .bss               zero     0x200029c8      0x4  usbd_msc.o [1]
  .bss               zero     0x200029cc      0x4  usbd_msc.o [1]
  .bss               zero     0x200029d0      0x4  usbd_msc.o [1]
  .bss               zero     0x200029d4      0x4  usbd_msc.o [1]
  .bss               zero     0x200029d8      0x4  usbd_msc.o [1]
  .bss               zero     0x200029dc      0x4  usbd_msc.o [1]
  .bss               zero     0x200029e0      0x4  wdog.o [1]
  .bss               zero     0x200029e4      0x2  ff.o [1]
  .bss               zero     0x200029e6      0x2  Module_Init.o [1]
  .bss               zero     0x200029e8      0x2  Module_Init.o [1]
  .bss               zero     0x200029ea      0x2  Module_Init.o [1]
  .bss               zero     0x200029ec      0x2  Module_Protocol.o [1]
  .bss               zero     0x200029ee      0x2  Module_Protocol.o [1]
  .bss               zero     0x200029f0      0x2  Module_Protocol.o [1]
  .bss               zero     0x200029f2      0x2  os_core.o [1]
  .bss               zero     0x200029f4      0x2  os_core.o [1]
  .bss               zero     0x200029f6      0x2  os_cpu_c.o [1]
  .bss               zero     0x200029f8      0x2  usb_lib.o [1]
  .bss               zero     0x200029fa      0x2  usb_lib.o [1]
  .bss               zero     0x200029fc      0x2  usbd_cdc_acm.o [1]
  .bss               zero     0x200029fe      0x2  usbd_core.o [1]
  .bss               zero     0x20002a00      0x2  usbd_hid.o [1]
  .bss               zero     0x20002a02      0x2  usbd_hid.o [1]
  .bss               zero     0x20002a04      0x2  usbd_hid.o [1]
  .bss               zero     0x20002a06      0x2  usbd_hid.o [1]
  .bss               zero     0x20002a08      0x1  Module_Init.o [1]
  .bss               zero     0x20002a09      0x1  Module_Init.o [1]
  .bss               zero     0x20002a0a      0x1  Module_Init.o [1]
  .bss               zero     0x20002a0b      0x1  Module_Init.o [1]
  .bss               zero     0x20002a0c      0x1  os_core.o [1]
  .bss               zero     0x20002a0d      0x1  os_core.o [1]
  .bss               zero     0x20002a0e      0x1  os_core.o [1]
  .bss               zero     0x20002a0f      0x1  os_core.o [1]
  .bss               zero     0x20002a10      0x1  os_core.o [1]
  .bss               zero     0x20002a11      0x1  os_core.o [1]
  .bss               zero     0x20002a12      0x1  os_core.o [1]
  .bss               zero     0x20002a13      0x1  os_core.o [1]
  .bss               zero     0x20002a14      0x1  os_core.o [1]
  .bss               zero     0x20002a15      0x1  os_core.o [1]
  .bss               zero     0x20002a16      0x1  uart.o [1]
  .bss               zero     0x20002a17      0x1  usb_lib.o [1]
  .bss               zero     0x20002a18      0x1  usb_lib.o [1]
  .bss               zero     0x20002a19      0x1  usb_lib.o [1]
  .bss               zero     0x20002a1a      0x1  usbd_core.o [1]
  .bss               zero     0x20002a1b      0x1  usbd_core.o [1]
  .bss               zero     0x20002a1c      0x1  usbd_core.o [1]
  .bss               zero     0x20002a1d      0x1  usbd_core.o [1]
  .bss               zero     0x20002a1e      0x1  usbd_core.o [1]
  .bss               zero     0x20002a1f      0x1  usbd_hid.o [1]
  .bss               zero     0x20002a20      0x1  usbd_hid.o [1]
  .bss               zero     0x20002a21      0x1  usbd_msc.o [1]
  CSTACK                      0x20002a28    0x400  <Block>
    CSTACK           uninit   0x20002a28    0x400  <Block tail>
                            - 0x20002e28  0x12e28


*******************************************************************************
*** INIT TABLE
***

          Address     Size
          -------     ----
Zero (__iar_zero_init3)
    1 destination range, total size 0x129da:
          0x1fff0048  0x129da

Copy (__iar_copy_init3)
    1 source range, total size 0x48 (101% of destination):
          0x000384d0     0x48
    1 destination range, total size 0x47:
          0x1fff0000     0x47



*******************************************************************************
*** MODULE SUMMARY
***

    Module                 ro code  ro data  rw data
    ------                 -------  -------  -------
E:\work\GitHub\Template_For_uCOS-II\output\Debug\Obj: [1]
    Module_BSP.o               568       28
    Module_Can.o             1 744       60      104
    Module_ISR.o               156       12
    Module_Init.o              244       32    1 942
    Module_Protocol.o        3 196               350
    Module_Queue.o             134
    Module_USB.o               168            16 384
    Module_Updata.o             92                44
    Module_malloc.o            416       32   45 716
    at24cxx.o                  184        1        4
    can.o                    1 484       34        8
    cc936.o                    196  175 304
    common.o                   260
    crc.o                       50
    diskio.o                   232
    dma.o                    1 160       20       64
    enet.o                      76                 8
    ff.o                     9 208       36      522
    flash.o                     40
    gpio.o                   1 022       60       20
    i2c.o                    1 532                12
    main.o                     532       80    3 072
    os_core.o                2 748      288    5 058
    os_cpu_a_iar.o             172
    os_cpu_c.o                 248               518
    os_dbg.o                   460      112
    os_flag.o                  150
    os_mem.o                    96
    os_q.o                      88
    os_sem.o                   440
    os_task.o                1 428
    os_time.o                  288
    os_tmr.o                   664       56
    pit.o                      384        4       20
    rtc.o                      812       60        4
    sd.o                     2 004       12       52
    spi.o                       86       12       12
    startup_MK60D10.o        1 336
    system_MK60D10.o           504        4        4
    systick.o                  156                 8
    test.o                     748      240       36
    uart.o                   2 496      159       72
    usb_lib.o                   46      502      503
    usbd_cdc_acm.o           1 234                62
    usbd_core.o              2 916                35
    usbd_core_cdc.o            368
    usbd_core_hid.o            444
    usbd_core_msc.o            132
    usbd_hid.o               1 428                34
    usbd_kk.o                1 996        4    1 452
    usbd_msc.o               4 106               101
    wdog.o                      80                 4
    ------------------------------------------------
    Total:                  50 752  177 152   76 225

command line: [2]
    ------------------------------------------------
    Total:

dl7M_tln.a: [3]
    XShttio.o                    8        8        8
    exit.o                       4
    low_level_init.o             4
    printf.o                    36
    putchar.o                   40
    strcat.o                    28
    xcloseall.o                 12
    xprintfsmall_nomb.o      1 240
    xprout.o                    22
    xxwritebuffered.o          192                84
    ------------------------------------------------
    Total:                   1 586        8       92

rt7M_tl.a: [4]
    ABImemclr4.o                 6
    ABImemcpy_unaligned.o      118
    ABImemset.o                102
    ABImemset48.o               50
    I64DivMod.o                306
    I64DivZer.o                  2
    cexit.o                     14
    cmain.o                     26
    copy_init3.o                46
    cstart_closeall.o
    cstartup_M.o                12
    data_init.o                 40
    memchr.o                    88
    strchr.o                    22
    strlen.o                    54
    zero_init3.o                34
    ------------------------------------------------
    Total:                     920

shb_l.a: [5]
    dwrite.o                    30
    exit.o                      20
    iarttio.o                  108
    iarwrite.o                  34
    iarwstd.o                   32
    ------------------------------------------------
    Total:                     224

    Gaps                         1                 4
    Linker created                       37    1 024
----------------------------------------------------
    Grand Total:            53 483  177 197   77 345


*******************************************************************************
*** ENTRY LIST
***

Entry                      Address     Size  Type      Object
-----                      -------     ----  ----      ------
?main                   0x0003802d           Code  Gb  cmain.o [4]
BD                      0x20002200     0xa0  Data  Gb  usbd_kk.o [1]
Block                   0x200029d0      0x4  Data  Gb  usbd_msc.o [1]
BlockBuf                0x1fffa848   0x4000  Data  Gb  Module_USB.o [1]
Bms_01_Voltage          0x00031a2d     0xe8  Code  Lc  Module_Protocol.o [1]
Bms_02_Currents         0x00031b15     0x3a  Code  Lc  Module_Protocol.o [1]
Bms_03_SOC              0x00031b4f     0x3a  Code  Lc  Module_Protocol.o [1]
Bms_04_Capacity         0x00031b89     0x3a  Code  Lc  Module_Protocol.o [1]
Bms_05_Temperature      0x00031bc3    0x10e  Code  Lc  Module_Protocol.o [1]
Bms_06_Warning          0x00031cd1    0x232  Code  Lc  Module_Protocol.o [1]
BulkLen                 0x200029dc      0x4  Data  Gb  usbd_msc.o [1]
BulkStage               0x20002a21      0x1  Data  Gb  usbd_msc.o [1]
CAN0_ORed_Message_buffer_IRQHandler
                        0x00033c1d      0xa  Code  Gb  can.o [1]
CAN1_ORed_Message_buffer_IRQHandler
                        0x00033c27      0xa  Code  Gb  can.o [1]
CANBase                 0x000382b4      0x8  Data  Gb  can.o [1]
CAN_CallBackTable       0x2000289c      0x8  Data  Lc  can.o [1]
CAN_CallbackInstall     0x00033a5f      0xe  Code  Gb  can.o [1]
CAN_IRQHandler          0x00033beb     0x18  Code  Gb  can.o [1]
CAN_IRQnTable           0x000305ea      0x2  Data  Lc  can.o [1]
CAN_ISR                 0x00032081     0x6c  Code  Gb  Module_Can.o [1]
CAN_ITDMAConfig         0x00033a6d     0x8c  Code  Gb  can.o [1]
CAN_Init                0x00033833     0xea  Code  Gb  can.o [1]
CAN_QuickInit           0x0003391d     0x52  Code  Gb  can.o [1]
CAN_ReadData            0x00033af9     0xf2  Code  Gb  can.o [1]
CAN_SetBaudrate         0x0003367b     0xd6  Code  Lc  can.o [1]
CAN_SetRxMB             0x000337d7     0x5c  Code  Gb  can.o [1]
CAN_WriteData           0x0003396f     0xf0  Code  Gb  can.o [1]
CSTACK$$Base            0x20002a28            --   Gb  - Linker created -
CSTACK$$Limit           0x20002e28            --   Gb  - Linker created -
Can1_Buf                0x200028b4      0x8  Data  Gb  Module_Init.o [1]
Can1_Rev_Flag           0x20002a09      0x1  Data  Gb  Module_Init.o [1]
CheckPack_Bms           0x00031f03    0x13a  Code  Gb  Module_Protocol.o [1]
CheckPack_Ding_Chong    0x0003175d    0x2d0  Code  Gb  Module_Protocol.o [1]
CheckPack_True_win      0x000314a5    0x2b8  Code  Gb  Module_Protocol.o [1]
ClkTbl                  0x00038080     0x18  Data  Lc  can.o [1]
ClkTbl                  0x00038284      0xc  Data  Lc  sd.o [1]
ClkTbl                  0x00037e60     0x48  Data  Lc  uart.o [1]
DMA0_IRQHandler         0x00034291      0xa  Code  Gb  dma.o [1]
DMA10_IRQHandler        0x000342f5      0xa  Code  Gb  dma.o [1]
DMA11_IRQHandler        0x000342ff      0xa  Code  Gb  dma.o [1]
DMA12_IRQHandler        0x00034309      0xa  Code  Gb  dma.o [1]
DMA13_IRQHandler        0x00034313      0xa  Code  Gb  dma.o [1]
DMA14_IRQHandler        0x0003431d      0xa  Code  Gb  dma.o [1]
DMA15_IRQHandler        0x00034327      0xa  Code  Gb  dma.o [1]
DMA1_IRQHandler         0x0003429b      0xa  Code  Gb  dma.o [1]
DMA2UARTChlTable        0x20002814     0x14  Data  Lc  uart.o [1]
DMA2_IRQHandler         0x000342a5      0xa  Code  Gb  dma.o [1]
DMA3_IRQHandler         0x000342af      0xa  Code  Gb  dma.o [1]
DMA4_IRQHandler         0x000342b9      0xa  Code  Gb  dma.o [1]
DMA5_IRQHandler         0x000342c3      0xa  Code  Gb  dma.o [1]
DMA6_IRQHandler         0x000342cd      0xa  Code  Gb  dma.o [1]
DMA7_IRQHandler         0x000342d7      0xa  Code  Gb  dma.o [1]
DMA8_IRQHandler         0x000342e1      0xa  Code  Gb  dma.o [1]
DMA9_IRQHandler         0x000342eb      0xa  Code  Gb  dma.o [1]
DMAMUX_InstanceTable    0x00038304      0x4  Data  Lc  dma.o [1]
DMA_CallBackTable       0x2000261c     0x40  Data  Lc  dma.o [1]
DMA_CallbackInstall     0x0003422f     0x10  Code  Gb  dma.o [1]
DMA_EnableAutoDisableRequest
                        0x0003411d     0x4c  Code  Gb  dma.o [1]
DMA_EnableRequest       0x00034113      0xa  Code  Gb  dma.o [1]
DMA_IRQHandler          0x00034249     0x20  Code  Lc  dma.o [1]
DMA_IRQnTable           0x000381a8     0x10  Data  Lc  dma.o [1]
DMA_ISR                 0x00037bcf     0x34  Code  Gb  Module_ISR.o [1]
DMA_ITConfig            0x00034169     0xc6  Code  Gb  dma.o [1]
DMA_Init                0x00033ebf    0x20e  Code  Gb  dma.o [1]
DMA_SetMajorLoopCounter
                        0x000340cd     0x46  Code  Gb  dma.o [1]
DMA_SetSourceAddress    0x0003423f      0xa  Code  Gb  dma.o [1]
DMA_UartRxd             0x00033397     0x86  Code  Gb  uart.o [1]
DWT_DelayInit           0x0002df25     0x1a  Code  Gb  common.o [1]
DWT_DelayMs             0x0002df99     0x12  Code  Gb  common.o [1]
DWT_DelayUs             0x0002df3f     0x3e  Code  Gb  common.o [1]
Data1                   0x1fff0040      0x4  Data  Gb  usbd_kk.o [1]
DataFeatReceLen         0x20002a06      0x2  Data  Gb  usbd_hid.o [1]
DataInReceLen           0x20002a04      0x2  Data  Gb  usbd_hid.o [1]
DataOutAsyncReq         0x20002994      0x4  Data  Gb  usbd_hid.o [1]
DataOutEndWithShortPacket
                        0x200029a0      0x4  Data  Gb  usbd_hid.o [1]
DataOutSentLen          0x20002a02      0x2  Data  Gb  usbd_hid.o [1]
DataOutToSendLen        0x20002a00      0x2  Data  Gb  usbd_hid.o [1]
DataOutUpdateReqMask    0x20002998      0x4  Data  Gb  usbd_hid.o [1]
DelayInit               0x0002dfab      0x8  Code  Wk  common.o [1]
DelayUs                 0x0002dfb3      0xc  Code  Wk  common.o [1]
ENET_CallBackRxTable    0x200028ec      0x4  Data  Lc  enet.o [1]
ENET_CallBackTxTable    0x200028e8      0x4  Data  Lc  enet.o [1]
ENET_Receive_IRQHandler
                        0x00037e33     0x1e  Code  Gb  enet.o [1]
ENET_Transmit_IRQHandler
                        0x00037e15     0x1e  Code  Gb  enet.o [1]
EPBuf                   0x20000058    0x500  Data  Gb  usbd_kk.o [1]
FLASH_Init              0x00033591      0x8  Code  Gb  flash.o [1]
FatFs                   0x200028a4      0x8  Data  Lc  ff.o [1]
Flash_Read_Inside       0x0003359d     0x1c  Code  Gb  flash.o [1]
Fsid                    0x200029e4      0x2  Data  Lc  ff.o [1]
GPIO_CallBackTable      0x200027ec     0x14  Data  Lc  gpio.o [1]
GPIO_Init               0x0002dc7f     0xe4  Code  Gb  gpio.o [1]
GPIO_InstanceTable      0x000380e0     0x14  Data  Lc  gpio.o [1]
GPIO_PinConfig          0x0002dc27     0x58  Code  Gb  gpio.o [1]
GPIO_QuickInit          0x0002dd63     0x20  Code  Gb  gpio.o [1]
GPIO_ReadBit            0x0002ddcd     0x2e  Code  Gb  gpio.o [1]
GPIO_ToggleBit          0x0002ddfb     0x18  Code  Gb  gpio.o [1]
GPIO_WriteBit           0x0002dd83     0x4a  Code  Gb  gpio.o [1]
GetClock                0x0002debd     0x68  Code  Gb  common.o [1]
I2C_Ack                 0x000345b7     0x66  Code  Lc  i2c.o [1]
I2C_BurstRead           0x00034879     0x90  Code  Gb  i2c.o [1]
I2C_BurstWrite          0x00034803     0x76  Code  Gb  i2c.o [1]
I2C_GetByte             0x0003477f     0x84  Code  Lc  i2c.o [1]
I2C_NAck                0x0003461d     0x6c  Code  Lc  i2c.o [1]
I2C_Probe               0x00034909     0x28  Code  Gb  i2c.o [1]
I2C_QuickInit           0x00034339    0x192  Code  Gb  i2c.o [1]
I2C_SendByte            0x0003470b     0x74  Code  Lc  i2c.o [1]
I2C_Start               0x000344e1     0x76  Code  Lc  i2c.o [1]
I2C_Stop                0x00034557     0x60  Code  Lc  i2c.o [1]
I2C_WaitAck             0x00034689     0x82  Code  Lc  i2c.o [1]
InitUpdataParam         0x00036f81     0x4e  Code  Gb  Module_Updata.o [1]
Init_Timer_Cnt          0x000371f9     0xf4  Code  Gb  Module_Init.o [1]
LY                      0x00038208     0x10  Data  Lc  rtc.o [1]
Length                  0x200029d8      0x4  Data  Gb  usbd_msc.o [1]
LfnBuf                  0x200007d8    0x200  Data  Lc  ff.o [1]
LfnOfs                  0x000381b8     0x10  Data  Lc  ff.o [1]
LoadInt                 0x00034cbd     0x4c  Code  Lc  xprintfsmall_nomb.o [3]
MONTH_DAYS              0x00037fd8     0x1c  Data  Lc  rtc.o [1]
MemOK                   0x200029cc      0x4  Data  Gb  usbd_msc.o [1]
NMI_Handler             0x0002dfbf      0x2  Code  Gb  common.o [1]
NVIC_EnableIRQ          0x00033665     0x16  Code  Lc  can.o [1]
NVIC_EnableIRQ          0x00033ea9     0x16  Code  Lc  dma.o [1]
NVIC_EnableIRQ          0x00037079     0x14  Code  Lc  pit.o [1]
NVIC_EnableIRQ          0x00032785     0x16  Code  Lc  rtc.o [1]
NVIC_EnableIRQ          0x00032b19     0x16  Code  Lc  uart.o [1]
NVIC_EnableIRQ          0x0002f1e5     0x16  Code  Lc  usbd_kk.o [1]
OSCPUUsage              0x20002a0c      0x1  Data  Gb  os_core.o [1]
OSCtxSw                 0x000335eb           Code  Gb  os_cpu_a_iar.o [1]
OSCtxSwCtr              0x200028f4      0x4  Data  Gb  os_core.o [1]
OSDataSize              0x000384ae      0x2  Data  Gb  os_dbg.o [1]
OSDebugEn               0x00031402      0x2  Data  Gb  os_dbg.o [1]
OSDebugInit             0x00035e89    0x1cc  Code  Gb  os_dbg.o [1]
OSEndiannessTest        0x00038314      0x4  Data  Gb  os_dbg.o [1]
OSEventEn               0x00032782      0x2  Data  Gb  os_dbg.o [1]
OSEventFreeList         0x200028f8      0x4  Data  Gb  os_core.o [1]
OSEventMax              0x00032b16      0x2  Data  Gb  os_dbg.o [1]
OSEventMultiEn          0x000358fe      0x2  Data  Gb  os_dbg.o [1]
OSEventNameEn           0x00033ea6      0x2  Data  Gb  os_dbg.o [1]
OSEventNameSet          0x00034e0d     0x50  Code  Gb  os_core.o [1]
OSEventSize             0x00034336      0x2  Data  Gb  os_dbg.o [1]
OSEventTbl              0x20002044     0xf0  Data  Gb  os_core.o [1]
OSEventTblSize          0x000358ca      0x2  Data  Gb  os_dbg.o [1]
OSFlagEn                0x00035916      0x2  Data  Gb  os_dbg.o [1]
OSFlagFreeList          0x200028fc      0x4  Data  Gb  os_core.o [1]
OSFlagGrpSize           0x0003594e      0x2  Data  Gb  os_dbg.o [1]
OSFlagMax               0x00036b8a      0x2  Data  Gb  os_dbg.o [1]
OSFlagNameEn            0x00037e12      0x2  Data  Gb  os_dbg.o [1]
OSFlagNodeSize          0x00035b36      0x2  Data  Gb  os_dbg.o [1]
OSFlagTbl               0x20002544     0x50  Data  Gb  os_core.o [1]
OSFlagWidth             0x00036b12      0x2  Data  Gb  os_dbg.o [1]
OSIdleCtr               0x20002908      0x4  Data  Gb  os_core.o [1]
OSIdleCtrMax            0x20002900      0x4  Data  Gb  os_core.o [1]
OSIdleCtrRun            0x20002904      0x4  Data  Gb  os_core.o [1]
OSInit                  0x00034e5d     0x38  Code  Gb  os_core.o [1]
OSInitHookBegin         0x000359a9     0x24  Code  Gb  os_cpu_c.o [1]
OSInitHookEnd           0x000359cd      0x2  Code  Gb  os_cpu_c.o [1]
OSIntCtxSw              0x000335f3           Code  Gb  os_cpu_a_iar.o [1]
OSIntEnter              0x00034e95     0x24  Code  Gb  os_core.o [1]
OSIntExit               0x00034eb9     0x94  Code  Gb  os_core.o [1]
OSIntNesting            0x20002a0e      0x1  Data  Gb  os_core.o [1]
OSLockNesting           0x20002a0f      0x1  Data  Gb  os_core.o [1]
OSLowestPrio            0x0003804e      0x2  Data  Gb  os_dbg.o [1]
OSMboxEn                0x0003806a      0x2  Data  Gb  os_dbg.o [1]
OSMemEn                 0x000380de      0x2  Data  Gb  os_dbg.o [1]
OSMemFreeList           0x2000291c      0x4  Data  Gb  os_core.o [1]
OSMemMax                0x00038464      0x2  Data  Gb  os_dbg.o [1]
OSMemNameEn             0x00038466      0x2  Data  Gb  os_dbg.o [1]
OSMemSize               0x00038468      0x2  Data  Gb  os_dbg.o [1]
OSMemTbl                0x20002418     0x78  Data  Gb  os_core.o [1]
OSMemTblSize            0x0003846a      0x2  Data  Gb  os_dbg.o [1]
OSMutexEn               0x0003846c      0x2  Data  Gb  os_dbg.o [1]
OSPrioCur               0x20002a10      0x1  Data  Gb  os_core.o [1]
OSPrioHighRdy           0x20002a11      0x1  Data  Gb  os_core.o [1]
OSPtrSize               0x0003846e      0x2  Data  Gb  os_dbg.o [1]
OSQEn                   0x00038470      0x2  Data  Gb  os_dbg.o [1]
OSQFreeList             0x20002920      0x4  Data  Gb  os_core.o [1]
OSQMax                  0x00038472      0x2  Data  Gb  os_dbg.o [1]
OSQSize                 0x00038474      0x2  Data  Gb  os_dbg.o [1]
OSQTbl                  0x20002490     0x60  Data  Gb  os_core.o [1]
OSRdyGrp                0x20002a12      0x1  Data  Gb  os_core.o [1]
OSRdyTbl                0x200028bc      0x8  Data  Gb  os_core.o [1]
OSRdyTblSize            0x00038476      0x2  Data  Gb  os_dbg.o [1]
OSRunning               0x20002a13      0x1  Data  Gb  os_core.o [1]
OSSchedLock             0x00034f4d     0x3e  Code  Gb  os_core.o [1]
OSSchedUnlock           0x00034f8b     0x64  Code  Gb  os_core.o [1]
OSSemCreate             0x000365e9     0x52  Code  Gb  os_sem.o [1]
OSSemEn                 0x00038478      0x2  Data  Gb  os_dbg.o [1]
OSSemPend               0x0003663b     0xec  Code  Gb  os_sem.o [1]
OSSemPost               0x0003673d     0x64  Code  Gb  os_sem.o [1]
OSStart                 0x00034fef     0x42  Code  Gb  os_core.o [1]
OSStartHighRdy          0x000335c7           Code  Gb  os_cpu_a_iar.o [1]
OSStatInit              0x00035031     0x46  Code  Gb  os_core.o [1]
OSStatRdy               0x20002a0d      0x1  Data  Gb  os_core.o [1]
OSStkWidth              0x0003847a      0x2  Data  Gb  os_dbg.o [1]
OSTCBCur                0x2000290c      0x4  Data  Gb  os_core.o [1]
OSTCBFreeList           0x20002910      0x4  Data  Gb  os_core.o [1]
OSTCBHighRdy            0x20002914      0x4  Data  Gb  os_core.o [1]
OSTCBInitHook           0x00035a59      0x2  Code  Gb  os_cpu_c.o [1]
OSTCBList               0x20002918      0x4  Data  Gb  os_core.o [1]
OSTCBPrioTbl            0x20001f44    0x100  Data  Gb  os_core.o [1]
OSTCBPrioTblMax         0x00038492      0x2  Data  Gb  os_dbg.o [1]
OSTCBSize               0x00038494      0x2  Data  Gb  os_dbg.o [1]
OSTCBTbl                0x1ffff2c8    0x790  Data  Gb  os_core.o [1]
OSTaskCreate            0x00036055     0xc6  Code  Gb  os_task.o [1]
OSTaskCreateEn          0x0003847c      0x2  Data  Gb  os_dbg.o [1]
OSTaskCreateExt         0x0003611b     0xe2  Code  Gb  os_task.o [1]
OSTaskCreateExtEn       0x0003847e      0x2  Data  Gb  os_dbg.o [1]
OSTaskCreateHook        0x000359cf      0x2  Code  Gb  os_cpu_c.o [1]
OSTaskCtr               0x20002a14      0x1  Data  Gb  os_core.o [1]
OSTaskDel               0x000361fd    0x18e  Code  Gb  os_task.o [1]
OSTaskDelEn             0x00038480      0x2  Data  Gb  os_dbg.o [1]
OSTaskDelHook           0x000359d1      0x2  Code  Gb  os_cpu_c.o [1]
OSTaskIdleHook          0x000359d3      0x2  Code  Gb  os_cpu_c.o [1]
OSTaskIdleStk           0x200017d8    0x200  Data  Gb  os_core.o [1]
OSTaskIdleStkSize       0x00038482      0x2  Data  Gb  os_dbg.o [1]
OSTaskMax               0x00038486      0x2  Data  Gb  os_dbg.o [1]
OSTaskNameEn            0x00038488      0x2  Data  Gb  os_dbg.o [1]
OSTaskNameSet           0x0003638b     0x8e  Code  Gb  os_task.o [1]
OSTaskProfileEn         0x00038484      0x2  Data  Gb  os_dbg.o [1]
OSTaskReturnHook        0x000359d5      0x2  Code  Gb  os_cpu_c.o [1]
OSTaskStatEn            0x0003848a      0x2  Data  Gb  os_dbg.o [1]
OSTaskStatHook          0x000359d7      0x2  Code  Gb  os_cpu_c.o [1]
OSTaskStatStk           0x200015d8    0x200  Data  Gb  os_core.o [1]
OSTaskStatStkChkEn      0x0003848e      0x2  Data  Gb  os_dbg.o [1]
OSTaskStatStkSize       0x0003848c      0x2  Data  Gb  os_dbg.o [1]
OSTaskStkChk            0x0003641d     0xaa  Code  Gb  os_task.o [1]
OSTaskStkInit           0x000359d9     0x7e  Code  Gb  os_cpu_c.o [1]
OSTaskSuspend           0x000364c7     0xd0  Code  Gb  os_task.o [1]
OSTaskSwHook            0x00035a57      0x2  Code  Gb  os_cpu_c.o [1]
OSTaskSwHookEn          0x00038490      0x2  Data  Gb  os_dbg.o [1]
OSTickStepState         0x20002a15      0x1  Data  Gb  os_core.o [1]
OSTicksPerSec           0x00038496      0x2  Data  Gb  os_dbg.o [1]
OSTime                  0x20002924      0x4  Data  Gb  os_core.o [1]
OSTimeDly               0x00033c55     0x6e  Code  Gb  os_time.o [1]
OSTimeDlyHMSM           0x00033cc3     0x9e  Code  Gb  os_time.o [1]
OSTimeTick              0x00035077     0xf6  Code  Gb  os_core.o [1]
OSTimeTickHook          0x00035a5b     0x20  Code  Gb  os_cpu_c.o [1]
OSTimeTickHookEn        0x00038498      0x2  Data  Gb  os_dbg.o [1]
OSTmrCfgMax             0x0003849e      0x2  Data  Gb  os_dbg.o [1]
OSTmrCfgNameEn          0x000384a0      0x2  Data  Gb  os_dbg.o [1]
OSTmrCfgTicksPerSec     0x000384a4      0x2  Data  Gb  os_dbg.o [1]
OSTmrCfgWheelSize       0x000384a2      0x2  Data  Gb  os_dbg.o [1]
OSTmrCtr                0x200029f6      0x2  Data  Lc  os_cpu_c.o [1]
OSTmrEn                 0x0003849c      0x2  Data  Gb  os_dbg.o [1]
OSTmrFree               0x200029f2      0x2  Data  Gb  os_core.o [1]
OSTmrFreeList           0x20002934      0x4  Data  Gb  os_core.o [1]
OSTmrSem                0x2000292c      0x4  Data  Gb  os_core.o [1]
OSTmrSemSignal          0x20002930      0x4  Data  Gb  os_core.o [1]
OSTmrSignal             0x00035bf1     0x12  Code  Gb  os_tmr.o [1]
OSTmrSize               0x000384a6      0x2  Data  Gb  os_dbg.o [1]
OSTmrTaskStk            0x200019d8    0x200  Data  Gb  os_core.o [1]
OSTmrTbl                0x20000558    0x280  Data  Gb  os_core.o [1]
OSTmrTblSize            0x000384a8      0x2  Data  Gb  os_dbg.o [1]
OSTmrTime               0x20002928      0x4  Data  Gb  os_core.o [1]
OSTmrUsed               0x200029f4      0x2  Data  Gb  os_core.o [1]
OSTmrWheelSize          0x000384aa      0x2  Data  Gb  os_dbg.o [1]
OSTmrWheelTbl           0x2000265c     0x40  Data  Gb  os_core.o [1]
OSTmrWheelTblSize       0x000384ac      0x2  Data  Gb  os_dbg.o [1]
OSTmr_Init              0x00035c03     0xb6  Code  Gb  os_tmr.o [1]
OSTmr_InitTask          0x00035cb9     0x38  Code  Lc  os_tmr.o [1]
OSTmr_Link              0x00035cf1     0x78  Code  Lc  os_tmr.o [1]
OSTmr_Task              0x00035dc5     0x8a  Code  Lc  os_tmr.o [1]
OSTmr_Unlink            0x00035d69     0x58  Code  Lc  os_tmr.o [1]
OSUnMapTbl              0x00037910    0x100  Data  Gb  os_core.o [1]
OSVersionNbr            0x0003849a      0x2  Data  Gb  os_dbg.o [1]
OS_CPU_ExceptStk        0x20001bd8    0x200  Data  Gb  os_cpu_c.o [1]
OS_CPU_ExceptStkBase    0x20002938      0x4  Data  Gb  os_cpu_c.o [1]
OS_CPU_PendSVHandler    0x000335fb           Code  Gb  os_cpu_a_iar.o [1]
OS_CPU_SR_Restore       0x000335c1           Code  Gb  os_cpu_a_iar.o [1]
OS_CPU_SR_Save          0x000335b9           Code  Gb  os_cpu_a_iar.o [1]
OS_Dummy                0x0003516d      0x2  Code  Gb  os_core.o [1]
OS_EventTaskRdy         0x0003516f     0xba  Code  Gb  os_core.o [1]
OS_EventTaskRemove      0x000352b7     0x32  Code  Gb  os_core.o [1]
OS_EventTaskRemoveMulti
                        0x000352e9     0x4c  Code  Gb  os_core.o [1]
OS_EventTaskWait        0x00035229     0x8e  Code  Gb  os_core.o [1]
OS_EventWaitListInit    0x00035335     0x1c  Code  Gb  os_core.o [1]
OS_FlagInit             0x00035aa1     0x58  Code  Gb  os_flag.o [1]
OS_FlagUnlink           0x00035b05     0x32  Code  Gb  os_flag.o [1]
OS_InitEventList        0x00035351     0x6a  Code  Lc  os_core.o [1]
OS_InitMisc             0x000353bb     0x4e  Code  Lc  os_core.o [1]
OS_InitRdyList          0x00035409     0x42  Code  Lc  os_core.o [1]
OS_InitTCBList          0x000354c7     0x78  Code  Lc  os_core.o [1]
OS_InitTaskIdle         0x0003544b     0x3e  Code  Lc  os_core.o [1]
OS_InitTaskStat         0x00035489     0x3e  Code  Lc  os_core.o [1]
OS_MemClr               0x0003553f     0x12  Code  Gb  os_core.o [1]
OS_MemInit              0x00035b39     0x52  Code  Gb  os_mem.o [1]
OS_QInit                0x00035b99     0x4e  Code  Gb  os_q.o [1]
OS_Sched                0x00035551     0x5c  Code  Gb  os_core.o [1]
OS_SchedNew             0x000355ad     0x20  Code  Lc  os_core.o [1]
OS_TCBInit              0x000356cf    0x180  Code  Gb  os_core.o [1]
OS_TaskIdle             0x000355cd     0x22  Code  Gb  os_core.o [1]
OS_TaskReturn           0x00036597     0x12  Code  Gb  os_task.o [1]
OS_TaskStat             0x000355fd     0x8e  Code  Gb  os_core.o [1]
OS_TaskStatStkChk       0x0003568b     0x44  Code  Gb  os_core.o [1]
OS_TaskStkClr           0x000365d1     0x18  Code  Gb  os_task.o [1]
Offset                  0x200029d4      0x4  Data  Gb  usbd_msc.o [1]
Only_ID                 0x2000286c      0xc  Data  Gb  Module_Init.o [1]
OutEpSize               0x200028dc      0x8  Data  Gb  usbd_kk.o [1]
PIT0_IRQHandler         0x000371d1      0xa  Code  Gb  pit.o [1]
PIT1_IRQHandler         0x000371db      0xa  Code  Gb  pit.o [1]
PIT2_IRQHandler         0x000371e5      0xa  Code  Gb  pit.o [1]
PIT3_IRQHandler         0x000371ef      0xa  Code  Gb  pit.o [1]
PIT_CallBackTable       0x20002828     0x10  Data  Lc  pit.o [1]
PIT_CallbackInstall     0x00037167     0x1c  Code  Gb  pit.o [1]
PIT_IRQHandler          0x00037183     0x2c  Code  Lc  pit.o [1]
PIT_IRQnTable           0x00038318      0x4  Data  Lc  pit.o [1]
PIT_ISR                 0x00037ba5     0x20  Code  Gb  Module_ISR.o [1]
PIT_ITDMAConfig         0x000370eb     0x7c  Code  Gb  pit.o [1]
PIT_Init                0x0003708d     0x5e  Code  Gb  pit.o [1]
PM_Ver                  0x20002800     0x14  Data  Gb  Module_Updata.o [1]
PORTA_IRQHandler        0x0002de5d      0xa  Code  Gb  gpio.o [1]
PORTB_IRQHandler        0x0002de67      0xa  Code  Gb  gpio.o [1]
PORTC_IRQHandler        0x0002de71      0xa  Code  Gb  gpio.o [1]
PORTD_IRQHandler        0x0002de7b      0xa  Code  Gb  gpio.o [1]
PORTE_IRQHandler        0x0002de85      0xa  Code  Gb  gpio.o [1]
PORT_IRQHandler         0x0002de13     0x34  Code  Lc  gpio.o [1]
PORT_InstanceTable      0x000380f4     0x14  Data  Lc  gpio.o [1]
PORT_PinMuxConfig       0x0002da91     0x62  Code  Gb  gpio.o [1]
PORT_PinOpenDrainConfig
                        0x0002dbc3     0x64  Code  Gb  gpio.o [1]
PORT_PinPullConfig      0x0002daf3     0xd0  Code  Gb  gpio.o [1]
PUART_Buffer            0x1fff0034      0x4  Data  Gb  Module_Init.o [1]
Pcak_Pile_State         0x00032255    0x4c8  Code  Gb  Module_Can.o [1]
Pcak_Pile_State_All     0x000320ed     0x54  Code  Gb  Module_Can.o [1]
Pcak_Pile_State_All_Flag
                        0x20002a08      0x1  Data  Gb  Module_Init.o [1]
Pile_Send               0x00032141     0x92  Code  Gb  Module_Can.o [1]
Pile_Send_Tcchager      0x000321d3     0x7e  Code  Gb  Module_Can.o [1]
Pile_State              0x200028ac      0x8  Data  Gb  Module_Init.o [1]
Q_dir                   0x20001dd8    0x16c  Data  Gb  Module_Init.o [1]
Queue_Create            0x00036a8d      0xc  Code  Gb  Module_Queue.o [1]
Queue_Pop               0x00036a99     0x2e  Code  Gb  Module_Queue.o [1]
Queue_Push              0x00036ac7     0x4c  Code  Gb  Module_Queue.o [1]
RTC_CallBackTable       0x20002940      0x4  Data  Lc  rtc.o [1]
RTC_CallbackInstall     0x00032a31      0xc  Code  Gb  rtc.o [1]
RTC_DateTimeToSecond    0x000327ab     0x7a  Code  Lc  rtc.o [1]
RTC_GetDateTime         0x000328d1     0x1a  Code  Gb  rtc.o [1]
RTC_IRQHandler          0x00032a3d     0x42  Code  Gb  rtc.o [1]
RTC_ISR                 0x00037bc5      0xa  Code  Gb  Module_ISR.o [1]
RTC_ITDMAConfig         0x000329cf     0x62  Code  Gb  rtc.o [1]
RTC_Init                0x000328fb     0xa2  Code  Gb  rtc.o [1]
RTC_IsTimeValid         0x000328eb     0x10  Code  Gb  rtc.o [1]
RTC_QuickInit           0x0003279b     0x10  Code  Gb  rtc.o [1]
RTC_SecondToDateTime    0x00032825     0xac  Code  Lc  rtc.o [1]
RTC_SetDateTime         0x0003299d     0x32  Code  Gb  rtc.o [1]
Rcv_Cnt                 0x200029e8      0x2  Data  Gb  Module_Init.o [1]
Region$$Table$$Base     0x00037f5c            --   Gb  - Linker created -
Region$$Table$$Limit    0x00037f80            --   Gb  - Linker created -
SDA_IN                  0x000344cb     0x16  Code  Lc  i2c.o [1]
SDHC_ReadBlock          0x0002d7bb     0xa0  Code  Gb  sd.o [1]
SDHC_SendCmd            0x0002d39f     0xb8  Code  Gb  sd.o [1]
SDHC_WaitCommandLineIdle
                        0x0002d2bd     0x28  Code  Lc  sd.o [1]
SDHC_WriteBlock         0x0002d85b     0xe0  Code  Gb  sd.o [1]
SD_GetSizeInMB          0x0002d93b     0x70  Code  Gb  sd.o [1]
SD_Init                 0x0002d751     0x6a  Code  Gb  sd.o [1]
SD_InitCard             0x0002d457    0x25e  Code  Lc  sd.o [1]
SD_QuickInit            0x0002d6b5     0x9c  Code  Gb  sd.o [1]
SD_ReadMultiBlock       0x0002da65     0x16  Code  Gb  sd.o [1]
SD_SetBaudRate          0x0002d2e5     0xba  Code  Lc  sd.o [1]
SD_StatusWait           0x0002d9ab     0x2a  Code  Gb  sd.o [1]
SD_WriteMultiBlock      0x0002da7b     0x16  Code  Gb  sd.o [1]
SIM_GPIOClockGateTable  0x00038108     0x14  Data  Lc  gpio.o [1]
SPI0_IRQHandler         0x00037df5      0xa  Code  Gb  spi.o [1]
SPI1_IRQHandler         0x00037dff      0xa  Code  Gb  spi.o [1]
SPI2_IRQHandler         0x00037e09      0xa  Code  Gb  spi.o [1]
SPI_CallBackTable       0x20002890      0xc  Data  Lc  spi.o [1]
SPI_IRQHandler          0x00037dbd     0x2c  Code  Lc  spi.o [1]
SPI_InstanceTable       0x00038290      0xc  Data  Gb  spi.o [1]
STK_Family_Energy_Storage
                        0x200013d8    0x200  Data  Gb  main.o [1]
STK_MBOX                0x20000bd8    0x200  Data  Gb  main.o [1]
STK_POST                0x20000fd8    0x200  Data  Gb  main.o [1]
STK_SEM                 0x20000dd8    0x200  Data  Gb  main.o [1]
STK_START               0x200009d8    0x200  Data  Gb  main.o [1]
STK_TIME                0x200011d8    0x200  Data  Gb  main.o [1]
SYSTICK_Cmd             0x0003701f     0x22  Code  Gb  systick.o [1]
SYSTICK_ITConfig        0x00037041     0x22  Code  Gb  systick.o [1]
SYSTICK_Init            0x00036fdd     0x42  Code  Gb  systick.o [1]
Stitic_Time_Cnt         0x200029e6      0x2  Data  Gb  Module_Init.o [1]
SysTick_Handler         0x00035a91     0x10  Code  Gb  os_cpu_c.o [1]
SystemCoreClock         0x1fff0038      0x4  Data  Gb  system_MK60D10.o [1]
SystemCoreClockUpdate   0x0002e01f    0x15c  Code  Gb  system_MK60D10.o [1]
SystemInit              0x0002dfc1     0x5e  Code  Gb  system_MK60D10.o [1]
Task_Family_Energy_Storage
                        0x000373ef     0x4a  Code  Gb  main.o [1]
Task_Mbox               0x00037311     0x30  Code  Gb  main.o [1]
Task_Post               0x00037355     0x7e  Code  Gb  main.o [1]
Task_Sem                0x00037341     0x14  Code  Gb  main.o [1]
Task_Start              0x00037439     0x7c  Code  Lc  main.o [1]
Task_Time               0x000373d3     0x1c  Code  Gb  main.o [1]
UART0_RX_TX_IRQHandler  0x00033329      0xa  Code  Gb  uart.o [1]
UART1_RX_TX_IRQHandler  0x00033333      0xa  Code  Gb  uart.o [1]
UART2_RX_TX_IRQHandler  0x0003333d      0xa  Code  Gb  uart.o [1]
UART3_RX_TX_IRQHandler  0x00033347      0xa  Code  Gb  uart.o [1]
UART4_RX_TX_IRQHandler  0x00033351      0xa  Code  Gb  uart.o [1]
UART5_DMA_init          0x00033429     0x56  Code  Gb  uart.o [1]
UART5_RX_TX_IRQHandler  0x0003335b      0xa  Code  Gb  uart.o [1]
UARTBase                0x000380b0     0x18  Data  Lc  uart.o [1]
UART_Buffer             0x1ffffa58    0x600  Data  Gb  Module_Init.o [1]
UART_CallBackRxTable    0x200027d4     0x18  Data  Lc  uart.o [1]
UART_CallBackTxTable    0x200027bc     0x18  Data  Lc  uart.o [1]
UART_CallbackRxInstall  0x0003316d     0x3e  Code  Gb  uart.o [1]
UART_DMASendByte        0x00033365     0x32  Code  Gb  uart.o [1]
UART_DebugInstance      0x20002a16      0x1  Data  Lc  uart.o [1]
UART_EnableRxFIFO       0x00032ebf     0x3e  Code  Gb  uart.o [1]
UART_EnableTxFIFO       0x00032e81     0x3e  Code  Gb  uart.o [1]
UART_GetTxFIFOSize      0x00032efd     0x1a  Code  Gb  uart.o [1]
UART_IRQ_Handler        0x00033227    0x102  Code  Lc  uart.o [1]
UART_IRQnTable          0x000382fc      0x8  Data  Lc  uart.o [1]
UART_ITDMAConfig        0x00032fa1    0x1cc  Code  Gb  uart.o [1]
UART_Init               0x00032b2f    0x352  Code  Gb  uart.o [1]
UART_QuickInit          0x000331ab     0x7c  Code  Gb  uart.o [1]
UART_RX_ISR             0x00037c03     0x20  Code  Gb  Module_ISR.o [1]
UART_RevDMATriggerSourceTable
                        0x00038098     0x18  Data  Lc  uart.o [1]
UART_TIFOSizeTable      0x00038010     0x1c  Data  Lc  uart.o [1]
UART_WriteByte          0x00032f17     0x8a  Code  Gb  uart.o [1]
ULY                     0x000381f8     0x10  Data  Lc  rtc.o [1]
USB0_IRQHandler         0x0002f88b     0xa0  Code  Gb  usbd_kk.o [1]
USBD_AltSetting         0x20002950      0x4  Data  Gb  usb_lib.o [1]
USBD_CDC_ACM_ClearCommFeature
                        0x00030f65      0x6  Code  Wk  usbd_cdc_acm.o [1]
USBD_CDC_ACM_DataReceived
                        0x00030f4b      0x6  Code  Wk  usbd_cdc_acm.o [1]
USBD_CDC_ACM_EP_BULKIN_Event
                        0x00031369     0x1e  Code  Gb  usbd_cdc_acm.o [1]
USBD_CDC_ACM_EP_BULKIN_HandleData
                        0x00031229     0xf0  Code  Lc  usbd_cdc_acm.o [1]
USBD_CDC_ACM_EP_BULKOUT_Event
                        0x00031319     0x50  Code  Gb  usbd_cdc_acm.o [1]
USBD_CDC_ACM_EP_BULKOUT_HandleData
                        0x000311bd     0x6c  Code  Lc  usbd_cdc_acm.o [1]
USBD_CDC_ACM_EP_BULK_Event
                        0x000313e9     0x1a  Code  Gb  usbd_cdc_acm.o [1]
USBD_CDC_ACM_EP_INTIN_Event
                        0x000311bb      0x2  Code  Gb  usbd_cdc_acm.o [1]
USBD_CDC_ACM_GetCommFeature
                        0x00030f5f      0x6  Code  Wk  usbd_cdc_acm.o [1]
USBD_CDC_ACM_GetEncapsulatedResponse
                        0x00030f55      0x4  Code  Wk  usbd_cdc_acm.o [1]
USBD_CDC_ACM_GetLineCoding
                        0x0003107d     0x70  Code  Wk  usbd_cdc_acm.o [1]
USBD_CDC_ACM_Initialize
                        0x00030f71      0x8  Code  Wk  usbd_cdc_acm.o [1]
USBD_CDC_ACM_PortGetLineCoding
                        0x00030f3f      0x6  Code  Wk  usbd_cdc_acm.o [1]
USBD_CDC_ACM_PortInitialize
                        0x00030f31      0x4  Code  Wk  usbd_cdc_acm.o [1]
USBD_CDC_ACM_PortReset  0x00030f35      0x4  Code  Wk  usbd_cdc_acm.o [1]
USBD_CDC_ACM_PortSetControlLineState
                        0x00030f45      0x6  Code  Wk  usbd_cdc_acm.o [1]
USBD_CDC_ACM_PortSetLineCoding
                        0x00030f39      0x6  Code  Wk  usbd_cdc_acm.o [1]
USBD_CDC_ACM_ReceiveBuf
                        0x20002320     0x80  Data  Gb  usb_lib.o [1]
USBD_CDC_ACM_Reset      0x00030f79     0xaa  Code  Wk  usbd_cdc_acm.o [1]
USBD_CDC_ACM_Reset_Event
                        0x00031101      0x8  Code  Gb  usbd_cdc_acm.o [1]
USBD_CDC_ACM_SOF_Event  0x00031109     0xb2  Code  Gb  usbd_cdc_acm.o [1]
USBD_CDC_ACM_SendBreak  0x00030f6b      0x6  Code  Wk  usbd_cdc_acm.o [1]
USBD_CDC_ACM_SendBuf    0x200022a0     0x80  Data  Gb  usb_lib.o [1]
USBD_CDC_ACM_SendEncapsulatedCommand
                        0x00030f51      0x4  Code  Wk  usbd_cdc_acm.o [1]
USBD_CDC_ACM_SetCommFeature
                        0x00030f59      0x6  Code  Wk  usbd_cdc_acm.o [1]
USBD_CDC_ACM_SetControlLineState
                        0x000310ed     0x14  Code  Wk  usbd_cdc_acm.o [1]
USBD_CDC_ACM_SetLineCoding
                        0x00031023     0x5a  Code  Wk  usbd_cdc_acm.o [1]
USBD_ClrStallEP         0x0002f699     0x24  Code  Gb  usbd_kk.o [1]
USBD_ConfigDescriptor   0x00037cd8     0x74  Data  Wk  usb_lib.o [1]
USBD_ConfigDescriptor_HS
                        0x000384cc      0x1  Data  Wk  usb_lib.o [1]
USBD_ConfigEP           0x0002f4fd     0x20  Code  Gb  usbd_kk.o [1]
USBD_Configuration      0x20002a1b      0x1  Data  Gb  usbd_core.o [1]
[...]
USBD_MSC_GetMaxLUN      0x0002e269      0xc  Code  Gb  usbd_msc.o [1]
USBD_MSC_Inquiry        0x0002ea81     0x8c  Code  Gb  usbd_msc.o [1]
USBD_MSC_MediaReady     0x200029ac      0x4  Data  Gb  usbd_msc.o [1]
USBD_MSC_MediaReadyEx   0x200029c8      0x4  Data  Gb  usbd_msc.o [1]
USBD_MSC_MediaRemoval   0x0002eb43     0x1e  Code  Gb  usbd_msc.o [1]
USBD_MSC_MemoryRead     0x0002e2cf    0x168  Code  Gb  usbd_msc.o [1]
USBD_MSC_MemorySize     0x200029b4      0x4  Data  Gb  usbd_msc.o [1]
USBD_MSC_MemoryVerify   0x0002e5c7    0x184  Code  Gb  usbd_msc.o [1]
USBD_MSC_MemoryWrite    0x0002e437    0x190  Code  Gb  usbd_msc.o [1]
USBD_MSC_ModeSense10    0x0002ebb9     0x70  Code  Gb  usbd_msc.o [1]
USBD_MSC_ModeSense6     0x0002eb61     0x58  Code  Gb  usbd_msc.o [1]
USBD_MSC_RWSetup        0x0002e74b    0x116  Code  Gb  usbd_msc.o [1]
USBD_MSC_ReadCapacity   0x0002ec29     0x74  Code  Gb  usbd_msc.o [1]
USBD_MSC_ReadFormatCapacity
                        0x0002ecc1     0xa0  Code  Gb  usbd_msc.o [1]
USBD_MSC_ReadOnly       0x200029b0      0x4  Data  Gb  usbd_msc.o [1]
USBD_MSC_RequestSense   0x0002e95f    0x122  Code  Gb  usbd_msc.o [1]
USBD_MSC_Reset          0x0002e24d     0x1c  Code  Gb  usbd_msc.o [1]
USBD_MSC_ServiceActionIn16
                        0x0002ee11     0x58  Code  Gb  usbd_msc.o [1]
USBD_MSC_SetCSW         0x0002f099     0x20  Code  Gb  usbd_msc.o [1]
USBD_MSC_SetStallEP     0x0002e1bb     0x2e  Code  Gb  usbd_msc.o [1]
USBD_MSC_StartStopUnit  0x0002eb0d     0x36  Code  Gb  usbd_msc.o [1]
USBD_MSC_SynchronizeCache
                        0x0002ed65     0x10  Code  Gb  usbd_msc.o [1]
USBD_MSC_TestUnitReady  0x0002e90b     0x54  Code  Gb  usbd_msc.o [1]
USBD_NumInterfaces      0x20002a1c      0x1  Data  Gb  usbd_core.o [1]
USBD_OtherSpeedConfigDescriptor
                        0x000384cd      0x1  Data  Wk  usb_lib.o [1]
USBD_OtherSpeedConfigDescriptor_HS
                        0x000384ce      0x1  Data  Wk  usb_lib.o [1]
USBD_P_Configure_Event  0x00038340      0x4  Data  Gb  usb_lib.o [1]
USBD_P_EP               0x00037ea8     0x40  Data  Gb  usb_lib.o [1]
USBD_P_Error_Event      0x0003833c      0x4  Data  Gb  usb_lib.o [1]
USBD_P_Feature_Event    0x00038348      0x4  Data  Gb  usb_lib.o [1]
USBD_P_Interface_Event  0x00038344      0x4  Data  Gb  usb_lib.o [1]
USBD_P_Reset_Event      0x0003832c      0x4  Data  Gb  usb_lib.o [1]
USBD_P_Resume_Event     0x00038334      0x4  Data  Gb  usb_lib.o [1]
USBD_P_SOF_Event        0x00038338      0x4  Data  Gb  usb_lib.o [1]
USBD_P_Suspend_Event    0x00038330      0x4  Data  Gb  usb_lib.o [1]
USBD_RTX_TaskInit       0x000305e9      0x2  Code  Gb  usb_lib.o [1]
USBD_ReadEP             0x0002f6bd     0xf2  Code  Gb  usbd_kk.o [1]
USBD_ReqClrFeature_MSC  0x000305ed      0xc  Code  Wk  usbd_core_msc.o [1]
USBD_ReqGetConfiguration
                        0x0002ff45     0x20  Code  Gb  usbd_core.o [1]
USBD_ReqGetDescriptor   0x0002fd57    0x1ee  Code  Gb  usbd_core.o [1]
USBD_ReqGetDescriptor_HID
                        0x00030671     0x86  Code  Wk  usbd_core_hid.o [1]
USBD_ReqGetInterface    0x00030137     0x44  Code  Gb  usbd_core.o [1]
USBD_ReqGetStatus       0x0002fb6d     0xc6  Code  Gb  usbd_core.o [1]
USBD_ReqSetAddress      0x0002fd31     0x26  Code  Gb  usbd_core.o [1]
USBD_ReqSetClrFeature   0x0002fc33     0xfe  Code  Gb  usbd_core.o [1]
USBD_ReqSetConfiguration
                        0x0002ff65    0x1d2  Code  Gb  usbd_core.o [1]
USBD_ReqSetInterface    0x0003017b    0x158  Code  Gb  usbd_core.o [1]
USBD_Reset              0x0002f437     0x8e  Code  Gb  usbd_kk.o [1]
USBD_ResetEP            0x0002f587     0xfc  Code  Gb  usbd_kk.o [1]
USBD_Reset_Event        0x000305c5      0x8  Code  Wk  usb_lib.o [1]
USBD_Resume             0x0002f4d7     0x12  Code  Gb  usbd_kk.o [1]
USBD_SOF_Event          0x000305cd      0xc  Code  Wk  usb_lib.o [1]
USBD_SetAddress         0x0002f4eb     0x10  Code  Gb  usbd_kk.o [1]
USBD_SetStallEP         0x0002f683     0x16  Code  Gb  usbd_kk.o [1]
USBD_SetupPacket        0x200028d4      0x8  Data  Gb  usbd_core.o [1]
USBD_SetupStage         0x0002fab5      0xe  Code  Gb  usbd_core.o [1]
USBD_StatusInStage      0x0002fb51      0xe  Code  Gb  usbd_core.o [1]
USBD_StatusOutStage     0x0002fb5f      0xe  Code  Gb  usbd_core.o [1]
USBD_StringDescriptor   0x00037c40     0x98  Data  Wk  usb_lib.o [1]
USBD_Suspend            0x0002f4c5     0x12  Code  Gb  usbd_kk.o [1]
USBD_WakeUpCfg          0x0002f4e9      0x2  Code  Gb  usbd_kk.o [1]
USBD_WriteEP            0x0002f7af     0x6a  Code  Gb  usbd_kk.o [1]
USBD_ZLP                0x20002a1e      0x1  Data  Gb  usbd_core.o [1]
USB_ClockInit           0x0002f2d5     0x68  Code  Gb  usbd_kk.o [1]
USB_SetClockDiv         0x0002f21d     0xb8  Code  Lc  usbd_kk.o [1]
USB_TokenDoneHandler    0x0002f819     0x72  Code  Gb  usbd_kk.o [1]
UardDmaFlow             0x00031405     0xa0  Code  Gb  Module_Protocol.o [1]
Uart1_Rev_Flag          0x20002a0a      0x1  Data  Gb  Module_Init.o [1]
Uart_IDLE_Flag          0x20002a0b      0x1  Data  Gb  Module_Init.o [1]
UpdataProg              0x200027a4     0x18  Data  Gb  Module_Updata.o [1]
WDOG_CallBackTable      0x200029e0      0x4  Data  Lc  wdog.o [1]
WDOG_Refresh            0x00037501     0x24  Code  Gb  wdog.o [1]
Watchdog_IRQHandler     0x00037525     0x1e  Code  Gb  wdog.o [1]
_Close_all              0x0003805f      0xc  Code  Gb  xcloseall.o [3]
_LitobSmallNoMb         0x00034d09     0xce  Code  Lc  xprintfsmall_nomb.o [3]
_PrintfSmallNoMb        0x00034935    0x382  Code  Gb  xprintfsmall_nomb.o [3]
_Prout                  0x000380c9     0x16  Code  Gb  xprout.o [3]
_PutcharsSmallNoMb      0x00034dd7     0x2e  Code  Lc  xprintfsmall_nomb.o [3]
__Vectors               0x00000000            --   Gb  startup_MK60D10.o [1]
__Vectors_End           0x00000400           Data  Gb  startup_MK60D10.o [1]
__Vectors_Size {Abs}    0x00000400            --   Gb  startup_MK60D10.o [1]
__aeabi_ldiv0           0x000358c9           Code  Gb  I64DivZer.o [4]
__aeabi_ldivmod         0x00033d75           Code  Gb  I64DivMod.o [4]
__aeabi_memclr4         0x00034331           Code  Gb  ABImemclr4.o [4]
__aeabi_memset          0x00032ab1           Code  Gb  ABImemset.o [4]
__aeabi_uldivmod        0x00033db9           Code  Gb  I64DivMod.o [4]
__as_entries_start      0xffffffff            --   Gb  command line/config [2]
__as_table_start        0xffffffff            --   Gb  command line/config [2]
__cexit_closeall        0x00038053           Code  Gb  cexit.o [4]
__cmain                 0x0003802d           Code  Gb  cmain.o [4]
__cstart_closeall       0x000384d0           Data  Gb  cstart_closeall.o [4]
__dwrite                0x00037ad1     0x1e  Code  Gb  dwrite.o [5]
__exit                  0x0003806d     0x14  Code  Gb  exit.o [5]
__iar_Memchr            0x00035951           Code  Gb  memchr.o [4]
__iar_Memset            0x00032ab1           Code  Gb  ABImemset.o [4]
__iar_Memset4_word      0x000358cd           Code  Gb  ABImemset48.o [4]
__iar_Memset8_word      0x000358cd           Code  Gb  ABImemset48.o [4]
__iar_Memset_word       0x00032ab9           Code  Gb  ABImemset.o [4]
__iar_Strchr            0x00035901           Code  Gb  strchr.o [4]
__iar_close_ttio        0x00037b31     0x2e  Code  Gb  iarttio.o [5]
__iar_copy_init3        0x0002de8f     0x2e  Code  Gb  copy_init3.o [4]
__iar_data_init3        0x00037f11     0x28  Code  Gb  data_init.o [4]
__iar_get_ttio          0x00037b61     0x38  Code  Gb  iarttio.o [5]
__iar_lookup_ttioh      0x00037b9d      0x8  Code  Gb  XShttio.o [3]
__iar_program_start     0x000382a9           Code  Gb  cstartup_M.o [4]
__iar_sh_stdout         0x00037aef     0x20  Code  Gb  iarwstd.o [5]
__iar_sh_write          0x00037b0f     0x22  Code  Gb  iarwrite.o [5]
__iar_ttio_handles      0x1fff002c      0x8  Data  Lc  XShttio.o [3]
__iar_unaligned___aeabi_memcpy
                        0x00036b15           Code  Gb  ABImemcpy_unaligned.o [4]
__iar_unaligned___aeabi_memcpy4
                        0x00036b35           Code  Gb  ABImemcpy_unaligned.o [4]
__iar_unaligned___aeabi_memcpy8
                        0x00036b35           Code  Gb  ABImemcpy_unaligned.o [4]
__iar_zero_init3        0x0002f1c3     0x22  Code  Gb  zero_init3.o [4]
__low_level_init        0x00038047      0x4  Code  Gb  low_level_init.o [3]
__vector_table          0x00000000           Data  Gb  startup_MK60D10.o [1]
__write_buffered        0x00037a11     0xc0  Code  Gb  xxwritebuffered.o [3]
_call_main              0x00038039           Code  Gb  cmain.o [4]
_exit                   0x00038051           Code  Gb  cexit.o [4]
_main                   0x00038043           Code  Gb  cmain.o [4]
bms                     0x20002134     0xc8  Data  Gb  Module_Protocol.o [1]
bsp_init                0x00036b8d     0xe4  Code  Gb  Module_BSP.o [1]
check_fs                0x0002c165     0x7e  Code  Lc  ff.o [1]
chk_chr                 0x0002ad6f     0x14  Code  Lc  ff.o [1]
clmt_clust              0x0002b2e1     0x3e  Code  Lc  ff.o [1]
clust2sect              0x0002aee3     0x1a  Code  Gb  ff.o [1]
cmp_lfn                 0x0002b5db     0x9e  Code  Lc  ff.o [1]
control_line_state      0x200029fc      0x2  Data  Gb  usbd_cdc_acm.o [1]
crcCheck                0x00032751     0x32  Code  Gb  crc.o [1]
create_chain            0x0002b1f7     0xea  Code  Lc  ff.o [1]
create_name             0x0002bd77    0x30e  Code  Lc  ff.o [1]
data_no_space_for_receive
                        0x2000297c      0x4  Data  Gb  usbd_cdc_acm.o [1]
data_read_access        0x20002970      0x4  Data  Gb  usbd_cdc_acm.o [1]
data_receive_int_access
                        0x20002974      0x4  Data  Gb  usbd_cdc_acm.o [1]
data_received_pending_pckts
                        0x20002978      0x4  Data  Gb  usbd_cdc_acm.o [1]
data_send_access        0x20002954      0x4  Data  Gb  usbd_cdc_acm.o [1]
data_send_active        0x20002958      0x4  Data  Gb  usbd_cdc_acm.o [1]
data_send_zlp           0x2000295c      0x4  Data  Gb  usbd_cdc_acm.o [1]
data_to_send_rd         0x20002964      0x4  Data  Gb  usbd_cdc_acm.o [1]
data_to_send_wr         0x20002960      0x4  Data  Gb  usbd_cdc_acm.o [1]
debug                   0x200029ea      0x2  Data  Gb  Module_Init.o [1]
dir_alloc               0x0002b535     0x66  Code  Lc  ff.o [1]
dir_find                0x0002b87b    0x10a  Code  Lc  ff.o [1]
dir_next                0x0002b3ef    0x146  Code  Lc  ff.o [1]
dir_read                0x0002b985    0x108  Code  Lc  ff.o [1]
dir_register            0x0002ba8d    0x14e  Code  Lc  ff.o [1]
dir_remove              0x0002bbdb     0x72  Code  Lc  ff.o [1]
dir_sdi                 0x0002b31f     0xd0  Code  Lc  ff.o [1]
dir_totle               0x000367d3     0xc4  Code  Gb  test.o [1]
disk_initialize         0x0002d111     0x18  Code  Gb  diskio.o [1]
disk_ioctl              0x0002d199     0x5c  Code  Gb  diskio.o [1]
disk_read               0x0002d13d     0x2e  Code  Gb  diskio.o [1]
disk_status             0x0002d12d     0x10  Code  Gb  diskio.o [1]
disk_write              0x0002d16b     0x2e  Code  Gb  diskio.o [1]
dona_test               0x00036959     0xf2  Code  Gb  test.o [1]
eep_addr                0x000384bc      0x1  Data  Lc  at24cxx.o [1]
eep_dev                 0x200028e4      0x4  Data  Lc  at24cxx.o [1]
eep_init                0x000334d9     0x32  Code  Gb  at24cxx.o [1]
eep_read                0x0003350b     0x34  Code  Gb  at24cxx.o [1]
eep_write_page          0x0003353f     0x4a  Code  Gb  at24cxx.o [1]
exit                    0x0003804b      0x4  Code  Gb  exit.o [3]
f_close                 0x0002cbc3     0x2a  Code  Gb  ff.o [1]
f_closedir              0x0002cf8f     0x1c  Code  Gb  ff.o [1]
f_lseek                 0x0002cbed    0x316  Code  Gb  ff.o [1]
f_mount                 0x0002c6bd     0x60  Code  Gb  ff.o [1]
f_open                  0x0002c71d    0x196  Code  Gb  ff.o [1]
f_opendir               0x0002cf03     0x8c  Code  Gb  ff.o [1]
f_readdir               0x0002cfab     0x74  Code  Gb  ff.o [1]
f_sync                  0x0002cb0d     0xb6  Code  Gb  ff.o [1]
f_unlink                0x0002d031     0xda  Code  Gb  ff.o [1]
f_write                 0x0002c8c5    0x248  Code  Gb  ff.o [1]
fac_ms                  0x20002948      0x4  Data  Lc  systick.o [1]
fac_us                  0x2000293c      0x4  Data  Lc  pit.o [1]
fac_us                  0x20002944      0x4  Data  Lc  systick.o [1]
ff_convert              0x0002d1f9     0x80  Code  Gb  cc936.o [1]
ff_wtoupper             0x0002d279     0x34  Code  Gb  cc936.o [1]
find_volume             0x0002c1e9    0x49a  Code  Lc  ff.o [1]
fit_lfn                 0x0002b6f1     0x86  Code  Lc  ff.o [1]
follow_path             0x0002c085     0x90  Code  Lc  ff.o [1]
gen_numname             0x0002b777     0xe6  Code  Lc  ff.o [1]
get_curr_time           0x00036ccb     0xc4  Code  Gb  Module_BSP.o [1]
get_fat                 0x0002aefd    0x120  Code  Gb  ff.o [1]
get_fattime             0x0002d1f5      0x4  Code  Gb  diskio.o [1]
get_fileinfo            0x0002bc4d    0x12a  Code  Lc  ff.o [1]
get_ldnumber            0x0002c115     0x50  Code  Lc  ff.o [1]
i2c                     0x20002848      0xc  Data  Lc  i2c.o [1]
itoa                    0x00036c71     0x5a  Code  Gb  Module_BSP.o [1]
ld_clust                0x0002b59b     0x28  Code  Lc  ff.o [1]
line_coding             0x200028c4      0x8  Data  Gb  usbd_cdc_acm.o [1]
log_write               0x00036897     0xc2  Code  Gb  test.o [1]
main                    0x000372ed     0x24  Code  Gb  main.o [1]
mallco_dev              0x1fff0018     0x14  Data  Gb  Module_malloc.o [1]
mem_cmp                 0x0002ad4b     0x24  Code  Lc  ff.o [1]
mem_cpy                 0x0002ad19     0x1c  Code  Lc  ff.o [1]
mem_free                0x00036eeb     0x4e  Code  Lc  Module_malloc.o [1]
mem_init                0x00036df7     0x28  Code  Lc  Module_malloc.o [1]
mem_malloc              0x00036e4f     0x9c  Code  Lc  Module_malloc.o [1]
mem_perused             0x00036e1f     0x30  Code  Gb  Module_malloc.o [1]
mem_set                 0x0002ad35     0x16  Code  Lc  ff.o [1]
membase                 0x1fff0048   0xa800  Data  Gb  Module_malloc.o [1]
memblksize              0x0003830c      0x4  Data  Gb  Module_malloc.o [1]
memchr                  0x00035951           Code  Gb  memchr.o [4]
memmapbase              0x1fffe848    0xa80  Data  Gb  Module_malloc.o [1]
memsize                 0x00038310      0x4  Data  Gb  Module_malloc.o [1]
memtblsize              0x00038308      0x4  Data  Gb  Module_malloc.o [1]
move_window             0x0002add7     0x36  Code  Lc  ff.o [1]
myfree                  0x00036f39     0x18  Code  Gb  Module_malloc.o [1]
mymalloc                0x00036f51     0x1e  Code  Gb  Module_malloc.o [1]
mymemset                0x00036de1     0x16  Code  Gb  Module_malloc.o [1]
oem2uni                 0x00015894  0x15484  Data  Lc  cc936.o [1]
pick_lfn                0x0002b679     0x78  Code  Lc  ff.o [1]
pile_info               0x200023a0     0x78  Data  Gb  Module_Protocol.o [1]
printf                  0x00033c31     0x24  Code  Gb  printf.o [3]
protected_and           0x0002f1fb      0x8  Code  Lc  usbd_kk.o [1]
protected_or            0x0002f203      0x8  Code  Lc  usbd_kk.o [1]
protected_xor           0x0002f20b      0x8  Code  Lc  usbd_kk.o [1]
ptrDataFeat             0x200029a8      0x4  Data  Gb  usbd_hid.o [1]
ptrDataIn               0x200029a4      0x4  Data  Gb  usbd_hid.o [1]
ptrDataOut              0x2000299c      0x4  Data  Gb  usbd_hid.o [1]
ptr_data_read           0x20002984      0x4  Data  Gb  usbd_cdc_acm.o [1]
ptr_data_received       0x20002980      0x4  Data  Gb  usbd_cdc_acm.o [1]
ptr_data_sent           0x2000296c      0x4  Data  Gb  usbd_cdc_acm.o [1]
ptr_data_to_send        0x20002968      0x4  Data  Gb  usbd_cdc_acm.o [1]
put_fat                 0x0002b01d    0x164  Code  Gb  ff.o [1]
putchar                 0x00037ee9     0x28  Code  Gb  putchar.o [3]
remove_chain            0x0002b181     0x76  Code  Lc  ff.o [1]
sdh                     0x20002710     0x34  Data  Lc  sd.o [1]
set_id                  0x00033751     0x86  Code  Lc  can.o [1]
st_clust                0x0002b5c3     0x18  Code  Lc  ff.o [1]
store                   0x200024f0     0x50  Data  Lc  xxwritebuffered.o [3]
storeLen                0x20002540      0x4  Data  Lc  xxwritebuffered.o [3]
str_get                 0x000367a1     0x32  Code  Gb  test.o [1]
strcat                  0x00036dc5     0x1c  Code  Gb  strcat.o [3]
strchr                  0x00035901           Code  Gb  strchr.o [4]
strlen                  0x00035919           Code  Gb  strlen.o [4]
sum_sfn                 0x0002b85d     0x1e  Code  Lc  ff.o [1]
sync_fs                 0x0002ae0d     0xd6  Code  Lc  ff.o [1]
sync_window             0x0002ad83     0x54  Code  Lc  ff.o [1]
uart                    0x20002854      0xc  Data  Gb  Module_Can.o [1]
uni2oem                 0x00000410  0x15484  Data  Lc  cc936.o [1]
usb_host_init           0x0002fa25     0x14  Code  Gb  Module_USB.o [1]
usbd_cdc_acm_cif_num    0x000384c6      0x1  Data  Gb  usb_lib.o [1]
usbd_cdc_acm_dif_num    0x000384c7      0x1  Data  Gb  usb_lib.o [1]
usbd_cdc_acm_ep_bulkin  0x000384c8      0x1  Data  Gb  usb_lib.o [1]
usbd_cdc_acm_ep_bulkout
                        0x000384c9      0x1  Data  Gb  usb_lib.o [1]
usbd_cdc_acm_maxpacketsize1
                        0x00038328      0x4  Data  Gb  usb_lib.o [1]
usbd_cdc_acm_receivebuf_sz
                        0x000384b6      0x2  Data  Gb  usb_lib.o [1]
usbd_cdc_acm_sendbuf_sz
                        0x000384b4      0x2  Data  Gb  usb_lib.o [1]
usbd_class_init         0x000305d9     0x10  Code  Gb  usb_lib.o [1]
usbd_connect            0x0002fa71      0xc  Code  Gb  usbd_core.o [1]
usbd_hid_ep_intin       0x000384c1      0x1  Data  Gb  usb_lib.o [1]
usbd_hid_get_protocol   0x000309ab      0x4  Code  Wk  usbd_hid.o [1]
usbd_hid_get_report     0x0003099f      0xa  Code  Wk  usbd_hid.o [1]
usbd_hid_if_num         0x000384c0      0x1  Data  Gb  usb_lib.o [1]
usbd_hid_init           0x0003099d      0x2  Code  Wk  usbd_hid.o [1]
usbd_hid_inreport_max_sz
                        0x000384b2      0x2  Data  Gb  usb_lib.o [1]
usbd_hid_inreport_num   0x000384c2      0x1  Data  Gb  usb_lib.o [1]
usbd_hid_interval       0x0003831c      0x4  Data  Gb  usb_lib.o [1]
usbd_hid_maxpacketsize  0x00038320      0x4  Data  Gb  usb_lib.o [1]
usbd_hid_set_protocol   0x000309af      0x2  Code  Wk  usbd_hid.o [1]
usbd_hid_set_report     0x000309a9      0x2  Code  Wk  usbd_hid.o [1]
usbd_hs_enable          0x000384be      0x1  Data  Gb  usb_lib.o [1]
usbd_if_num             0x000384b0      0x2  Data  Gb  usb_lib.o [1]
usbd_init               0x0002fa59     0x18  Code  Gb  usbd_core.o [1]
usbd_max_packet0        0x000384bf      0x1  Data  Gb  usb_lib.o [1]
usbd_msc_ep_bulkin      0x000384c4      0x1  Data  Gb  usb_lib.o [1]
usbd_msc_ep_bulkout     0x000384c5      0x1  Data  Gb  usb_lib.o [1]
usbd_msc_if_num         0x000384c3      0x1  Data  Gb  usb_lib.o [1]
usbd_msc_init           0x0002f9b1     0x3c  Code  Gb  Module_USB.o [1]
usbd_msc_inquiry_data   0x1fff003c      0x4  Data  Gb  usb_lib.o [1]
usbd_msc_maxpacketsize  0x00038324      0x4  Data  Gb  usb_lib.o [1]
usbd_msc_read_sect      0x0002f9ed     0x1c  Code  Gb  Module_USB.o [1]
usbd_msc_start_stop     0x0002e1b9      0x2  Code  Wk  usbd_msc.o [1]
usbd_msc_write_sect     0x0002fa09     0x1c  Code  Gb  Module_USB.o [1]
usbd_power              0x000384bd      0x1  Data  Gb  usb_lib.o [1]
usbd_reset_core         0x0002fa7d     0x38  Code  Gb  usbd_core.o [1]
validate                0x0002c683     0x3a  Code  Lc  ff.o [1]


[1] = E:\work\GitHub\Template_For_uCOS-II\output\Debug\Obj
[2] = command line
[3] = dl7M_tln.a
[4] = rt7M_tl.a
[5] = shb_l.a

   53 483 bytes of readonly  code memory
  177 197 bytes of readonly  data memory
   77 345 bytes of readwrite data memory

Errors: none
Warnings: none
