###############################################################################
#
# IAR ELF Linker V7.20.2.7424/W32 for ARM                 30/Sep/2015  11:46:04
# Copyright 2007-2014 IAR Systems AB.
#
#    Output file  =  C:\work\Template_For_uCOS-II\Release\Exe\Project.out
#    Map file     =  C:\work\Template_For_uCOS-II\Release\List\Project.map
#    Command line =  
#        C:\work\Template_For_uCOS-II\Release\Obj\adc.o
#        C:\work\Template_For_uCOS-II\Release\Obj\can.o
#        C:\work\Template_For_uCOS-II\Release\Obj\cmp.o
#        C:\work\Template_For_uCOS-II\Release\Obj\common.o
#        C:\work\Template_For_uCOS-II\Release\Obj\cpuidy.o
#        C:\work\Template_For_uCOS-II\Release\Obj\crc.o
#        C:\work\Template_For_uCOS-II\Release\Obj\dac.o
#        C:\work\Template_For_uCOS-II\Release\Obj\dma.o
#        C:\work\Template_For_uCOS-II\Release\Obj\enet.o
#        C:\work\Template_For_uCOS-II\Release\Obj\flash.o
#        C:\work\Template_For_uCOS-II\Release\Obj\flexbus.o
#        C:\work\Template_For_uCOS-II\Release\Obj\ftm.o
#        C:\work\Template_For_uCOS-II\Release\Obj\gpio.o
#        C:\work\Template_For_uCOS-II\Release\Obj\i2c.o
#        C:\work\Template_For_uCOS-II\Release\Obj\i2s.o
#        C:\work\Template_For_uCOS-II\Release\Obj\lptmr.o
#        C:\work\Template_For_uCOS-II\Release\Obj\main.o
#        C:\work\Template_For_uCOS-II\Release\Obj\Module_BSP.o
#        C:\work\Template_For_uCOS-II\Release\Obj\Module_Can.o
#        C:\work\Template_For_uCOS-II\Release\Obj\Module_Init.o
#        C:\work\Template_For_uCOS-II\Release\Obj\Module_Protocol.o
#        C:\work\Template_For_uCOS-II\Release\Obj\nfc.o
#        C:\work\Template_For_uCOS-II\Release\Obj\os_core.o
#        C:\work\Template_For_uCOS-II\Release\Obj\os_cpu_a_iar.o
#        C:\work\Template_For_uCOS-II\Release\Obj\os_cpu_c.o
#        C:\work\Template_For_uCOS-II\Release\Obj\os_dbg.o
#        C:\work\Template_For_uCOS-II\Release\Obj\os_flag.o
#        C:\work\Template_For_uCOS-II\Release\Obj\os_mbox.o
#        C:\work\Template_For_uCOS-II\Release\Obj\os_mem.o
#        C:\work\Template_For_uCOS-II\Release\Obj\os_mutex.o
#        C:\work\Template_For_uCOS-II\Release\Obj\os_q.o
#        C:\work\Template_For_uCOS-II\Release\Obj\os_sem.o
#        C:\work\Template_For_uCOS-II\Release\Obj\os_task.o
#        C:\work\Template_For_uCOS-II\Release\Obj\os_time.o
#        C:\work\Template_For_uCOS-II\Release\Obj\os_tmr.o
#        C:\work\Template_For_uCOS-II\Release\Obj\pdb.o
#        C:\work\Template_For_uCOS-II\Release\Obj\pit.o
#        C:\work\Template_For_uCOS-II\Release\Obj\rtc.o
#        C:\work\Template_For_uCOS-II\Release\Obj\sd.o
#        C:\work\Template_For_uCOS-II\Release\Obj\spi.o
#        C:\work\Template_For_uCOS-II\Release\Obj\startup_MK60D10.o
#        C:\work\Template_For_uCOS-II\Release\Obj\system_MK60D10.o
#        C:\work\Template_For_uCOS-II\Release\Obj\systick.o
#        C:\work\Template_For_uCOS-II\Release\Obj\tsi.o
#        C:\work\Template_For_uCOS-II\Release\Obj\uart.o
#        C:\work\Template_For_uCOS-II\Release\Obj\vref.o
#        C:\work\Template_For_uCOS-II\Release\Obj\wdog.o --redirect
#        _Printf=_PrintfFull --redirect _Scanf=_ScanfFull -o
#        C:\work\Template_For_uCOS-II\Release\Exe\Project.out --map
#        C:\work\Template_For_uCOS-II\Release\List\Project.map --config
#        C:\work\Template_For_uCOS-II\Software\LinkFiles\K60\LPLD_K60DN512_FLASH.icf
#        --semihosting --entry __iar_program_start --redirect
#        __write=__write_buffered --vfe
#
###############################################################################

*******************************************************************************
*** RUNTIME MODEL ATTRIBUTES
***

CppFlavor       = *
__SystemLibrary = DLib


*******************************************************************************
*** PLACEMENT SUMMARY
***

"A1":  place at 0x00000000 { ro section .intvec };
"P1":  place in [from 0x00000000 to 0x00080000] { ro, block CodeRelocate };
"P2":  place in [from 0x1fff0410 to 0x20010000] {
          rw, block CodeRelocateRam, block CSTACK, block HEAP };

  Section            Kind        Address    Size  Object
  -------            ----        -------    ----  ------
"A1":                                      0x410
  .intvec            ro code  0x00000000   0x410  startup_MK60D10.o [1]
                            - 0x00000410   0x410

"P1":                                     0x47dc
  .text              ro code  0x00000410   0x9f4  os_core.o [1]
  CODE               ro code  0x00000e04    0xac  os_cpu_a_iar.o [1]
  .text              ro code  0x00000eb0    0xf0  os_cpu_c.o [1]
  .text              ro code  0x00000fa0    0x82  os_flag.o [1]
  .text              ro code  0x00001022    0x22  zero_init3.o [4]
  .text              ro code  0x00001044    0x5c  os_mem.o [1]
  .text              ro code  0x000010a0    0x50  os_q.o [1]
  .text              ro code  0x000010f0   0x260  os_tmr.o [1]
  .text              ro code  0x00001350   0x108  os_time.o [1]
  .text              ro code  0x00001458   0x510  os_task.o [1]
  .text              ro code  0x00001968   0x1b4  os_sem.o [1]
  .text              ro code  0x00001b1c   0x85c  uart.o [1]
  .text              ro code  0x00002378    0x9a  common.o [1]
  .rodata            const    0x00002412     0x2  can.o [1]
  .text              ro code  0x00002414   0x38e  gpio.o [1]
  .text              ro code  0x000027a4   0x4c8  dma.o [1]
  .text              ro code  0x00002c6c     0x6  ABImemclr4.o [4]
  .text              ro code  0x00002c74   0x238  system_MK60D10.o [1]
  .text              ro code  0x00002eac    0x32  ABImemset48.o [4]
  .text              ro code  0x00002ee0   0x6b0  Module_Can.o [1]
  .text              ro code  0x00003590   0x5a0  can.o [1]
  .text              ro code  0x00003b30   0x2bc  Module_Protocol.o [1]
  .text              ro code  0x00003dec    0x2a  crc.o [1]
  .text              ro code  0x00003e18    0x76  ABImemcpy_unaligned.o [4]
  .text              ro code  0x00003e90   0x132  I64DivMod.o [4]
  .text              ro code  0x00003fc4    0x66  ABImemset.o [4]
  .text              ro code  0x0000402c     0x2  I64DivZer.o [4]
  .text              ro code  0x00004030   0x138  ftm.o [1]
  .text              ro code  0x00004168   0x124  main.o [1]
  .text              ro code  0x0000428c    0x9c  Module_BSP.o [1]
  .text              ro code  0x00004328    0x9c  systick.o [1]
  .text              ro code  0x000043c4    0x58  os_mbox.o [1]
  .text              ro code  0x0000441c    0x50  wdog.o [1]
  .text              ro code  0x0000446c    0x70  Module_Init.o [1]
  .rodata            const    0x000044dc   0x100  os_core.o [1]
  .text              ro code  0x000045dc    0x94  dac.o [1]
  .text              ro code  0x00004670    0x5c  pit.o [1]
  .text              ro code  0x000046cc    0x58  rtc.o [1]
  .text              ro code  0x00004724    0x52  spi.o [1]
  .rodata            const    0x00004778    0x48  uart.o [1]
  .text              ro code  0x000047c0    0x48  enet.o [1]
  .text              ro code  0x00004808    0x34  tsi.o [1]
  .text              ro code  0x0000483c    0x28  adc.o [1]
  .text              ro code  0x00004864    0x28  lptmr.o [1]
  .text              ro code  0x0000488c    0x28  pdb.o [1]
  .text              ro code  0x000048b4    0x28  data_init.o [4]
  .iar.init_table    const    0x000048dc    0x10  - Linker created -
  .text              ro code  0x000048ec    0x1a  cmain.o [4]
  .text              ro code  0x00004906     0x4  low_level_init.o [3]
  .text              ro code  0x0000490a     0x4  exit.o [3]
  .text              ro code  0x00004910     0xa  cexit.o [4]
  .text              ro code  0x0000491c    0x14  exit.o [5]
  .rodata            const    0x00004930    0x18  can.o [1]
  .rodata            const    0x00004948    0x18  uart.o [1]
  .rodata            const    0x00004960    0x18  uart.o [1]
  .rodata            const    0x00004978    0x18  uart.o [1]
  .rodata            const    0x00004990    0x14  gpio.o [1]
  .rodata            const    0x000049a4    0x14  gpio.o [1]
  .rodata            const    0x000049b8    0x14  gpio.o [1]
  .rodata            const    0x000049cc    0x14  os_tmr.o [1]
  .rodata            const    0x000049e0    0x14  os_tmr.o [1]
  .rodata            const    0x000049f4    0x10  dma.o [1]
  .rodata            const    0x00004a04    0x10  os_core.o [1]
  .rodata            const    0x00004a14    0x10  os_core.o [1]
  .rodata            const    0x00004a24    0x10  os_tmr.o [1]
  .text              ro code  0x00004a34    0x10  startup_MK60D10.o [1]
  .rodata            const    0x00004a44     0xc  ftm.o [1]
  .rodata            const    0x00004a50     0xc  ftm.o [1]
  .rodata            const    0x00004a5c     0xc  spi.o [1]
  .text              ro code  0x00004a68     0xc  cstartup_M.o [4]
  .rodata            const    0x00004a74     0x8  can.o [1]
  .rodata            const    0x00004a7c     0x8  dac.o [1]
  .rodata            const    0x00004a84     0x8  Module_Can.o [1]
  .rodata            const    0x00004a8c     0x8  Module_Can.o [1]
  .rodata            const    0x00004a94     0x8  Module_Can.o [1]
  .rodata            const    0x00004a9c     0x8  Module_Can.o [1]
  .rodata            const    0x00004aa4     0x8  Module_Can.o [1]
  .rodata            const    0x00004aac     0x8  Module_Can.o [1]
  .rodata            const    0x00004ab4     0x8  Module_Can.o [1]
  .rodata            const    0x00004abc     0x8  uart.o [1]
  .rodata            const    0x00004ac4     0x4  dma.o [1]
  .text              ro code  0x00004ac8     0x4  startup_MK60D10.o [1]
  .text              ro code  0x00004acc     0x4  startup_MK60D10.o [1]
  .text              ro code  0x00004ad0     0x4  startup_MK60D10.o [1]
  .text              ro code  0x00004ad4     0x4  startup_MK60D10.o [1]
  .text              ro code  0x00004ad8     0x4  startup_MK60D10.o [1]
  .text              ro code  0x00004adc     0x4  startup_MK60D10.o [1]
  .text              ro code  0x00004ae0     0x4  startup_MK60D10.o [1]
  .text              ro code  0x00004ae4     0x4  startup_MK60D10.o [1]
  .text              ro code  0x00004ae8     0x4  startup_MK60D10.o [1]
  .text              ro code  0x00004aec     0x4  startup_MK60D10.o [1]
  .text              ro code  0x00004af0     0x4  startup_MK60D10.o [1]
  .text              ro code  0x00004af4     0x4  startup_MK60D10.o [1]
  .text              ro code  0x00004af8     0x4  startup_MK60D10.o [1]
  .text              ro code  0x00004afc     0x4  startup_MK60D10.o [1]
  .text              ro code  0x00004b00     0x4  startup_MK60D10.o [1]
  .text              ro code  0x00004b04     0x4  startup_MK60D10.o [1]
  .text              ro code  0x00004b08     0x4  startup_MK60D10.o [1]
  .text              ro code  0x00004b0c     0x4  startup_MK60D10.o [1]
  .text              ro code  0x00004b10     0x4  startup_MK60D10.o [1]
  .text              ro code  0x00004b14     0x4  startup_MK60D10.o [1]
  .text              ro code  0x00004b18     0x4  startup_MK60D10.o [1]
  .text              ro code  0x00004b1c     0x4  startup_MK60D10.o [1]
  .text              ro code  0x00004b20     0x4  startup_MK60D10.o [1]
  .text              ro code  0x00004b24     0x4  startup_MK60D10.o [1]
  .text              ro code  0x00004b28     0x4  startup_MK60D10.o [1]
  .text              ro code  0x00004b2c     0x4  startup_MK60D10.o [1]
  .text              ro code  0x00004b30     0x4  startup_MK60D10.o [1]
  .text              ro code  0x00004b34     0x4  startup_MK60D10.o [1]
  .text              ro code  0x00004b38     0x4  startup_MK60D10.o [1]
  .text              ro code  0x00004b3c     0x4  startup_MK60D10.o [1]
  .text              ro code  0x00004b40     0x4  startup_MK60D10.o [1]
  .text              ro code  0x00004b44     0x4  startup_MK60D10.o [1]
  .text              ro code  0x00004b48     0x4  startup_MK60D10.o [1]
  .text              ro code  0x00004b4c     0x4  startup_MK60D10.o [1]
  .text              ro code  0x00004b50     0x4  startup_MK60D10.o [1]
  .text              ro code  0x00004b54     0x4  startup_MK60D10.o [1]
  .text              ro code  0x00004b58     0x4  startup_MK60D10.o [1]
  .text              ro code  0x00004b5c     0x4  startup_MK60D10.o [1]
  .text              ro code  0x00004b60     0x4  startup_MK60D10.o [1]
  .text              ro code  0x00004b64     0x4  startup_MK60D10.o [1]
  .text              ro code  0x00004b68     0x4  startup_MK60D10.o [1]
  .text              ro code  0x00004b6c     0x4  startup_MK60D10.o [1]
  .text              ro code  0x00004b70     0x4  startup_MK60D10.o [1]
  .text              ro code  0x00004b74     0x4  startup_MK60D10.o [1]
  .text              ro code  0x00004b78     0x4  startup_MK60D10.o [1]
  .text              ro code  0x00004b7c     0x4  startup_MK60D10.o [1]
  .text              ro code  0x00004b80     0x4  startup_MK60D10.o [1]
  .text              ro code  0x00004b84     0x4  startup_MK60D10.o [1]
  .text              ro code  0x00004b88     0x4  startup_MK60D10.o [1]
  .text              ro code  0x00004b8c     0x4  startup_MK60D10.o [1]
  .text              ro code  0x00004b90     0x4  startup_MK60D10.o [1]
  .text              ro code  0x00004b94     0x4  startup_MK60D10.o [1]
  .text              ro code  0x00004b98     0x4  startup_MK60D10.o [1]
  .text              ro code  0x00004b9c     0x4  startup_MK60D10.o [1]
  .text              ro code  0x00004ba0     0x4  startup_MK60D10.o [1]
  .text              ro code  0x00004ba4     0x4  startup_MK60D10.o [1]
  .text              ro code  0x00004ba8     0x4  startup_MK60D10.o [1]
  .text              ro code  0x00004bac     0x4  startup_MK60D10.o [1]
  .text              ro code  0x00004bb0     0x4  startup_MK60D10.o [1]
  .text              ro code  0x00004bb4     0x4  startup_MK60D10.o [1]
  .text              ro code  0x00004bb8     0x4  startup_MK60D10.o [1]
  .rodata            const    0x00004bbc     0x0  zero_init3.o [4]
  Initializer bytes  ro data  0x00004bbc    0x30  <for P2 s0>
                            - 0x00004bec  0x47dc

"P2":                                     0x2bd0
  P2 s0                       0x1fff0410    0x30  <Init block>
    .data            inited   0x1fff0410    0x18  uart.o [1]
    .data            inited   0x1fff0428    0x10  Module_Can.o [1]
    .data            inited   0x1fff0438     0x4  system_MK60D10.o [1]
    .data            inited   0x1fff043c     0x1  uart.o [1]
  .bss               zero     0x1fff0440   0x790  os_core.o [1]
  .bss               zero     0x1fff0bd0   0x600  Module_Init.o [1]
  .bss               zero     0x1fff11d0   0x280  os_core.o [1]
  .bss               zero     0x1fff1450   0x200  main.o [1]
  .bss               zero     0x1fff1650   0x200  main.o [1]
  .bss               zero     0x1fff1850   0x200  main.o [1]
  .bss               zero     0x1fff1a50   0x200  main.o [1]
  .bss               zero     0x1fff1c50   0x200  main.o [1]
  .bss               zero     0x1fff1e50   0x200  os_core.o [1]
  .bss               zero     0x1fff2050   0x200  os_core.o [1]
  .bss               zero     0x1fff2250   0x200  os_core.o [1]
  .bss               zero     0x1fff2450   0x200  os_cpu_c.o [1]
  .bss               zero     0x1fff2650   0x100  os_core.o [1]
  .bss               zero     0x1fff2750    0xf0  os_core.o [1]
  .bss               zero     0x1fff2840    0x78  Module_Protocol.o [1]
  .bss               zero     0x1fff28b8    0x78  os_core.o [1]
  .bss               zero     0x1fff2930    0x60  os_core.o [1]
  .bss               zero     0x1fff2990    0x50  os_core.o [1]
  .bss               zero     0x1fff29e0    0x40  dma.o [1]
  .bss               zero     0x1fff2a20    0x40  os_core.o [1]
  .bss               zero     0x1fff2a60    0x28  Module_Can.o [1]
  .bss               zero     0x1fff2a88    0x18  uart.o [1]
  .bss               zero     0x1fff2aa0    0x18  uart.o [1]
  .bss               zero     0x1fff2ab8    0x14  gpio.o [1]
  .bss               zero     0x1fff2acc    0x14  uart.o [1]
  .bss               zero     0x1fff2ae0    0x10  pit.o [1]
  .bss               zero     0x1fff2af0     0xc  ftm.o [1]
  .bss               zero     0x1fff2afc     0xc  Module_Can.o [1]
  .bss               zero     0x1fff2b08     0xc  Module_Can.o [1]
  .bss               zero     0x1fff2b14     0xc  spi.o [1]
  .bss               zero     0x1fff2b20     0x8  adc.o [1]
  .bss               zero     0x1fff2b28     0x8  can.o [1]
  .bss               zero     0x1fff2b30     0x8  dac.o [1]
  .bss               zero     0x1fff2b38     0x8  Module_Init.o [1]
  .bss               zero     0x1fff2b40     0x8  os_core.o [1]
  .bss               zero     0x1fff2b48     0x4  dma.o [1]
  .bss               zero     0x1fff2b4c     0x4  enet.o [1]
  .bss               zero     0x1fff2b50     0x4  enet.o [1]
  .bss               zero     0x1fff2b54     0x4  lptmr.o [1]
  .bss               zero     0x1fff2b58     0x4  Module_Init.o [1]
  .bss               zero     0x1fff2b5c     0x4  Module_Init.o [1]
  .bss               zero     0x1fff2b60     0x4  os_core.o [1]
  .bss               zero     0x1fff2b64     0x4  os_core.o [1]
  .bss               zero     0x1fff2b68     0x4  os_core.o [1]
  .bss               zero     0x1fff2b6c     0x4  os_core.o [1]
  .bss               zero     0x1fff2b70     0x4  os_core.o [1]
  .bss               zero     0x1fff2b74     0x4  os_core.o [1]
  .bss               zero     0x1fff2b78     0x4  os_core.o [1]
  .bss               zero     0x1fff2b7c     0x4  os_core.o [1]
  .bss               zero     0x1fff2b80     0x4  os_core.o [1]
  .bss               zero     0x1fff2b84     0x4  os_core.o [1]
  .bss               zero     0x1fff2b88     0x4  os_core.o [1]
  .bss               zero     0x1fff2b8c     0x4  os_core.o [1]
  .bss               zero     0x1fff2b90     0x4  os_core.o [1]
  .bss               zero     0x1fff2b94     0x4  os_core.o [1]
  .bss               zero     0x1fff2b98     0x4  os_core.o [1]
  .bss               zero     0x1fff2b9c     0x4  os_core.o [1]
  .bss               zero     0x1fff2ba0     0x4  os_core.o [1]
  .bss               zero     0x1fff2ba4     0x4  os_cpu_c.o [1]
  .bss               zero     0x1fff2ba8     0x4  pdb.o [1]
  .bss               zero     0x1fff2bac     0x4  rtc.o [1]
  .bss               zero     0x1fff2bb0     0x4  systick.o [1]
  .bss               zero     0x1fff2bb4     0x4  systick.o [1]
  .bss               zero     0x1fff2bb8     0x4  tsi.o [1]
  .bss               zero     0x1fff2bbc     0x4  wdog.o [1]
  .bss               zero     0x1fff2bc0     0x2  Module_Init.o [1]
  .bss               zero     0x1fff2bc2     0x2  Module_Init.o [1]
  .bss               zero     0x1fff2bc4     0x2  Module_Init.o [1]
  .bss               zero     0x1fff2bc6     0x2  os_core.o [1]
  .bss               zero     0x1fff2bc8     0x2  os_core.o [1]
  .bss               zero     0x1fff2bca     0x2  os_cpu_c.o [1]
  .bss               zero     0x1fff2bcc     0x1  Module_Init.o [1]
  .bss               zero     0x1fff2bcd     0x1  Module_Init.o [1]
  .bss               zero     0x1fff2bce     0x1  Module_Init.o [1]
  .bss               zero     0x1fff2bcf     0x1  Module_Init.o [1]
  .bss               zero     0x1fff2bd0     0x1  Module_Init.o [1]
  .bss               zero     0x1fff2bd1     0x1  Module_Init.o [1]
  .bss               zero     0x1fff2bd2     0x1  Module_Init.o [1]
  .bss               zero     0x1fff2bd3     0x1  Module_Init.o [1]
  .bss               zero     0x1fff2bd4     0x1  os_core.o [1]
  .bss               zero     0x1fff2bd5     0x1  os_core.o [1]
  .bss               zero     0x1fff2bd6     0x1  os_core.o [1]
  .bss               zero     0x1fff2bd7     0x1  os_core.o [1]
  .bss               zero     0x1fff2bd8     0x1  os_core.o [1]
  .bss               zero     0x1fff2bd9     0x1  os_core.o [1]
  .bss               zero     0x1fff2bda     0x1  os_core.o [1]
  .bss               zero     0x1fff2bdb     0x1  os_core.o [1]
  .bss               zero     0x1fff2bdc     0x1  os_core.o [1]
  .bss               zero     0x1fff2bdd     0x1  os_core.o [1]
  .bss               zero     0x1fff2bde     0x1  uart.o [1]
  CSTACK                      0x1fff2be0   0x400  <Block>
    CSTACK           uninit   0x1fff2be0   0x400  <Block tail>
                            - 0x1fff2fe0  0x2bd0


*******************************************************************************
*** INIT TABLE
***

          Address     Size
          -------     ----
Zero (__iar_zero_init3)
    1 destination range, total size 0x279f:
          0x1fff0440  0x279f



*******************************************************************************
*** MODULE SUMMARY
***

    Module                 ro code  ro data  rw data
    ------                 -------  -------  -------
C:\work\Template_For_uCOS-II\Release\Obj: [1]
    Module_BSP.o               156
    Module_Can.o             1 712       72       80
    Module_Init.o              112             1 566
    Module_Protocol.o          700               120
    adc.o                       40                 8
    can.o                    1 440       34        8
    common.o                   154
    crc.o                       42
    dac.o                      148        8        8
    dma.o                    1 224       20       68
    enet.o                      72                 8
    ftm.o                      312       24       12
    gpio.o                     910       60       20
    lptmr.o                     40                 4
    main.o                     292             2 560
    os_core.o                2 548      288    5 058
    os_cpu_a_iar.o             172
    os_cpu_c.o                 240               518
    os_flag.o                  130
    os_mbox.o                   88
    os_mem.o                    92
    os_q.o                      80
    os_sem.o                   436
    os_task.o                1 296
    os_time.o                  264
    os_tmr.o                   608       56
    pdb.o                       40                 4
    pit.o                       92                16
    rtc.o                       88                 4
    spi.o                       82       12       12
    startup_MK60D10.o        1 300
    system_MK60D10.o           568        4        4
    systick.o                  156                 8
    tsi.o                       52                 4
    uart.o                   2 140      177       94
    wdog.o                      80                 4
    ------------------------------------------------
    Total:                  17 906      755   10 188

command line: [2]
    ------------------------------------------------
    Total:

dl7M_tln.a: [3]
    exit.o                       4
    low_level_init.o             4
    ------------------------------------------------
    Total:                       8

rt7M_tl.a: [4]
    ABImemclr4.o                 6
    ABImemcpy_unaligned.o      118
    ABImemset.o                102
    ABImemset48.o               50
    I64DivMod.o                306
    I64DivZer.o                  2
    cexit.o                     10
    cmain.o                     26
    cstartup_M.o                12
    data_init.o                 40
    zero_init3.o                34
    ------------------------------------------------
    Total:                     706

shb_l.a: [5]
    exit.o                      20
    ------------------------------------------------
    Total:                      20

    Gaps                        20        2
    Linker created                       19    1 024
----------------------------------------------------
    Grand Total:            18 660      776   11 212


*******************************************************************************
*** ENTRY LIST
***

Entry                      Address   Size  Type      Object
-----                      -------   ----  ----      ------
?main                   0x000048ed         Code  Gb  cmain.o [4]
ADC0_IRQHandler         0x0000483d   0x12  Code  Gb  adc.o [1]
ADC1_IRQHandler         0x0000484f   0x12  Code  Gb  adc.o [1]
ADC_CallBackTable       0x1fff2b20    0x8  Data  Lc  adc.o [1]
APP_MBOX_STK            0x1fff1650  0x200  Data  Gb  main.o [1]
APP_POST_STK            0x1fff1a50  0x200  Data  Gb  main.o [1]
APP_SEM_STK             0x1fff1850  0x200  Data  Gb  main.o [1]
APP_START_STK           0x1fff1450  0x200  Data  Gb  main.o [1]
APP_TIME_STK            0x1fff1c50  0x200  Data  Gb  main.o [1]
App_Task_Mbox           0x000041e5   0x20  Code  Gb  main.o [1]
App_Task_Post           0x00004219   0x1c  Code  Gb  main.o [1]
App_Task_Sem            0x00004205   0x12  Code  Gb  main.o [1]
App_Task_Start          0x0000418d   0x58  Code  Lc  main.o [1]
App_Task_Time           0x00004235   0x36  Code  Gb  main.o [1]
CAN0_ORed_Message_buffer_IRQHandler
                        0x00003ad1   0x12  Code  Gb  can.o [1]
CAN1_ORed_Message_buffer_IRQHandler
                        0x00003ae3   0x12  Code  Gb  can.o [1]
CANBase                 0x00004a74    0x8  Data  Gb  can.o [1]
CAN_CallBackTable       0x1fff2b28    0x8  Data  Lc  can.o [1]
CAN_CallbackInstall     0x0000395d    0xe  Code  Gb  can.o [1]
CAN_IRQnTable           0x00002412    0x2  Data  Lc  can.o [1]
CAN_ISR                 0x00002ee1   0x34  Code  Gb  Module_Can.o [1]
CAN_ITDMAConfig         0x0000396b   0x92  Code  Gb  can.o [1]
CAN_Init                0x00003707   0xe4  Code  Gb  can.o [1]
CAN_QuickInit           0x000037eb   0x4e  Code  Gb  can.o [1]
CAN_ReadData            0x000039fd   0xd4  Code  Gb  can.o [1]
CAN_SetBaudrate         0x000035a7   0x84  Code  Lc  can.o [1]
CAN_SetRxMB             0x000036af   0x58  Code  Gb  can.o [1]
CAN_WriteData           0x0000385f   0xfe  Code  Gb  can.o [1]
CSTACK$$Base            0x1fff2be0          --   Gb  - Linker created -
CSTACK$$Limit           0x1fff2fe0          --   Gb  - Linker created -
Can1_Buf                0x1fff2b38    0x8  Data  Gb  Module_Init.o [1]
Can1_Rev_Flag           0x1fff2bd2    0x1  Data  Gb  Module_Init.o [1]
CheckPack_Ding_Chong    0x00003bdf  0x192  Code  Gb  Module_Protocol.o [1]
CheckPack_True_win      0x00003b31   0xae  Code  Gb  Module_Protocol.o [1]
ClkTbl                  0x00004930   0x18  Data  Lc  can.o [1]
ClkTbl                  0x00004778   0x48  Data  Lc  uart.o [1]
DAC0_IRQHandler         0x0000465d    0xa  Code  Gb  dac.o [1]
DAC1_IRQHandler         0x00004667    0xa  Code  Gb  dac.o [1]
DAC_CallBackTable       0x1fff2b30    0x8  Data  Lc  dac.o [1]
DAC_IRQHandler          0x000045dd   0x74  Code  Lc  dac.o [1]
DAC_InstanceTable       0x00004a7c    0x8  Data  Lc  dac.o [1]
DMA0_IRQHandler         0x00002bcd    0xa  Code  Gb  dma.o [1]
DMA10_IRQHandler        0x00002c31    0xa  Code  Gb  dma.o [1]
DMA11_IRQHandler        0x00002c3b    0xa  Code  Gb  dma.o [1]
DMA12_IRQHandler        0x00002c45    0xa  Code  Gb  dma.o [1]
DMA13_IRQHandler        0x00002c4f    0xa  Code  Gb  dma.o [1]
DMA14_IRQHandler        0x00002c59    0xa  Code  Gb  dma.o [1]
DMA15_IRQHandler        0x00002c63    0xa  Code  Gb  dma.o [1]
DMA1_IRQHandler         0x00002bd7    0xa  Code  Gb  dma.o [1]
DMA2UARTChlTable        0x1fff2acc   0x14  Data  Lc  uart.o [1]
DMA2_IRQHandler         0x00002be1    0xa  Code  Gb  dma.o [1]
DMA3_IRQHandler         0x00002beb    0xa  Code  Gb  dma.o [1]
DMA4_IRQHandler         0x00002bf5    0xa  Code  Gb  dma.o [1]
DMA5_IRQHandler         0x00002bff    0xa  Code  Gb  dma.o [1]
DMA6_IRQHandler         0x00002c09    0xa  Code  Gb  dma.o [1]
DMA7_IRQHandler         0x00002c13    0xa  Code  Gb  dma.o [1]
DMA8_IRQHandler         0x00002c1d    0xa  Code  Gb  dma.o [1]
DMA9_IRQHandler         0x00002c27    0xa  Code  Gb  dma.o [1]
DMAChlMAP               0x1fff2b48    0x4  Data  Lc  dma.o [1]
DMAMUX_InstanceTable    0x00004ac4    0x4  Data  Lc  dma.o [1]
DMA_CallBackTable       0x1fff29e0   0x40  Data  Lc  dma.o [1]
DMA_CallbackInstall     0x00002b65   0x10  Code  Gb  dma.o [1]
DMA_ChlAlloc            0x000029c7   0x2a  Code  Gb  dma.o [1]
DMA_ChlFree             0x000029f1   0x14  Code  Gb  dma.o [1]
DMA_EnableAutoDisableRequest
                        0x00002a53   0x4c  Code  Gb  dma.o [1]
DMA_EnableRequest       0x00002a49    0xa  Code  Gb  dma.o [1]
DMA_IRQHandler          0x00002b7f   0x1e  Code  Lc  dma.o [1]
DMA_IRQnTable           0x000049f4   0x10  Data  Lc  dma.o [1]
DMA_ISR                 0x00002337    0x8  Code  Gb  uart.o [1]
DMA_ITConfig            0x00002a9f   0xc6  Code  Gb  dma.o [1]
DMA_Init                0x000027bb  0x20c  Code  Gb  dma.o [1]
DMA_SetMajorLoopCounter
                        0x00002a05   0x44  Code  Gb  dma.o [1]
DMA_SetSourceAddress    0x00002b75    0xa  Code  Gb  dma.o [1]
DWT_DelayInit           0x000023dd   0x1a  Code  Gb  common.o [1]
DelayInit               0x00002409    0x8  Code  Wk  common.o [1]
ENET_CallBackRxTable    0x1fff2b50    0x4  Data  Lc  enet.o [1]
ENET_CallBackTxTable    0x1fff2b4c    0x4  Data  Lc  enet.o [1]
ENET_Receive_IRQHandler
                        0x000047df   0x1e  Code  Gb  enet.o [1]
ENET_Transmit_IRQHandler
                        0x000047c1   0x1e  Code  Gb  enet.o [1]
FTM0_IRQHandler         0x00004031   0x64  Code  Gb  ftm.o [1]
FTM1_IRQHandler         0x00004095   0x64  Code  Gb  ftm.o [1]
FTM2_IRQHandler         0x000040f9   0x64  Code  Gb  ftm.o [1]
FTM_CallBackTable       0x1fff2af0    0xc  Data  Lc  ftm.o [1]
FTM_ChlMaxTable         0x00004a50    0xc  Data  Lc  ftm.o [1]
FTM_InstanceTable       0x00004a44    0xc  Data  Lc  ftm.o [1]
GPIO_CallBackTable      0x1fff2ab8   0x14  Data  Lc  gpio.o [1]
GPIO_Init               0x00002611   0xe4  Code  Gb  gpio.o [1]
GPIO_InstanceTable      0x00004990   0x14  Data  Lc  gpio.o [1]
GPIO_PinConfig          0x000025b3   0x5e  Code  Gb  gpio.o [1]
GPIO_QuickInit          0x000026f5   0x1c  Code  Gb  gpio.o [1]
GPIO_ToggleBit          0x00002711   0x1a  Code  Gb  gpio.o [1]
GetClock                0x00002379   0x64  Code  Gb  common.o [1]
Init_Timer_Cnt          0x0000446d   0x70  Code  Gb  Module_Init.o [1]
LPTMR_CallBackTable     0x1fff2b54    0x4  Data  Lc  lptmr.o [1]
LPTimer_IRQHandler      0x00004865   0x1e  Code  Gb  lptmr.o [1]
NMI_Handler             0x00002411    0x2  Code  Gb  common.o [1]
NVIC_EnableIRQ          0x00003591   0x16  Code  Lc  can.o [1]
NVIC_EnableIRQ          0x000027a5   0x16  Code  Lc  dma.o [1]
NVIC_EnableIRQ          0x00001b1d   0x16  Code  Lc  uart.o [1]
OSCPUUsage              0x1fff2bd4    0x1  Data  Gb  os_core.o [1]
OSCtxSw                 0x00000e37         Code  Gb  os_cpu_a_iar.o [1]
OSCtxSwCtr              0x1fff2b60    0x4  Data  Gb  os_core.o [1]
OSEventFreeList         0x1fff2b64    0x4  Data  Gb  os_core.o [1]
OSEventNameSet          0x00000411   0x4c  Code  Gb  os_core.o [1]
OSEventTbl              0x1fff2750   0xf0  Data  Gb  os_core.o [1]
OSFlagFreeList          0x1fff2b68    0x4  Data  Gb  os_core.o [1]
OSFlagTbl               0x1fff2990   0x50  Data  Gb  os_core.o [1]
OSIdleCtr               0x1fff2b74    0x4  Data  Gb  os_core.o [1]
OSIdleCtrMax            0x1fff2b6c    0x4  Data  Gb  os_core.o [1]
OSIdleCtrRun            0x1fff2b70    0x4  Data  Gb  os_core.o [1]
OSInit                  0x0000045d   0x34  Code  Gb  os_core.o [1]
OSInitHookBegin         0x00000eb1   0x20  Code  Gb  os_cpu_c.o [1]
OSInitHookEnd           0x00000ed1    0x2  Code  Gb  os_cpu_c.o [1]
OSIntCtxSw              0x00000e3f         Code  Gb  os_cpu_a_iar.o [1]
OSIntEnter              0x00000491   0x24  Code  Gb  os_core.o [1]
OSIntExit               0x000004b5   0x94  Code  Gb  os_core.o [1]
OSIntNesting            0x1fff2bd6    0x1  Data  Gb  os_core.o [1]
OSLockNesting           0x1fff2bd7    0x1  Data  Gb  os_core.o [1]
OSMboxCreate            0x000043c5   0x4c  Code  Gb  os_mbox.o [1]
OSMemFreeList           0x1fff2b88    0x4  Data  Gb  os_core.o [1]
OSMemTbl                0x1fff28b8   0x78  Data  Gb  os_core.o [1]
OSPrioCur               0x1fff2bd8    0x1  Data  Gb  os_core.o [1]
OSPrioHighRdy           0x1fff2bd9    0x1  Data  Gb  os_core.o [1]
OSQFreeList             0x1fff2b8c    0x4  Data  Gb  os_core.o [1]
OSQTbl                  0x1fff2930   0x60  Data  Gb  os_core.o [1]
OSRdyGrp                0x1fff2bda    0x1  Data  Gb  os_core.o [1]
OSRdyTbl                0x1fff2b40    0x8  Data  Gb  os_core.o [1]
OSRunning               0x1fff2bdb    0x1  Data  Gb  os_core.o [1]
OSSchedLock             0x00000549   0x3a  Code  Gb  os_core.o [1]
OSSchedUnlock           0x00000583   0x5a  Code  Gb  os_core.o [1]
OSSemCreate             0x00001969   0x4c  Code  Gb  os_sem.o [1]
OSSemPend               0x000019b5   0xec  Code  Gb  os_sem.o [1]
OSSemPost               0x00001ab9   0x64  Code  Gb  os_sem.o [1]
OSStart                 0x000005dd   0x42  Code  Gb  os_core.o [1]
OSStartHighRdy          0x00000e13         Code  Gb  os_cpu_a_iar.o [1]
OSStatInit              0x0000061f   0x46  Code  Gb  os_core.o [1]
OSStatRdy               0x1fff2bd5    0x1  Data  Gb  os_core.o [1]
OSTCBCur                0x1fff2b78    0x4  Data  Gb  os_core.o [1]
OSTCBFreeList           0x1fff2b7c    0x4  Data  Gb  os_core.o [1]
OSTCBHighRdy            0x1fff2b80    0x4  Data  Gb  os_core.o [1]
OSTCBInitHook           0x00000f59    0x2  Code  Gb  os_cpu_c.o [1]
OSTCBList               0x1fff2b84    0x4  Data  Gb  os_core.o [1]
OSTCBPrioTbl            0x1fff2650  0x100  Data  Gb  os_core.o [1]
OSTCBTbl                0x1fff0440  0x790  Data  Gb  os_core.o [1]
OSTaskCreate            0x00001459   0xaa  Code  Gb  os_task.o [1]
OSTaskCreateExt         0x00001503   0xca  Code  Gb  os_task.o [1]
OSTaskCreateHook        0x00000ed3    0x2  Code  Gb  os_cpu_c.o [1]
OSTaskCtr               0x1fff2bdc    0x1  Data  Gb  os_core.o [1]
OSTaskDel               0x000015cd  0x186  Code  Gb  os_task.o [1]
OSTaskDelHook           0x00000ed5    0x2  Code  Gb  os_cpu_c.o [1]
OSTaskIdleHook          0x00000ed7    0x2  Code  Gb  os_cpu_c.o [1]
OSTaskIdleStk           0x1fff2050  0x200  Data  Gb  os_core.o [1]
OSTaskNameSet           0x00001753   0x7c  Code  Gb  os_task.o [1]
OSTaskReturnHook        0x00000ed9    0x2  Code  Gb  os_cpu_c.o [1]
OSTaskStatHook          0x00000edb    0x2  Code  Gb  os_cpu_c.o [1]
OSTaskStatStk           0x1fff1e50  0x200  Data  Gb  os_core.o [1]
OSTaskStkChk            0x000017cf   0x8a  Code  Gb  os_task.o [1]
OSTaskStkInit           0x00000edd   0x7a  Code  Gb  os_cpu_c.o [1]
OSTaskSuspend           0x0000185d   0xb6  Code  Gb  os_task.o [1]
OSTaskSwHook            0x00000f57    0x2  Code  Gb  os_cpu_c.o [1]
OSTickStepState         0x1fff2bdd    0x1  Data  Gb  os_core.o [1]
OSTime                  0x1fff2b90    0x4  Data  Gb  os_core.o [1]
OSTimeDly               0x00001351   0x68  Code  Gb  os_time.o [1]
OSTimeDlyHMSM           0x000013b9   0x8c  Code  Gb  os_time.o [1]
OSTimeTick              0x00000665   0xec  Code  Gb  os_core.o [1]
OSTimeTickHook          0x00000f5b   0x20  Code  Gb  os_cpu_c.o [1]
OSTmrCtr                0x1fff2bca    0x2  Data  Lc  os_cpu_c.o [1]
OSTmrFree               0x1fff2bc6    0x2  Data  Gb  os_core.o [1]
OSTmrFreeList           0x1fff2ba0    0x4  Data  Gb  os_core.o [1]
OSTmrSem                0x1fff2b98    0x4  Data  Gb  os_core.o [1]
OSTmrSemSignal          0x1fff2b9c    0x4  Data  Gb  os_core.o [1]
OSTmrSignal             0x000010f1    0xe  Code  Gb  os_tmr.o [1]
OSTmrTaskStk            0x1fff2250  0x200  Data  Gb  os_core.o [1]
OSTmrTbl                0x1fff11d0  0x280  Data  Gb  os_core.o [1]
OSTmrTime               0x1fff2b94    0x4  Data  Gb  os_core.o [1]
OSTmrUsed               0x1fff2bc8    0x2  Data  Gb  os_core.o [1]
OSTmrWheelTbl           0x1fff2a20   0x40  Data  Gb  os_core.o [1]
OSTmr_Init              0x000010ff   0xae  Code  Gb  os_tmr.o [1]
OSTmr_InitTask          0x000011ad   0x38  Code  Lc  os_tmr.o [1]
OSTmr_Link              0x000011e5   0x6e  Code  Lc  os_tmr.o [1]
OSTmr_Task              0x0000129d   0x7a  Code  Lc  os_tmr.o [1]
OSTmr_Unlink            0x00001253   0x4a  Code  Lc  os_tmr.o [1]
OSUnMapTbl              0x000044dc  0x100  Data  Gb  os_core.o [1]
OS_CPU_ExceptStk        0x1fff2450  0x200  Data  Gb  os_cpu_c.o [1]
OS_CPU_ExceptStkBase    0x1fff2ba4    0x4  Data  Gb  os_cpu_c.o [1]
OS_CPU_PendSVHandler    0x00000e47         Code  Gb  os_cpu_a_iar.o [1]
OS_CPU_SR_Restore       0x00000e0d         Code  Gb  os_cpu_a_iar.o [1]
OS_CPU_SR_Save          0x00000e05         Code  Gb  os_cpu_a_iar.o [1]
OS_Dummy                0x00000751    0x2  Code  Gb  os_core.o [1]
OS_EventTaskRdy         0x00000753   0x8c  Code  Gb  os_core.o [1]
OS_EventTaskRemove      0x0000086b   0x32  Code  Gb  os_core.o [1]
OS_EventTaskRemoveMulti
                        0x0000089d   0x3c  Code  Gb  os_core.o [1]
OS_EventTaskWait        0x000007df   0x8c  Code  Gb  os_core.o [1]
OS_EventWaitListInit    0x000008d9   0x1a  Code  Gb  os_core.o [1]
OS_FlagInit             0x00000fa1   0x4e  Code  Gb  os_flag.o [1]
OS_FlagUnlink           0x00000ffd   0x26  Code  Gb  os_flag.o [1]
OS_InitEventList        0x000008f3   0x60  Code  Lc  os_core.o [1]
OS_InitMisc             0x00000953   0x4e  Code  Lc  os_core.o [1]
OS_InitRdyList          0x000009a1   0x40  Code  Lc  os_core.o [1]
OS_InitTCBList          0x00000a5d   0x6c  Code  Lc  os_core.o [1]
OS_InitTaskIdle         0x000009e1   0x3e  Code  Lc  os_core.o [1]
OS_InitTaskStat         0x00000a1f   0x3e  Code  Lc  os_core.o [1]
OS_MemClr               0x00000ac9   0x12  Code  Gb  os_core.o [1]
OS_MemInit              0x00001045   0x4c  Code  Gb  os_mem.o [1]
OS_QInit                0x000010a1   0x44  Code  Gb  os_q.o [1]
OS_Sched                0x00000adb   0x5c  Code  Gb  os_core.o [1]
OS_SchedNew             0x00000b37   0x1e  Code  Lc  os_core.o [1]
OS_TCBInit              0x00000c45  0x146  Code  Gb  os_core.o [1]
OS_TaskIdle             0x00000b55   0x20  Code  Gb  os_core.o [1]
OS_TaskReturn           0x00001913   0x12  Code  Gb  os_task.o [1]
OS_TaskStat             0x00000b79   0x86  Code  Gb  os_core.o [1]
OS_TaskStatStkChk       0x00000bff   0x3e  Code  Gb  os_core.o [1]
OS_TaskStkClr           0x00001951   0x18  Code  Gb  os_task.o [1]
PDB0_IRQHandler         0x0000488d   0x1e  Code  Gb  pdb.o [1]
PDB_CallBackTable       0x1fff2ba8    0x4  Data  Lc  pdb.o [1]
PIT0_IRQHandler         0x000046a5    0xa  Code  Gb  pit.o [1]
PIT1_IRQHandler         0x000046af    0xa  Code  Gb  pit.o [1]
PIT2_IRQHandler         0x000046b9    0xa  Code  Gb  pit.o [1]
PIT3_IRQHandler         0x000046c3    0xa  Code  Gb  pit.o [1]
PIT_CallBackTable       0x1fff2ae0   0x10  Data  Lc  pit.o [1]
PIT_IRQHandler          0x00004671   0x2a  Code  Lc  pit.o [1]
PORTA_IRQHandler        0x00002771    0xa  Code  Gb  gpio.o [1]
PORTB_IRQHandler        0x0000277b    0xa  Code  Gb  gpio.o [1]
PORTC_IRQHandler        0x00002785    0xa  Code  Gb  gpio.o [1]
PORTD_IRQHandler        0x0000278f    0xa  Code  Gb  gpio.o [1]
PORTE_IRQHandler        0x00002799    0xa  Code  Gb  gpio.o [1]
PORT_IRQHandler         0x0000272b   0x30  Code  Lc  gpio.o [1]
PORT_InstanceTable      0x000049a4   0x14  Data  Lc  gpio.o [1]
PORT_PinMuxConfig       0x00002415   0x64  Code  Gb  gpio.o [1]
PORT_PinOpenDrainConfig
                        0x0000254f   0x64  Code  Gb  gpio.o [1]
PORT_PinPullConfig      0x00002479   0xd6  Code  Gb  gpio.o [1]
Pcak_Pile_State         0x000030f1  0x450  Code  Gb  Module_Can.o [1]
Pcak_Pile_State_All     0x00002f15   0x54  Code  Gb  Module_Can.o [1]
Pcak_Pile_State_All_Flag
                        0x1fff2bd1    0x1  Data  Gb  Module_Init.o [1]
Pile_Send               0x00002f69  0x188  Code  Gb  Module_Can.o [1]
Pile_State_Close        0x1fff2bcd    0x1  Data  Gb  Module_Init.o [1]
Pile_State_Close_Flag   0x1fff2bd0    0x1  Data  Gb  Module_Init.o [1]
Pile_State_Flag         0x1fff2bc0    0x2  Data  Gb  Module_Init.o [1]
Pile_State_Open         0x1fff2bcc    0x1  Data  Gb  Module_Init.o [1]
Pile_State_Open_Flag    0x1fff2bcf    0x1  Data  Gb  Module_Init.o [1]
Pile_State_Wait_Flag    0x1fff2bce    0x1  Data  Gb  Module_Init.o [1]
RTC_CallBackTable       0x1fff2bac    0x4  Data  Lc  rtc.o [1]
RTC_IRQHandler          0x000046cd   0x42  Code  Gb  rtc.o [1]
Region$$Table$$Base     0x000048dc          --   Gb  - Linker created -
Region$$Table$$Limit    0x000048ec          --   Gb  - Linker created -
SIM_GPIOClockGateTable  0x000049b8   0x14  Data  Lc  gpio.o [1]
SPI0_IRQHandler         0x00004759    0xa  Code  Gb  spi.o [1]
SPI1_IRQHandler         0x00004763    0xa  Code  Gb  spi.o [1]
SPI2_IRQHandler         0x0000476d    0xa  Code  Gb  spi.o [1]
SPI_CallBackTable       0x1fff2b14    0xc  Data  Lc  spi.o [1]
SPI_IRQHandler          0x00004725   0x2a  Code  Lc  spi.o [1]
SPI_InstanceTable       0x00004a5c    0xc  Data  Gb  spi.o [1]
SYSTICK_Cmd             0x0000436b   0x22  Code  Gb  systick.o [1]
SYSTICK_ITConfig        0x0000438d   0x22  Code  Gb  systick.o [1]
SYSTICK_Init            0x00004329   0x42  Code  Gb  systick.o [1]
Stitic_Time_Cnt         0x1fff2bc2    0x2  Data  Gb  Module_Init.o [1]
SysTick_Handler         0x00000f91   0x10  Code  Gb  os_cpu_c.o [1]
SystemCoreClock         0x1fff0438    0x4  Data  Gb  system_MK60D10.o [1]
SystemCoreClockUpdate   0x00002d29  0x140  Code  Gb  system_MK60D10.o [1]
SystemInit              0x00002c75   0xb4  Code  Gb  system_MK60D10.o [1]
TSI0_IRQHandler         0x00004809   0x2a  Code  Gb  tsi.o [1]
TSI_CallBackTable       0x1fff2bb8    0x4  Data  Lc  tsi.o [1]
UART0_RX_TX_IRQHandler  0x000021c5    0xa  Code  Gb  uart.o [1]
UART1_RX_TX_IRQHandler  0x000021cf    0xa  Code  Gb  uart.o [1]
UART2_RX_TX_IRQHandler  0x000021d9    0xa  Code  Gb  uart.o [1]
UART3_RX_TX_IRQHandler  0x000021e3    0xa  Code  Gb  uart.o [1]
UART4_RX_TX_IRQHandler  0x000021ed    0xa  Code  Gb  uart.o [1]
UART5_RX_TX_IRQHandler  0x000021f7    0xa  Code  Gb  uart.o [1]
UARTBase                0x00004978   0x18  Data  Lc  uart.o [1]
UART_Buffer             0x1fff0bd0  0x600  Data  Gb  Module_Init.o [1]
UART_CallBackRxTable    0x1fff2aa0   0x18  Data  Lc  uart.o [1]
UART_CallBackTxTable    0x1fff2a88   0x18  Data  Lc  uart.o [1]
UART_DMARevInit         0x000022c1   0x76  Code  Gb  uart.o [1]
UART_DMASendByte        0x00002293   0x2e  Code  Gb  uart.o [1]
UART_DataPortAddrTable  0x1fff0410   0x18  Data  Lc  uart.o [1]
UART_DebugInstance      0x1fff2bde    0x1  Data  Lc  uart.o [1]
UART_EnableRxFIFO       0x00001ebb   0x3e  Code  Gb  uart.o [1]
UART_EnableTxFIFO       0x00001e7d   0x3e  Code  Gb  uart.o [1]
UART_IRQ_Handler        0x00002137   0x8e  Code  Lc  uart.o [1]
UART_IRQnTable          0x00004abc    0x8  Data  Lc  uart.o [1]
UART_ITDMAConfig        0x00001ef9  0x1c6  Code  Gb  uart.o [1]
UART_Init               0x00001b33  0x34a  Code  Gb  uart.o [1]
UART_QuickInit          0x000020bf   0x78  Code  Gb  uart.o [1]
UART_RevDMATriggerSourceTable
                        0x00004960   0x18  Data  Lc  uart.o [1]
UART_SendDMATriggerSourceTable
                        0x00004948   0x18  Data  Lc  uart.o [1]
UART_SetDMATxMode       0x00002201   0x92  Code  Gb  uart.o [1]
UardDmaFlow             0x00003d71   0x50  Code  Gb  Module_Protocol.o [1]
Uart1_Rev_Flag          0x1fff2bd3    0x1  Data  Gb  Module_Init.o [1]
WDOG_CallBackTable      0x1fff2bbc    0x4  Data  Lc  wdog.o [1]
WDOG_Refresh            0x0000441d   0x22  Code  Gb  wdog.o [1]
Watchdog_IRQHandler     0x0000443f   0x1e  Code  Gb  wdog.o [1]
__BOOT_STACK_ADDRESS {Abs}
                        0x2000fff8          --   Gb  command line/config [2]
__VECTOR_RAM {Abs}      0x1fff0000          --   Gb  command line/config [2]
__VECTOR_TABLE {Abs}    0x00000000          --   Gb  command line/config [2]
__Vectors               0x00000000          --   Gb  startup_MK60D10.o [1]
__Vectors_End           0x00000400         Data  Gb  startup_MK60D10.o [1]
__Vectors_Size {Abs}    0x00000400          --   Gb  startup_MK60D10.o [1]
__aeabi_ldiv0           0x0000402d         Code  Gb  I64DivZer.o [4]
__aeabi_ldivmod         0x00003e91         Code  Gb  I64DivMod.o [4]
__aeabi_memclr4         0x00002c6d         Code  Gb  ABImemclr4.o [4]
__aeabi_memset          0x00003fc5         Code  Gb  ABImemset.o [4]
__aeabi_uldivmod        0x00003ed5         Code  Gb  I64DivMod.o [4]
__as_entries_start      0xffffffff          --   Gb  command line/config [2]
__as_table_start        0xffffffff          --   Gb  command line/config [2]
__cmain                 0x000048ed         Code  Gb  cmain.o [4]
__exit                  0x0000491d   0x14  Code  Gb  exit.o [5]
__iar_Memset            0x00003fc5         Code  Gb  ABImemset.o [4]
__iar_Memset4_word      0x00002ead         Code  Gb  ABImemset48.o [4]
__iar_Memset8_word      0x00002ead         Code  Gb  ABImemset48.o [4]
__iar_Memset_word       0x00003fcd         Code  Gb  ABImemset.o [4]
__iar_data_init3        0x000048b5   0x28  Code  Gb  data_init.o [4]
__iar_program_start     0x00004a69         Code  Gb  cstartup_M.o [4]
__iar_unaligned___aeabi_memcpy
                        0x00003e19         Code  Gb  ABImemcpy_unaligned.o [4]
__iar_unaligned___aeabi_memcpy4
                        0x00003e39         Code  Gb  ABImemcpy_unaligned.o [4]
__iar_unaligned___aeabi_memcpy8
                        0x00003e39         Code  Gb  ABImemcpy_unaligned.o [4]
__iar_zero_init3        0x00001023   0x22  Code  Gb  zero_init3.o [4]
__low_level_init        0x00004907    0x4  Code  Gb  low_level_init.o [3]
__vector_table          0x00000000         Data  Gb  startup_MK60D10.o [1]
_call_main              0x000048f9         Code  Gb  cmain.o [4]
_exit                   0x00004911         Code  Gb  cexit.o [4]
_main                   0x00004903         Code  Gb  cmain.o [4]
bsp_init                0x0000428d   0x9c  Code  Gb  Module_BSP.o [1]
crcCheck                0x00003ded   0x2a  Code  Gb  crc.o [1]
debug                   0x1fff2bc4    0x2  Data  Gb  Module_Init.o [1]
exit                    0x0000490b    0x4  Code  Gb  exit.o [3]
fac_ms                  0x1fff2bb4    0x4  Data  Lc  systick.o [1]
fac_us                  0x1fff2bb0    0x4  Data  Lc  systick.o [1]
is_mb_idle              0x00003839   0x26  Code  Lc  can.o [1]
main                    0x00004169   0x24  Code  Gb  main.o [1]
msg_test                0x1fff2b58    0x4  Data  Gb  Module_Init.o [1]
pile_info               0x1fff2840   0x78  Data  Gb  Module_Protocol.o [1]
sem_test                0x1fff2b5c    0x4  Data  Gb  Module_Init.o [1]
set_id                  0x0000362b   0x84  Code  Lc  can.o [1]
uart                    0x1fff2afc    0xc  Data  Gb  Module_Can.o [1]


[1] = C:\work\Template_For_uCOS-II\Release\Obj
[2] = command line
[3] = dl7M_tln.a
[4] = rt7M_tl.a
[5] = shb_l.a

  18 660 bytes of readonly  code memory
     776 bytes of readonly  data memory
  11 212 bytes of readwrite data memory

Errors: none
Warnings: none
