###############################################################################
#
# IAR ELF Linker V7.20.2.7424/W32 for ARM                 11/Dec/2015  15:50:50
# Copyright 2007-2014 IAR Systems AB.
#
#    Output file  =  
#        E:\work\GitHub\Template_For_uCOS-II\output\Release\Exe\Project.out
#    Map file     =  
#        E:\work\GitHub\Template_For_uCOS-II\output\Release\List\Project.map
#    Command line =  
#        E:\work\GitHub\Template_For_uCOS-II\output\Release\Obj\api_lib.o
#        E:\work\GitHub\Template_For_uCOS-II\output\Release\Obj\api_msg.o
#        E:\work\GitHub\Template_For_uCOS-II\output\Release\Obj\asn1_dec.o
#        E:\work\GitHub\Template_For_uCOS-II\output\Release\Obj\asn1_enc.o
#        E:\work\GitHub\Template_For_uCOS-II\output\Release\Obj\at24cxx.o
#        E:\work\GitHub\Template_For_uCOS-II\output\Release\Obj\auth.o
#        E:\work\GitHub\Template_For_uCOS-II\output\Release\Obj\autoip.o
#        E:\work\GitHub\Template_For_uCOS-II\output\Release\Obj\can.o
#        E:\work\GitHub\Template_For_uCOS-II\output\Release\Obj\cc936.o
#        E:\work\GitHub\Template_For_uCOS-II\output\Release\Obj\chap.o
#        E:\work\GitHub\Template_For_uCOS-II\output\Release\Obj\chpms.o
#        E:\work\GitHub\Template_For_uCOS-II\output\Release\Obj\common.o
#        E:\work\GitHub\Template_For_uCOS-II\output\Release\Obj\cpuidy.o
#        E:\work\GitHub\Template_For_uCOS-II\output\Release\Obj\crc.o
#        E:\work\GitHub\Template_For_uCOS-II\output\Release\Obj\def.o
#        E:\work\GitHub\Template_For_uCOS-II\output\Release\Obj\dhcp.o
#        E:\work\GitHub\Template_For_uCOS-II\output\Release\Obj\diskio.o
#        E:\work\GitHub\Template_For_uCOS-II\output\Release\Obj\dma.o
#        E:\work\GitHub\Template_For_uCOS-II\output\Release\Obj\dns.o
#        E:\work\GitHub\Template_For_uCOS-II\output\Release\Obj\drv_enet.o
#        E:\work\GitHub\Template_For_uCOS-II\output\Release\Obj\enet.o
#        E:\work\GitHub\Template_For_uCOS-II\output\Release\Obj\enet_phy.o
#        E:\work\GitHub\Template_For_uCOS-II\output\Release\Obj\err.o
#        E:\work\GitHub\Template_For_uCOS-II\output\Release\Obj\etharp.o
#        E:\work\GitHub\Template_For_uCOS-II\output\Release\Obj\ethernetif.o
#        E:\work\GitHub\Template_For_uCOS-II\output\Release\Obj\ff.o
#        E:\work\GitHub\Template_For_uCOS-II\output\Release\Obj\flash.o
#        E:\work\GitHub\Template_For_uCOS-II\output\Release\Obj\flexbus.o
#        E:\work\GitHub\Template_For_uCOS-II\output\Release\Obj\fsm.o
#        E:\work\GitHub\Template_For_uCOS-II\output\Release\Obj\gpio.o
#        E:\work\GitHub\Template_For_uCOS-II\output\Release\Obj\i2c.o
#        E:\work\GitHub\Template_For_uCOS-II\output\Release\Obj\icmp.o
#        E:\work\GitHub\Template_For_uCOS-II\output\Release\Obj\igmp.o
#        E:\work\GitHub\Template_For_uCOS-II\output\Release\Obj\ili9320.o
#        E:\work\GitHub\Template_For_uCOS-II\output\Release\Obj\inet.o
#        E:\work\GitHub\Template_For_uCOS-II\output\Release\Obj\inet_chksum.o
#        E:\work\GitHub\Template_For_uCOS-II\output\Release\Obj\init.o
#        E:\work\GitHub\Template_For_uCOS-II\output\Release\Obj\ip.o
#        E:\work\GitHub\Template_For_uCOS-II\output\Release\Obj\ip_addr.o
#        E:\work\GitHub\Template_For_uCOS-II\output\Release\Obj\ip_frag.o
#        E:\work\GitHub\Template_For_uCOS-II\output\Release\Obj\ipcp.o
#        E:\work\GitHub\Template_For_uCOS-II\output\Release\Obj\IS61WV25616.o
#        E:\work\GitHub\Template_For_uCOS-II\output\Release\Obj\lcp.o
#        E:\work\GitHub\Template_For_uCOS-II\output\Release\Obj\magic.o
#        E:\work\GitHub\Template_For_uCOS-II\output\Release\Obj\main.o
#        E:\work\GitHub\Template_For_uCOS-II\output\Release\Obj\md5.o
#        E:\work\GitHub\Template_For_uCOS-II\output\Release\Obj\mem.o
#        E:\work\GitHub\Template_For_uCOS-II\output\Release\Obj\memp.o
#        E:\work\GitHub\Template_For_uCOS-II\output\Release\Obj\mib2.o
#        E:\work\GitHub\Template_For_uCOS-II\output\Release\Obj\mib_structs.o
#        E:\work\GitHub\Template_For_uCOS-II\output\Release\Obj\Module_BSP.o
#        E:\work\GitHub\Template_For_uCOS-II\output\Release\Obj\Module_Can.o
#        E:\work\GitHub\Template_For_uCOS-II\output\Release\Obj\Module_Init.o
#        E:\work\GitHub\Template_For_uCOS-II\output\Release\Obj\Module_ISR.o
#        E:\work\GitHub\Template_For_uCOS-II\output\Release\Obj\Module_Modbus.o
#        E:\work\GitHub\Template_For_uCOS-II\output\Release\Obj\Module_Protocol.o
#        E:\work\GitHub\Template_For_uCOS-II\output\Release\Obj\Module_Queue.o
#        E:\work\GitHub\Template_For_uCOS-II\output\Release\Obj\Module_Updata.o
#        E:\work\GitHub\Template_For_uCOS-II\output\Release\Obj\Module_USB.o
#        E:\work\GitHub\Template_For_uCOS-II\output\Release\Obj\msg_in.o
#        E:\work\GitHub\Template_For_uCOS-II\output\Release\Obj\msg_out.o
#        E:\work\GitHub\Template_For_uCOS-II\output\Release\Obj\netbuf.o
#        E:\work\GitHub\Template_For_uCOS-II\output\Release\Obj\netdb.o
#        E:\work\GitHub\Template_For_uCOS-II\output\Release\Obj\netif.o
#        E:\work\GitHub\Template_For_uCOS-II\output\Release\Obj\netifapi.o
#        E:\work\GitHub\Template_For_uCOS-II\output\Release\Obj\os_core.o
#        E:\work\GitHub\Template_For_uCOS-II\output\Release\Obj\os_cpu_a_iar.o
#        E:\work\GitHub\Template_For_uCOS-II\output\Release\Obj\os_cpu_c.o
#        E:\work\GitHub\Template_For_uCOS-II\output\Release\Obj\os_dbg.o
#        E:\work\GitHub\Template_For_uCOS-II\output\Release\Obj\os_flag.o
#        E:\work\GitHub\Template_For_uCOS-II\output\Release\Obj\os_mbox.o
#        E:\work\GitHub\Template_For_uCOS-II\output\Release\Obj\os_mem.o
#        E:\work\GitHub\Template_For_uCOS-II\output\Release\Obj\os_mutex.o
#        E:\work\GitHub\Template_For_uCOS-II\output\Release\Obj\os_q.o
#        E:\work\GitHub\Template_For_uCOS-II\output\Release\Obj\os_sem.o
#        E:\work\GitHub\Template_For_uCOS-II\output\Release\Obj\os_task.o
#        E:\work\GitHub\Template_For_uCOS-II\output\Release\Obj\os_time.o
#        E:\work\GitHub\Template_For_uCOS-II\output\Release\Obj\os_tmr.o
#        E:\work\GitHub\Template_For_uCOS-II\output\Release\Obj\pap.o
#        E:\work\GitHub\Template_For_uCOS-II\output\Release\Obj\pbuf.o
#        E:\work\GitHub\Template_For_uCOS-II\output\Release\Obj\pit.o
#        E:\work\GitHub\Template_For_uCOS-II\output\Release\Obj\ppp.o
#        E:\work\GitHub\Template_For_uCOS-II\output\Release\Obj\ppp_oe.o
#        E:\work\GitHub\Template_For_uCOS-II\output\Release\Obj\randm.o
#        E:\work\GitHub\Template_For_uCOS-II\output\Release\Obj\raw.o
#        E:\work\GitHub\Template_For_uCOS-II\output\Release\Obj\rtc.o
#        E:\work\GitHub\Template_For_uCOS-II\output\Release\Obj\sd.o
#        E:\work\GitHub\Template_For_uCOS-II\output\Release\Obj\slipif.o
#        E:\work\GitHub\Template_For_uCOS-II\output\Release\Obj\sockets.o
#        E:\work\GitHub\Template_For_uCOS-II\output\Release\Obj\spi.o
#        E:\work\GitHub\Template_For_uCOS-II\output\Release\Obj\startup_MK60D10.o
#        E:\work\GitHub\Template_For_uCOS-II\output\Release\Obj\stats.o
#        E:\work\GitHub\Template_For_uCOS-II\output\Release\Obj\sys.o
#        E:\work\GitHub\Template_For_uCOS-II\output\Release\Obj\sys_arch.o
#        E:\work\GitHub\Template_For_uCOS-II\output\Release\Obj\system_MK60D10.o
#        E:\work\GitHub\Template_For_uCOS-II\output\Release\Obj\systick.o
#        E:\work\GitHub\Template_For_uCOS-II\output\Release\Obj\tcp.o
#        E:\work\GitHub\Template_For_uCOS-II\output\Release\Obj\tcp_demo.o
#        E:\work\GitHub\Template_For_uCOS-II\output\Release\Obj\tcp_in.o
#        E:\work\GitHub\Template_For_uCOS-II\output\Release\Obj\tcp_out.o
#        E:\work\GitHub\Template_For_uCOS-II\output\Release\Obj\tcpip.o
#        E:\work\GitHub\Template_For_uCOS-II\output\Release\Obj\test.o
#        E:\work\GitHub\Template_For_uCOS-II\output\Release\Obj\timers.o
#        E:\work\GitHub\Template_For_uCOS-II\output\Release\Obj\uart.o
#        E:\work\GitHub\Template_For_uCOS-II\output\Release\Obj\udp.o
#        E:\work\GitHub\Template_For_uCOS-II\output\Release\Obj\udp_demo.o
#        E:\work\GitHub\Template_For_uCOS-II\output\Release\Obj\usb_lib.o
#        E:\work\GitHub\Template_For_uCOS-II\output\Release\Obj\usbd_cdc_acm.o
#        E:\work\GitHub\Template_For_uCOS-II\output\Release\Obj\usbd_core.o
#        E:\work\GitHub\Template_For_uCOS-II\output\Release\Obj\usbd_core_cdc.o
#        E:\work\GitHub\Template_For_uCOS-II\output\Release\Obj\usbd_core_hid.o
#        E:\work\GitHub\Template_For_uCOS-II\output\Release\Obj\usbd_core_msc.o
#        E:\work\GitHub\Template_For_uCOS-II\output\Release\Obj\usbd_hid.o
#        E:\work\GitHub\Template_For_uCOS-II\output\Release\Obj\usbd_kk.o
#        E:\work\GitHub\Template_For_uCOS-II\output\Release\Obj\usbd_msc.o
#        E:\work\GitHub\Template_For_uCOS-II\output\Release\Obj\vj.o
#        E:\work\GitHub\Template_For_uCOS-II\output\Release\Obj\wdog.o
#        --redirect _Printf=_PrintfFull --redirect _Scanf=_ScanfFull -o
#        E:\work\GitHub\Template_For_uCOS-II\output\Release\Exe\Project.out
#        --map
#        E:\work\GitHub\Template_For_uCOS-II\output\Release\List\Project.map
#        --config
#        E:\work\GitHub\Template_For_uCOS-II\Software\LinkFiles\K60\MK60xN512_10_APP1.icf
#        --semihosting --entry __iar_program_start --redirect
#        __write=__write_buffered --vfe
#
###############################################################################

*******************************************************************************
*** RUNTIME MODEL ATTRIBUTES
***

CppFlavor       = *
__Heap_Handler  = DLMalloc
__SystemLibrary = DLib


*******************************************************************************
*** PLACEMENT SUMMARY
***

"A1":  place at 0x00010000 { ro section .intvec };
"P2":  place in [from 0x00000410 to 0x000003ff] { ro };
"P3":  place in [from 0x1fff0000 to 0x1fffffff repeat 2] {
          rw, block CSTACK, block HEAP };

  Section            Kind        Address     Size  Object
  -------            ----        -------     ----  ------
"A1":                                       0x410
  .intvec            ro code  0x00010000    0x410  startup_MK60D10.o [1]
                            - 0x00010410    0x410

"P2":                                     0x37a54
  .rodata            const    0x00010410  0x15484  cc936.o [1]
  .rodata            const    0x00025894  0x15484  cc936.o [1]
  .text              ro code  0x0003ad18   0x1ae4  ff.o [1]
  .text              ro code  0x0003c7fc     0xb6  diskio.o [1]
  .text              ro code  0x0003c8b2     0x2e  copy_init3.o [5]
  .text              ro code  0x0003c8e0     0xa4  cc936.o [1]
  .text              ro code  0x0003c984    0x720  sd.o [1]
  .text              ro code  0x0003d0a4    0x40a  gpio.o [1]
  .text              ro code  0x0003d4ae     0x22  zero_init3.o [5]
  .text              ro code  0x0003d4d0     0xda  common.o [1]
  .rodata            const    0x0003d5aa      0x2  can.o [1]
  .text              ro code  0x0003d5ac    0x1dc  system_MK60D10.o [1]
  .text              ro code  0x0003d788    0xfda  usbd_msc.o [1]
  .rodata            const    0x0003e762      0x2  usb_lib.o [1]
  .text              ro code  0x0003e764    0x758  usbd_kk.o [1]
  .text              ro code  0x0003eebc     0x90  Module_USB.o [1]
  .text              ro code  0x0003ef4c    0xb3c  usbd_core.o [1]
  .text              ro code  0x0003fa88     0x2e  usb_lib.o [1]
  .rodata            const    0x0003fab6      0x2  usb_lib.o [1]
  .text              ro code  0x0003fab8     0x80  usbd_core_msc.o [1]
  .text              ro code  0x0003fb38    0x1b8  usbd_core_hid.o [1]
  .text              ro code  0x0003fcf0    0x170  usbd_core_cdc.o [1]
  .text              ro code  0x0003fe60    0x560  usbd_hid.o [1]
  .text              ro code  0x000403c0    0x4aa  usbd_cdc_acm.o [1]
  .rodata            const    0x0004086a      0x2  usb_lib.o [1]
  .text              ro code  0x0004086c    0xdaa  xprintffull.o [3]
  .rodata            const    0x00041616      0x2  usb_lib.o [1]
  .text              ro code  0x00041618     0x16  strchr.o [5]
  .rodata            const    0x0004162e      0x2  usb_lib.o [1]
  .text              ro code  0x00041630     0x36  strlen.o [5]
  .rodata            const    0x00041666      0x2  usb_lib.o [1]
  .text              ro code  0x00041668     0x58  memchr.o [5]
  .text              ro code  0x000416c0    0x132  I64DivMod.o [5]
  .rodata            const    0x000417f2      0x1  at24cxx.o [1]
  .rodata            const    0x000417f3      0x1  usb_lib.o [1]
  .text              ro code  0x000417f4     0x76  ABImemcpy_unaligned.o [5]
  .text              ro code  0x0004186a     0x42  xdnorm.o [4]
  .text              ro code  0x000418ac     0x2e  DblCmpLe.o [4]
  .rodata            const    0x000418da      0x1  usb_lib.o [1]
  .rodata            const    0x000418db      0x1  usb_lib.o [1]
  .text              ro code  0x000418dc     0x2e  DblCmpGe.o [4]
  .rodata            const    0x0004190a      0x1  usb_lib.o [1]
  .rodata            const    0x0004190b      0x1  usb_lib.o [1]
  .text              ro code  0x0004190c    0x10c  xdscale.o [4]
  .text              ro code  0x00041a18     0x58  DblToI32.o [4]
  .text              ro code  0x00041a70     0x30  I32ToDbl.o [4]
  .text              ro code  0x00041aa0    0x180  DblSub.o [4]
  .text              ro code  0x00041c20    0x1a2  DblMul.o [4]
  .rodata            const    0x00041dc2      0x1  usb_lib.o [1]
  .rodata            const    0x00041dc3      0x1  usb_lib.o [1]
  .text              ro code  0x00041dc4    0x246  DblDiv.o [4]
  .text              ro code  0x0004200a      0xe  div.o [3]
  .text              ro code  0x00042018      0x2  I64DivZer.o [5]
  .rodata            const    0x0004201a      0x1  usb_lib.o [1]
  .rodata            const    0x0004201b      0x1  usb_lib.o [1]
  .text              ro code  0x0004201c     0xd4  DblAdd.o [4]
  .text              ro code  0x000420f0    0xb70  Module_Protocol.o [1]
  .text              ro code  0x00042c60    0x738  Module_Can.o [1]
  .text              ro code  0x00043398     0x30  crc.o [1]
  .text              ro code  0x000433c8    0x258  rtc.o [1]
  .text              ro code  0x00043620     0x66  ABImemset.o [5]
  .rodata            const    0x00043686      0x1  usb_lib.o [1]
  .rodata            const    0x00043687      0x1  usb_lib.o [1]
  .text              ro code  0x00043688    0x9a8  uart.o [1]
  .text              ro code  0x00044030     0xa0  at24cxx.o [1]
  CODE               ro code  0x000440d0     0xac  os_cpu_a_iar.o [1]
  .text              ro code  0x0004417c    0x5bc  can.o [1]
  .text              ro code  0x00044738    0x108  os_time.o [1]
  .text              ro code  0x00044840    0x484  dma.o [1]
  .text              ro code  0x00044cc4      0x6  ABImemclr4.o [5]
  .rodata            const    0x00044cca      0x1  usb_lib.o [1]
  .rodata            const    0x00044ccb      0x1  usb_lib.o [1]
  .text              ro code  0x00044ccc    0x5a0  i2c.o [1]
  .text              ro code  0x0004526c    0x9f4  os_core.o [1]
  .text              ro code  0x00045c60     0x32  ABImemset48.o [5]
  .rodata            const    0x00045c92      0x1  usb_lib.o [1]
  .rodata            const    0x00045c93      0x1  usb_lib.o [1]
  .text              ro code  0x00045c94     0xf0  os_cpu_c.o [1]
  .text              ro code  0x00045d84     0x82  os_flag.o [1]
  .rodata            const    0x00045e06      0x1  usb_lib.o [1]
  .rodata            const    0x00045e07      0x1  usb_lib.o [1]
  .text              ro code  0x00045e08     0x5c  os_mem.o [1]
  .text              ro code  0x00045e64     0x50  os_q.o [1]
  .text              ro code  0x00045eb4    0x260  os_tmr.o [1]
  .text              ro code  0x00046114    0x510  os_task.o [1]
  .text              ro code  0x00046624    0x1b4  os_sem.o [1]
  .rodata            const    0x000467d8    0x1e0  cc936.o [1]
  .rodata            const    0x000469b8    0x1e0  cc936.o [1]
  .text              ro code  0x00046b98    0x1cc  main.o [1]
  .text              ro code  0x00046d64    0x110  Module_BSP.o [1]
  .text              ro code  0x00046e74     0x9c  systick.o [1]
  .text              ro code  0x00046f10     0xf0  wdog.o [1]
  .text              ro code  0x00047000     0xf8  test.o [1]
  .text              ro code  0x000470f8     0x8c  Module_Updata.o [1]
  .text              ro code  0x00047184      0xc  flash.o [1]
  .text              ro code  0x00047190    0x17c  pit.o [1]
  .text              ro code  0x0004730c     0xa8  Module_Init.o [1]
  .text              ro code  0x000473b4     0x24  printf.o [3]
  .rodata            const    0x000473d8    0x100  os_core.o [1]
  .text              ro code  0x000474d8     0xc0  xxwritebuffered.o [3]
  .text              ro code  0x00047598     0x1e  dwrite.o [6]
  .text              ro code  0x000475b6     0x20  iarwstd.o [6]
  .text              ro code  0x000475d6     0x22  iarwrite.o [6]
  .text              ro code  0x000475f8     0x6c  iarttio.o [6]
  .text              ro code  0x00047664      0x8  XShttio.o [3]
  .rodata            const    0x0004766c     0x98  usb_lib.o [1]
  .text              ro code  0x00047704     0x90  Module_ISR.o [1]
  .rodata            const    0x00047794     0x74  usb_lib.o [1]
  .text              ro code  0x00047808     0x52  spi.o [1]
  .rodata            const    0x0004785a      0x1  usb_lib.o [1]
  .text              ro code  0x0004785c     0x4c  enet.o [1]
  .rodata            const    0x000478a8     0x48  uart.o [1]
  .rodata            const    0x000478f0     0x40  usb_lib.o [1]
  .text              ro code  0x00047930     0x28  putchar.o [3]
  .text              ro code  0x00047958     0x28  data_init.o [5]
  .rodata            const    0x00047980     0x24  usb_lib.o [1]
  .iar.init_table    const    0x000479a4     0x24  - Linker created -
  .rodata            const    0x000479c8     0x20  test.o [1]
  .rodata            const    0x000479e8     0x20  usb_lib.o [1]
  .rodata            const    0x00047a08     0x1c  rtc.o [1]
  .rodata            const    0x00047a24     0x1c  test.o [1]
  .rodata            const    0x00047a40     0x1c  uart.o [1]
  .text              ro code  0x00047a5c     0x1a  cmain.o [5]
  .text              ro code  0x00047a76      0x4  low_level_init.o [3]
  .text              ro code  0x00047a7a      0x4  exit.o [3]
  .text              ro code  0x00047a80      0xe  cexit.o [5]
  .text              ro code  0x00047a8e      0xc  xcloseall.o [3]
  .text              ro code  0x00047a9c     0x14  exit.o [6]
  .rodata            const    0x00047ab0     0x18  can.o [1]
  .rodata            const    0x00047ac8     0x18  test.o [1]
  .rodata            const    0x00047ae0     0x18  uart.o [1]
  .rodata            const    0x00047af8     0x18  uart.o [1]
  .text              ro code  0x00047b10     0x16  xprout.o [3]
  .rodata            const    0x00047b28     0x14  gpio.o [1]
  .rodata            const    0x00047b3c     0x14  gpio.o [1]
  .rodata            const    0x00047b50     0x14  gpio.o [1]
  .rodata            const    0x00047b64     0x14  os_tmr.o [1]
  .rodata            const    0x00047b78     0x14  os_tmr.o [1]
  .rodata            const    0x00047b8c     0x14  test.o [1]
  .rodata            const    0x00047ba0     0x14  usb_lib.o [1]
  .rodata            const    0x00047bb4     0x10  dma.o [1]
  .rodata            const    0x00047bc4     0x10  ff.o [1]
  .rodata            const    0x00047bd4     0x10  os_core.o [1]
  .rodata            const    0x00047be4     0x10  os_core.o [1]
  .rodata            const    0x00047bf4     0x10  os_tmr.o [1]
  .rodata            const    0x00047c04     0x10  test.o [1]
  .text              ro code  0x00047c14     0x10  startup_MK60D10.o [1]
  .rodata            const    0x00047c24      0xc  ff.o [1]
  .rodata            const    0x00047c30      0xc  main.o [1]
  .rodata            const    0x00047c3c      0xc  main.o [1]
  .rodata            const    0x00047c48      0xc  main.o [1]
  .rodata            const    0x00047c54      0xc  sd.o [1]
  .rodata            const    0x00047c60      0xc  spi.o [1]
  .text              ro code  0x00047c6c      0xc  cstartup_M.o [5]
  .rodata            const    0x00047c78      0x8  can.o [1]
  .rodata            const    0x00047c80      0x8  ff.o [1]
  .rodata            const    0x00047c88      0x8  main.o [1]
  .rodata            const    0x00047c90      0x8  main.o [1]
  .rodata            const    0x00047c98      0x8  Module_Can.o [1]
  .rodata            const    0x00047ca0      0x8  Module_Can.o [1]
  .rodata            const    0x00047ca8      0x8  Module_Can.o [1]
  .rodata            const    0x00047cb0      0x8  Module_Can.o [1]
  .rodata            const    0x00047cb8      0x8  Module_Can.o [1]
  .rodata            const    0x00047cc0      0x8  Module_Can.o [1]
  .rodata            const    0x00047cc8      0x8  Module_Can.o [1]
  .rodata            const    0x00047cd0      0x8  Module_Can.o [1]
  .rodata            const    0x00047cd8      0x8  uart.o [1]
  .rodata            const    0x00047ce0      0x4  dma.o [1]
  .rodata            const    0x00047ce4      0x4  pit.o [1]
  .rodata            const    0x00047ce8      0x4  usb_lib.o [1]
  .rodata            const    0x00047cec      0x4  usb_lib.o [1]
  .rodata            const    0x00047cf0      0x4  usb_lib.o [1]
  .rodata            const    0x00047cf4      0x4  usb_lib.o [1]
  .rodata            const    0x00047cf8      0x4  usb_lib.o [1]
  .rodata            const    0x00047cfc      0x4  usb_lib.o [1]
  .rodata            const    0x00047d00      0x4  usb_lib.o [1]
  .rodata            const    0x00047d04      0x4  usb_lib.o [1]
  .rodata            const    0x00047d08      0x4  usb_lib.o [1]
  .rodata            const    0x00047d0c      0x4  usb_lib.o [1]
  .rodata            const    0x00047d10      0x4  usb_lib.o [1]
  .rodata            const    0x00047d14      0x4  usb_lib.o [1]
  .text              ro code  0x00047d18      0x4  startup_MK60D10.o [1]
  .text              ro code  0x00047d1c      0x4  startup_MK60D10.o [1]
  .text              ro code  0x00047d20      0x4  startup_MK60D10.o [1]
  .text              ro code  0x00047d24      0x4  startup_MK60D10.o [1]
  .text              ro code  0x00047d28      0x4  startup_MK60D10.o [1]
  .text              ro code  0x00047d2c      0x4  startup_MK60D10.o [1]
  .text              ro code  0x00047d30      0x4  startup_MK60D10.o [1]
  .text              ro code  0x00047d34      0x4  startup_MK60D10.o [1]
  .text              ro code  0x00047d38      0x4  startup_MK60D10.o [1]
  .text              ro code  0x00047d3c      0x4  startup_MK60D10.o [1]
  .text              ro code  0x00047d40      0x4  startup_MK60D10.o [1]
  .text              ro code  0x00047d44      0x4  startup_MK60D10.o [1]
  .text              ro code  0x00047d48      0x4  startup_MK60D10.o [1]
  .text              ro code  0x00047d4c      0x4  startup_MK60D10.o [1]
  .text              ro code  0x00047d50      0x4  startup_MK60D10.o [1]
  .text              ro code  0x00047d54      0x4  startup_MK60D10.o [1]
  .text              ro code  0x00047d58      0x4  startup_MK60D10.o [1]
  .text              ro code  0x00047d5c      0x4  startup_MK60D10.o [1]
  .text              ro code  0x00047d60      0x4  startup_MK60D10.o [1]
  .text              ro code  0x00047d64      0x4  startup_MK60D10.o [1]
  .text              ro code  0x00047d68      0x4  startup_MK60D10.o [1]
  .text              ro code  0x00047d6c      0x4  startup_MK60D10.o [1]
  .text              ro code  0x00047d70      0x4  startup_MK60D10.o [1]
  .text              ro code  0x00047d74      0x4  startup_MK60D10.o [1]
  .text              ro code  0x00047d78      0x4  startup_MK60D10.o [1]
  .text              ro code  0x00047d7c      0x4  startup_MK60D10.o [1]
  .text              ro code  0x00047d80      0x4  startup_MK60D10.o [1]
  .text              ro code  0x00047d84      0x4  startup_MK60D10.o [1]
  .text              ro code  0x00047d88      0x4  startup_MK60D10.o [1]
  .text              ro code  0x00047d8c      0x4  startup_MK60D10.o [1]
  .text              ro code  0x00047d90      0x4  startup_MK60D10.o [1]
  .text              ro code  0x00047d94      0x4  startup_MK60D10.o [1]
  .text              ro code  0x00047d98      0x4  startup_MK60D10.o [1]
  .text              ro code  0x00047d9c      0x4  startup_MK60D10.o [1]
  .text              ro code  0x00047da0      0x4  startup_MK60D10.o [1]
  .text              ro code  0x00047da4      0x4  startup_MK60D10.o [1]
  .text              ro code  0x00047da8      0x4  startup_MK60D10.o [1]
  .text              ro code  0x00047dac      0x4  startup_MK60D10.o [1]
  .text              ro code  0x00047db0      0x4  startup_MK60D10.o [1]
  .text              ro code  0x00047db4      0x4  startup_MK60D10.o [1]
  .text              ro code  0x00047db8      0x4  startup_MK60D10.o [1]
  .text              ro code  0x00047dbc      0x4  startup_MK60D10.o [1]
  .text              ro code  0x00047dc0      0x4  startup_MK60D10.o [1]
  .text              ro code  0x00047dc4      0x4  startup_MK60D10.o [1]
  .text              ro code  0x00047dc8      0x4  startup_MK60D10.o [1]
  .text              ro code  0x00047dcc      0x4  startup_MK60D10.o [1]
  .text              ro code  0x00047dd0      0x4  startup_MK60D10.o [1]
  .text              ro code  0x00047dd4      0x4  startup_MK60D10.o [1]
  .text              ro code  0x00047dd8      0x4  startup_MK60D10.o [1]
  .text              ro code  0x00047ddc      0x4  startup_MK60D10.o [1]
  .text              ro code  0x00047de0      0x4  startup_MK60D10.o [1]
  .text              ro code  0x00047de4      0x4  startup_MK60D10.o [1]
  .text              ro code  0x00047de8      0x4  startup_MK60D10.o [1]
  .text              ro code  0x00047dec      0x4  startup_MK60D10.o [1]
  .text              ro code  0x00047df0      0x4  startup_MK60D10.o [1]
  .text              ro code  0x00047df4      0x4  startup_MK60D10.o [1]
  .text              ro code  0x00047df8      0x4  startup_MK60D10.o [1]
  .text              ro code  0x00047dfc      0x4  startup_MK60D10.o [1]
  .text              ro code  0x00047e00      0x4  startup_MK60D10.o [1]
  .text              ro code  0x00047e04      0x4  startup_MK60D10.o [1]
  .text              ro code  0x00047e08      0x4  startup_MK60D10.o [1]
  .text              ro code  0x00047e0c      0x4  startup_MK60D10.o [1]
  .text              ro code  0x00047e10      0x4  startup_MK60D10.o [1]
  .text              ro code  0x00047e14      0x4  startup_MK60D10.o [1]
  .text              ro code  0x00047e18      0x4  startup_MK60D10.o [1]
  .text              ro code  0x00047e1c      0x4  startup_MK60D10.o [1]
  .text              ro code  0x00047e20      0x4  startup_MK60D10.o [1]
  .text              ro code  0x00047e24      0x4  startup_MK60D10.o [1]
  .text              ro code  0x00047e28      0x4  startup_MK60D10.o [1]
  .text              ro code  0x00047e2c      0x4  startup_MK60D10.o [1]
  .text              ro code  0x00047e30      0x0  cstart_closeall.o [5]
  .rodata            const    0x00047e30      0x0  zero_init3.o [5]
  .rodata            const    0x00047e30      0x0  copy_init3.o [5]
  Initializer bytes  ro data  0x00047e30     0x34  <for P3 s0>
                            - 0x00047e64  0x37a54

"P3":                                      0x7a10
  P3 s0                       0x1fff0000     0x34  <Init block>
    .data            inited   0x1fff0000     0x18  Module_Can.o [1]
    .data            inited   0x1fff0018      0x8  XShttio.o [3]
    .data            inited   0x1fff0020      0x4  Module_Init.o [1]
    .data            inited   0x1fff0024      0x4  system_MK60D10.o [1]
    .data            inited   0x1fff0028      0x4  usb_lib.o [1]
    .data            inited   0x1fff002c      0x4  usbd_kk.o [1]
    .data            inited   0x1fff0030      0x2  uart.o [1]
    .data            inited   0x1fff0032      0x1  uart.o [1]
  .bss               zero     0x1fff0034   0x4000  Module_USB.o [1]
  .bss               zero     0x1fff4034    0x790  os_core.o [1]
  .bss               zero     0x1fff47c4    0x600  Module_Init.o [1]
  .bss               zero     0x1fff4dc4    0x500  usbd_kk.o [1]
  .bss               zero     0x1fff52c4    0x280  os_core.o [1]
  .bss               zero     0x1fff5544    0x200  ff.o [1]
  .bss               zero     0x1fff5744    0x200  main.o [1]
  .bss               zero     0x1fff5944    0x200  main.o [1]
  .bss               zero     0x1fff5b44    0x200  main.o [1]
  .bss               zero     0x1fff5d44    0x200  main.o [1]
  .bss               zero     0x1fff5f44    0x200  main.o [1]
  .bss               zero     0x1fff6144    0x200  main.o [1]
  .bss               zero     0x1fff6344    0x200  os_core.o [1]
  .bss               zero     0x1fff6544    0x200  os_core.o [1]
  .bss               zero     0x1fff6744    0x200  os_core.o [1]
  .bss               zero     0x1fff6944    0x200  os_cpu_c.o [1]
  .bss               zero     0x1fff6b44    0x100  os_core.o [1]
  .bss               zero     0x1fff6c44     0xf0  os_core.o [1]
  .bss               zero     0x1fff6d34     0xc8  Module_Protocol.o [1]
  .bss               zero     0x1fff6e00     0xa0  usbd_kk.o [1]
  .bss               zero     0x1fff6ea0     0x80  usb_lib.o [1]
  .bss               zero     0x1fff6f20     0x80  usb_lib.o [1]
  .bss               zero     0x1fff6fa0     0x78  Module_Protocol.o [1]
  .bss               zero     0x1fff7018     0x78  os_core.o [1]
  .bss               zero     0x1fff7090     0x60  os_core.o [1]
  .bss               zero     0x1fff70f0     0x54  xxwritebuffered.o [3]
  .bss               zero     0x1fff7144     0x50  os_core.o [1]
  .bss               zero     0x1fff7194     0x44  usb_lib.o [1]
  .bss               zero     0x1fff71d8     0x44  usb_lib.o [1]
  .bss               zero     0x1fff721c     0x40  dma.o [1]
  .bss               zero     0x1fff725c     0x40  os_core.o [1]
  .bss               zero     0x1fff729c     0x40  usb_lib.o [1]
  .bss               zero     0x1fff72dc     0x34  Module_Can.o [1]
  .bss               zero     0x1fff7310     0x34  sd.o [1]
  .bss               zero     0x1fff7344     0x20  test.o [1]
  .bss               zero     0x1fff7364     0x20  usb_lib.o [1]
  .bss               zero     0x1fff7384     0x20  usbd_msc.o [1]
  .bss               zero     0x1fff73a4     0x18  Module_Updata.o [1]
  .bss               zero     0x1fff73bc     0x18  uart.o [1]
  .bss               zero     0x1fff73d4     0x18  uart.o [1]
  .bss               zero     0x1fff73ec     0x14  gpio.o [1]
  .bss               zero     0x1fff7400     0x14  Module_Updata.o [1]
  .bss               zero     0x1fff7414     0x14  uart.o [1]
  .bss               zero     0x1fff7428     0x10  pit.o [1]
  .bss               zero     0x1fff7438     0x10  usbd_msc.o [1]
  .bss               zero     0x1fff7448      0xc  i2c.o [1]
  .bss               zero     0x1fff7454      0xc  Module_Can.o [1]
  .bss               zero     0x1fff7460      0xc  Module_Can.o [1]
  .bss               zero     0x1fff746c      0xc  Module_Init.o [1]
  .bss               zero     0x1fff7478      0xc  Module_Protocol.o [1]
  .bss               zero     0x1fff7484      0xc  spi.o [1]
  .bss               zero     0x1fff7490      0x8  can.o [1]
  .bss               zero     0x1fff7498      0x8  ff.o [1]
  .bss               zero     0x1fff74a0      0x8  Module_Init.o [1]
  .bss               zero     0x1fff74a8      0x8  Module_Init.o [1]
  .bss               zero     0x1fff74b0      0x8  os_core.o [1]
  .bss               zero     0x1fff74b8      0x8  usbd_cdc_acm.o [1]
  .bss               zero     0x1fff74c0      0x8  usbd_core.o [1]
  .bss               zero     0x1fff74c8      0x8  usbd_core.o [1]
  .bss               zero     0x1fff74d0      0x8  usbd_kk.o [1]
  .bss               zero     0x1fff74d8      0x4  at24cxx.o [1]
  .bss               zero     0x1fff74dc      0x4  enet.o [1]
  .bss               zero     0x1fff74e0      0x4  enet.o [1]
  .bss               zero     0x1fff74e4      0x4  os_core.o [1]
  .bss               zero     0x1fff74e8      0x4  os_core.o [1]
  .bss               zero     0x1fff74ec      0x4  os_core.o [1]
  .bss               zero     0x1fff74f0      0x4  os_core.o [1]
  .bss               zero     0x1fff74f4      0x4  os_core.o [1]
  .bss               zero     0x1fff74f8      0x4  os_core.o [1]
  .bss               zero     0x1fff74fc      0x4  os_core.o [1]
  .bss               zero     0x1fff7500      0x4  os_core.o [1]
  .bss               zero     0x1fff7504      0x4  os_core.o [1]
  .bss               zero     0x1fff7508      0x4  os_core.o [1]
  .bss               zero     0x1fff750c      0x4  os_core.o [1]
  .bss               zero     0x1fff7510      0x4  os_core.o [1]
  .bss               zero     0x1fff7514      0x4  os_core.o [1]
  .bss               zero     0x1fff7518      0x4  os_core.o [1]
  .bss               zero     0x1fff751c      0x4  os_core.o [1]
  .bss               zero     0x1fff7520      0x4  os_core.o [1]
  .bss               zero     0x1fff7524      0x4  os_core.o [1]
  .bss               zero     0x1fff7528      0x4  os_cpu_c.o [1]
  .bss               zero     0x1fff752c      0x4  pit.o [1]
  .bss               zero     0x1fff7530      0x4  rtc.o [1]
  .bss               zero     0x1fff7534      0x4  systick.o [1]
  .bss               zero     0x1fff7538      0x4  systick.o [1]
  .bss               zero     0x1fff753c      0x4  usb_lib.o [1]
  .bss               zero     0x1fff7540      0x4  usbd_cdc_acm.o [1]
  .bss               zero     0x1fff7544      0x4  usbd_cdc_acm.o [1]
  .bss               zero     0x1fff7548      0x4  usbd_cdc_acm.o [1]
  .bss               zero     0x1fff754c      0x4  usbd_cdc_acm.o [1]
  .bss               zero     0x1fff7550      0x4  usbd_cdc_acm.o [1]
  .bss               zero     0x1fff7554      0x4  usbd_cdc_acm.o [1]
  .bss               zero     0x1fff7558      0x4  usbd_cdc_acm.o [1]
  .bss               zero     0x1fff755c      0x4  usbd_cdc_acm.o [1]
  .bss               zero     0x1fff7560      0x4  usbd_cdc_acm.o [1]
  .bss               zero     0x1fff7564      0x4  usbd_cdc_acm.o [1]
  .bss               zero     0x1fff7568      0x4  usbd_cdc_acm.o [1]
  .bss               zero     0x1fff756c      0x4  usbd_cdc_acm.o [1]
  .bss               zero     0x1fff7570      0x4  usbd_cdc_acm.o [1]
  .bss               zero     0x1fff7574      0x4  usbd_core.o [1]
  .bss               zero     0x1fff7578      0x4  usbd_core.o [1]
  .bss               zero     0x1fff757c      0x4  usbd_core.o [1]
  .bss               zero     0x1fff7580      0x4  usbd_hid.o [1]
  .bss               zero     0x1fff7584      0x4  usbd_hid.o [1]
  .bss               zero     0x1fff7588      0x4  usbd_hid.o [1]
  .bss               zero     0x1fff758c      0x4  usbd_hid.o [1]
  .bss               zero     0x1fff7590      0x4  usbd_hid.o [1]
  .bss               zero     0x1fff7594      0x4  usbd_hid.o [1]
  .bss               zero     0x1fff7598      0x4  usbd_msc.o [1]
  .bss               zero     0x1fff759c      0x4  usbd_msc.o [1]
  .bss               zero     0x1fff75a0      0x4  usbd_msc.o [1]
  .bss               zero     0x1fff75a4      0x4  usbd_msc.o [1]
  .bss               zero     0x1fff75a8      0x4  usbd_msc.o [1]
  .bss               zero     0x1fff75ac      0x4  usbd_msc.o [1]
  .bss               zero     0x1fff75b0      0x4  usbd_msc.o [1]
  .bss               zero     0x1fff75b4      0x4  usbd_msc.o [1]
  .bss               zero     0x1fff75b8      0x4  usbd_msc.o [1]
  .bss               zero     0x1fff75bc      0x4  usbd_msc.o [1]
  .bss               zero     0x1fff75c0      0x4  usbd_msc.o [1]
  .bss               zero     0x1fff75c4      0x4  usbd_msc.o [1]
  .bss               zero     0x1fff75c8      0x4  usbd_msc.o [1]
  .bss               zero     0x1fff75cc      0x4  wdog.o [1]
  .bss               zero     0x1fff75d0      0x2  ff.o [1]
  .bss               zero     0x1fff75d2      0x2  Module_Init.o [1]
  .bss               zero     0x1fff75d4      0x2  Module_Init.o [1]
  .bss               zero     0x1fff75d6      0x2  Module_Init.o [1]
  .bss               zero     0x1fff75d8      0x2  Module_Protocol.o [1]
  .bss               zero     0x1fff75da      0x2  Module_Protocol.o [1]
  .bss               zero     0x1fff75dc      0x2  Module_Protocol.o [1]
  .bss               zero     0x1fff75de      0x2  os_core.o [1]
  .bss               zero     0x1fff75e0      0x2  os_core.o [1]
  .bss               zero     0x1fff75e2      0x2  os_cpu_c.o [1]
  .bss               zero     0x1fff75e4      0x2  usb_lib.o [1]
  .bss               zero     0x1fff75e6      0x2  usb_lib.o [1]
  .bss               zero     0x1fff75e8      0x2  usbd_cdc_acm.o [1]
  .bss               zero     0x1fff75ea      0x2  usbd_core.o [1]
  .bss               zero     0x1fff75ec      0x2  usbd_hid.o [1]
  .bss               zero     0x1fff75ee      0x2  usbd_hid.o [1]
  .bss               zero     0x1fff75f0      0x2  usbd_hid.o [1]
  .bss               zero     0x1fff75f2      0x2  usbd_hid.o [1]
  .bss               zero     0x1fff75f4      0x1  Module_Init.o [1]
  .bss               zero     0x1fff75f5      0x1  Module_Init.o [1]
  .bss               zero     0x1fff75f6      0x1  Module_Init.o [1]
  .bss               zero     0x1fff75f7      0x1  Module_Init.o [1]
  .bss               zero     0x1fff75f8      0x1  os_core.o [1]
  .bss               zero     0x1fff75f9      0x1  os_core.o [1]
  .bss               zero     0x1fff75fa      0x1  os_core.o [1]
  .bss               zero     0x1fff75fb      0x1  os_core.o [1]
  .bss               zero     0x1fff75fc      0x1  os_core.o [1]
  .bss               zero     0x1fff75fd      0x1  os_core.o [1]
  .bss               zero     0x1fff75fe      0x1  os_core.o [1]
  .bss               zero     0x1fff75ff      0x1  os_core.o [1]
  .bss               zero     0x1fff7600      0x1  os_core.o [1]
  .bss               zero     0x1fff7601      0x1  os_core.o [1]
  .bss               zero     0x1fff7602      0x1  uart.o [1]
  .bss               zero     0x1fff7603      0x1  usb_lib.o [1]
  .bss               zero     0x1fff7604      0x1  usb_lib.o [1]
  .bss               zero     0x1fff7605      0x1  usb_lib.o [1]
  .bss               zero     0x1fff7606      0x1  usbd_core.o [1]
  .bss               zero     0x1fff7607      0x1  usbd_core.o [1]
  .bss               zero     0x1fff7608      0x1  usbd_core.o [1]
  .bss               zero     0x1fff7609      0x1  usbd_core.o [1]
  .bss               zero     0x1fff760a      0x1  usbd_core.o [1]
  .bss               zero     0x1fff760b      0x1  usbd_hid.o [1]
  .bss               zero     0x1fff760c      0x1  usbd_hid.o [1]
  .bss               zero     0x1fff760d      0x1  usbd_msc.o [1]
  CSTACK                      0x1fff7610    0x400  <Block>
    CSTACK           uninit   0x1fff7610    0x400  <Block tail>
                            - 0x1fff7a10   0x7a10


*******************************************************************************
*** INIT TABLE
***

          Address     Size
          -------     ----
Zero (__iar_zero_init3)
    1 destination range, total size 0x75da:
          0x1fff0034  0x75da

Copy (__iar_copy_init3)
    1 source range, total size 0x34 (101% of destination):
          0x00047e30    0x34
    1 destination range, total size 0x33:
          0x1fff0000    0x33



*******************************************************************************
*** MODULE SUMMARY
***

    Module                 ro code  ro data  rw data
    ------                 -------  -------  -------
E:\work\GitHub\Template_For_uCOS-II\output\Release\Obj: [1]
    Module_BSP.o               272
    Module_Can.o             1 848       88      100
    Module_ISR.o               144
    Module_Init.o              168        4    1 578
    Module_Protocol.o        2 928               338
    Module_USB.o               144            16 384
    Module_Updata.o            140                44
    at24cxx.o                  160        1        4
    can.o                    1 468       34        8
    cc936.o                    164  175 304
    common.o                   218
    crc.o                       48
    diskio.o                   182
    dma.o                    1 156       20       64
    enet.o                      76                 8
    ff.o                     6 884       36      522
    flash.o                     12
    gpio.o                   1 034       60       20
    i2c.o                    1 440                12
    main.o                     460       52    3 072
    os_core.o                2 548      288    5 058
    os_cpu_a_iar.o             172
    os_cpu_c.o                 240               518
    os_flag.o                  130
    os_mem.o                    92
    os_q.o                      80
    os_sem.o                   436
    os_task.o                1 296
    os_time.o                  264
    os_tmr.o                   608       56
    pit.o                      380        4       20
    rtc.o                      600       28        4
    sd.o                     1 824       12       52
    spi.o                       82       12       12
    startup_MK60D10.o        1 336
    system_MK60D10.o           476        4        4
    systick.o                  156                 8
    test.o                     248      120       32
    uart.o                   2 472      159       72
    usb_lib.o                   46      502      503
    usbd_cdc_acm.o           1 194                62
    usbd_core.o              2 876                35
    usbd_core_cdc.o            368
    usbd_core_hid.o            440
    usbd_core_msc.o            128
    usbd_hid.o               1 376                34
    usbd_kk.o                1 880        4    1 452
    usbd_msc.o               4 058               101
    wdog.o                     240                 4
    ------------------------------------------------
    Total:                  44 992  176 788   30 125

command line: [2]
    ------------------------------------------------
    Total:

dl7M_tln.a: [3]
    XShttio.o                    8        8        8
    div.o                       14
    exit.o                       4
    low_level_init.o             4
    printf.o                    36
    putchar.o                   40
    xcloseall.o                 12
    xprintffull.o            3 498
    xprout.o                    22
    xxwritebuffered.o          192                84
    ------------------------------------------------
    Total:                   3 830        8       92

m7M_tl.a: [4]
    DblAdd.o                   212
    DblCmpGe.o                  46
    DblCmpLe.o                  46
    DblDiv.o                   582
    DblMul.o                   418
    DblSub.o                   384
    DblToI32.o                  88
    I32ToDbl.o                  48
    xdnorm.o                    66
    xdscale.o                  268
    ------------------------------------------------
    Total:                   2 158

rt7M_tl.a: [5]
    ABImemclr4.o                 6
    ABImemcpy_unaligned.o      118
    ABImemset.o                102
    ABImemset48.o               50
    I64DivMod.o                306
    I64DivZer.o                  2
    cexit.o                     14
    cmain.o                     26
    copy_init3.o                46
    cstart_closeall.o
    cstartup_M.o                12
    data_init.o                 40
    memchr.o                    88
    strchr.o                    22
    strlen.o                    54
    zero_init3.o                34
    ------------------------------------------------
    Total:                     920

shb_l.a: [6]
    dwrite.o                    30
    exit.o                      20
    iarttio.o                  108
    iarwrite.o                  34
    iarwstd.o                   32
    ------------------------------------------------
    Total:                     224

    Gaps                         5        2        4
    Linker created                       37    1 024
----------------------------------------------------
    Grand Total:            52 129  176 835   31 245


*******************************************************************************
*** ENTRY LIST
***

Entry                      Address     Size  Type      Object
-----                      -------     ----  ----      ------
?main                   0x00047a5d           Code  Gb  cmain.o [5]
BD                      0x1fff6e00     0xa0  Data  Gb  usbd_kk.o [1]
Block                   0x1fff75bc      0x4  Data  Gb  usbd_msc.o [1]
BlockBuf                0x1fff0034   0x4000  Data  Gb  Module_USB.o [1]
Bms_01_Voltage          0x0004268d     0xe4  Code  Lc  Module_Protocol.o [1]
Bms_02_Currents         0x00042771     0x38  Code  Lc  Module_Protocol.o [1]
Bms_03_SOC              0x000427a9     0x38  Code  Lc  Module_Protocol.o [1]
Bms_04_Capacity         0x000427e1     0x38  Code  Lc  Module_Protocol.o [1]
Bms_05_Temperature      0x00042819    0x10a  Code  Lc  Module_Protocol.o [1]
Bms_06_Warning          0x00042923    0x21c  Code  Lc  Module_Protocol.o [1]
BulkLen                 0x1fff75c8      0x4  Data  Gb  usbd_msc.o [1]
BulkStage               0x1fff760d      0x1  Data  Gb  usbd_msc.o [1]
CAN0_ORed_Message_buffer_IRQHandler
                        0x00044725      0xa  Code  Gb  can.o [1]
CAN1_ORed_Message_buffer_IRQHandler
                        0x0004472f      0xa  Code  Gb  can.o [1]
CANBase                 0x00047c78      0x8  Data  Gb  can.o [1]
CAN_CallBackTable       0x1fff7490      0x8  Data  Lc  can.o [1]
CAN_CallbackInstall     0x00044581      0xe  Code  Gb  can.o [1]
CAN_IRQHandler          0x000446f5     0x16  Code  Gb  can.o [1]
CAN_IRQnTable           0x0003d5aa      0x2  Data  Lc  can.o [1]
CAN_ISR                 0x00042c61     0x2a  Code  Gb  Module_Can.o [1]
CAN_ITDMAConfig         0x0004458f     0x92  Code  Gb  can.o [1]
CAN_Init                0x0004432d     0xe4  Code  Gb  can.o [1]
CAN_QuickInit           0x00044411     0x4c  Code  Gb  can.o [1]
CAN_ReadData            0x00044621     0xd4  Code  Gb  can.o [1]
CAN_SetBaudrate         0x00044193     0xbe  Code  Lc  can.o [1]
CAN_SetRxMB             0x000442d5     0x58  Code  Gb  can.o [1]
CAN_WriteData           0x00044485     0xfc  Code  Gb  can.o [1]
CSTACK$$Base            0x1fff7610            --   Gb  - Linker created -
CSTACK$$Limit           0x1fff7a10            --   Gb  - Linker created -
Can1_Buf                0x1fff74a8      0x8  Data  Gb  Module_Init.o [1]
Can1_Rev_Flag           0x1fff75f5      0x1  Data  Gb  Module_Init.o [1]
CheckPack_Bms           0x00042b3f     0xe0  Code  Gb  Module_Protocol.o [1]
CheckPack_Ding_Chong    0x000423eb    0x2a2  Code  Gb  Module_Protocol.o [1]
CheckPack_True_win      0x0004217f    0x26c  Code  Gb  Module_Protocol.o [1]
ClkTbl                  0x00047ab0     0x18  Data  Lc  can.o [1]
ClkTbl                  0x00047c54      0xc  Data  Lc  sd.o [1]
ClkTbl                  0x000478a8     0x48  Data  Lc  uart.o [1]
DMA0_IRQHandler         0x00044c25      0xa  Code  Gb  dma.o [1]
DMA10_IRQHandler        0x00044c89      0xa  Code  Gb  dma.o [1]
DMA11_IRQHandler        0x00044c93      0xa  Code  Gb  dma.o [1]
DMA12_IRQHandler        0x00044c9d      0xa  Code  Gb  dma.o [1]
DMA13_IRQHandler        0x00044ca7      0xa  Code  Gb  dma.o [1]
DMA14_IRQHandler        0x00044cb1      0xa  Code  Gb  dma.o [1]
DMA15_IRQHandler        0x00044cbb      0xa  Code  Gb  dma.o [1]
DMA1_IRQHandler         0x00044c2f      0xa  Code  Gb  dma.o [1]
DMA2UARTChlTable        0x1fff7414     0x14  Data  Lc  uart.o [1]
DMA2_IRQHandler         0x00044c39      0xa  Code  Gb  dma.o [1]
DMA3_IRQHandler         0x00044c43      0xa  Code  Gb  dma.o [1]
DMA4_IRQHandler         0x00044c4d      0xa  Code  Gb  dma.o [1]
DMA5_IRQHandler         0x00044c57      0xa  Code  Gb  dma.o [1]
DMA6_IRQHandler         0x00044c61      0xa  Code  Gb  dma.o [1]
DMA7_IRQHandler         0x00044c6b      0xa  Code  Gb  dma.o [1]
DMA8_IRQHandler         0x00044c75      0xa  Code  Gb  dma.o [1]
DMA9_IRQHandler         0x00044c7f      0xa  Code  Gb  dma.o [1]
DMAMUX_InstanceTable    0x00047ce0      0x4  Data  Lc  dma.o [1]
DMA_CallBackTable       0x1fff721c     0x40  Data  Lc  dma.o [1]
DMA_CallbackInstall     0x00044bc3     0x10  Code  Gb  dma.o [1]
DMA_EnableAutoDisableRequest
                        0x00044ab1     0x4c  Code  Gb  dma.o [1]
DMA_EnableRequest       0x00044aa7      0xa  Code  Gb  dma.o [1]
DMA_IRQHandler          0x00044bdd     0x1e  Code  Lc  dma.o [1]
DMA_IRQnTable           0x00047bb4     0x10  Data  Lc  dma.o [1]
DMA_ISR                 0x00047727     0x34  Code  Gb  Module_ISR.o [1]
DMA_ITConfig            0x00044afd     0xc6  Code  Gb  dma.o [1]
DMA_Init                0x00044857    0x20c  Code  Gb  dma.o [1]
DMA_SetMajorLoopCounter
                        0x00044a63     0x44  Code  Gb  dma.o [1]
DMA_SetSourceAddress    0x00044bd3      0xa  Code  Gb  dma.o [1]
DMA_UartRxd             0x00043ef1     0x86  Code  Gb  uart.o [1]
DWT_DelayInit           0x0003d535     0x1a  Code  Gb  common.o [1]
DWT_DelayUs             0x0003d54f     0x32  Code  Gb  common.o [1]
Data1                   0x1fff002c      0x4  Data  Gb  usbd_kk.o [1]
DataFeatReceLen         0x1fff75f2      0x2  Data  Gb  usbd_hid.o [1]
DataInReceLen           0x1fff75f0      0x2  Data  Gb  usbd_hid.o [1]
DataOutAsyncReq         0x1fff7580      0x4  Data  Gb  usbd_hid.o [1]
DataOutEndWithShortPacket
                        0x1fff758c      0x4  Data  Gb  usbd_hid.o [1]
DataOutSentLen          0x1fff75ee      0x2  Data  Gb  usbd_hid.o [1]
DataOutToSendLen        0x1fff75ec      0x2  Data  Gb  usbd_hid.o [1]
DataOutUpdateReqMask    0x1fff7584      0x4  Data  Gb  usbd_hid.o [1]
DelayInit               0x0003d599      0x8  Code  Wk  common.o [1]
DelayUs                 0x0003d5a1      0x8  Code  Wk  common.o [1]
ENET_CallBackRxTable    0x1fff74e0      0x4  Data  Lc  enet.o [1]
ENET_CallBackTxTable    0x1fff74dc      0x4  Data  Lc  enet.o [1]
ENET_Receive_IRQHandler
                        0x0004787b     0x1e  Code  Gb  enet.o [1]
ENET_Transmit_IRQHandler
                        0x0004785d     0x1e  Code  Gb  enet.o [1]
EPBuf                   0x1fff4dc4    0x500  Data  Gb  usbd_kk.o [1]
FLASH_Init              0x00047185      0x8  Code  Gb  flash.o [1]
FatFs                   0x1fff7498      0x8  Data  Lc  ff.o [1]
Fsid                    0x1fff75d0      0x2  Data  Lc  ff.o [1]
GPIO_CallBackTable      0x1fff73ec     0x14  Data  Lc  gpio.o [1]
GPIO_Init               0x0003d2a1     0xe4  Code  Gb  gpio.o [1]
GPIO_InstanceTable      0x00047b28     0x14  Data  Lc  gpio.o [1]
GPIO_PinConfig          0x0003d243     0x5e  Code  Gb  gpio.o [1]
GPIO_QuickInit          0x0003d385     0x1c  Code  Gb  gpio.o [1]
GPIO_ReadBit            0x0003d3ef     0x2e  Code  Gb  gpio.o [1]
GPIO_ToggleBit          0x0003d41d     0x1a  Code  Gb  gpio.o [1]
GPIO_WriteBit           0x0003d3a1     0x4e  Code  Gb  gpio.o [1]
GetClock                0x0003d4d1     0x64  Code  Gb  common.o [1]
I2C_Ack                 0x00044f45     0x66  Code  Lc  i2c.o [1]
I2C_BurstRead           0x000451d1     0x74  Code  Gb  i2c.o [1]
I2C_BurstWrite          0x00045175     0x5c  Code  Gb  i2c.o [1]
I2C_GetByte             0x000450f9     0x7c  Code  Lc  i2c.o [1]
I2C_NAck                0x00044fab     0x66  Code  Lc  i2c.o [1]
I2C_Probe               0x00045245     0x24  Code  Gb  i2c.o [1]
I2C_QuickInit           0x00044ccd    0x18c  Code  Gb  i2c.o [1]
I2C_SendByte            0x00045085     0x74  Code  Lc  i2c.o [1]
I2C_Start               0x00044e6f     0x76  Code  Lc  i2c.o [1]
I2C_Stop                0x00044ee5     0x60  Code  Lc  i2c.o [1]
I2C_WaitAck             0x00045011     0x74  Code  Lc  i2c.o [1]
InitUpdataParam         0x000470f9     0x74  Code  Gb  Module_Updata.o [1]
Init_Timer_Cnt          0x0004730d     0xa8  Code  Gb  Module_Init.o [1]
Length                  0x1fff75c4      0x4  Data  Gb  usbd_msc.o [1]
LfnBuf                  0x1fff5544    0x200  Data  Lc  ff.o [1]
LfnOfs                  0x00047bc4     0x10  Data  Lc  ff.o [1]
LoadInt                 0x00040df5     0x6e  Code  Lc  xprintffull.o [3]
MONTH_DAYS              0x00047a08     0x1c  Data  Lc  rtc.o [1]
MemOK                   0x1fff75b8      0x4  Data  Gb  usbd_msc.o [1]
NMI_Handler             0x0003d5a9      0x2  Code  Gb  common.o [1]
NVIC_EnableIRQ          0x0004417d     0x16  Code  Lc  can.o [1]
NVIC_EnableIRQ          0x00044841     0x16  Code  Lc  dma.o [1]
NVIC_EnableIRQ          0x00047191     0x14  Code  Lc  pit.o [1]
NVIC_EnableIRQ          0x000433c9     0x16  Code  Lc  rtc.o [1]
NVIC_EnableIRQ          0x00043689     0x16  Code  Lc  uart.o [1]
NVIC_EnableIRQ          0x0003e765     0x16  Code  Lc  usbd_kk.o [1]
OSCPUUsage              0x1fff75f8      0x1  Data  Gb  os_core.o [1]
OSCtxSw                 0x00044103           Code  Gb  os_cpu_a_iar.o [1]
OSCtxSwCtr              0x1fff74e4      0x4  Data  Gb  os_core.o [1]
OSEventFreeList         0x1fff74e8      0x4  Data  Gb  os_core.o [1]
OSEventNameSet          0x0004526d     0x4c  Code  Gb  os_core.o [1]
OSEventTbl              0x1fff6c44     0xf0  Data  Gb  os_core.o [1]
OSFlagFreeList          0x1fff74ec      0x4  Data  Gb  os_core.o [1]
OSFlagTbl               0x1fff7144     0x50  Data  Gb  os_core.o [1]
OSIdleCtr               0x1fff74f8      0x4  Data  Gb  os_core.o [1]
OSIdleCtrMax            0x1fff74f0      0x4  Data  Gb  os_core.o [1]
OSIdleCtrRun            0x1fff74f4      0x4  Data  Gb  os_core.o [1]
OSInit                  0x000452b9     0x34  Code  Gb  os_core.o [1]
OSInitHookBegin         0x00045c95     0x20  Code  Gb  os_cpu_c.o [1]
OSInitHookEnd           0x00045cb5      0x2  Code  Gb  os_cpu_c.o [1]
OSIntCtxSw              0x0004410b           Code  Gb  os_cpu_a_iar.o [1]
OSIntEnter              0x000452ed     0x24  Code  Gb  os_core.o [1]
OSIntExit               0x00045311     0x94  Code  Gb  os_core.o [1]
OSIntNesting            0x1fff75fa      0x1  Data  Gb  os_core.o [1]
OSLockNesting           0x1fff75fb      0x1  Data  Gb  os_core.o [1]
OSMemFreeList           0x1fff750c      0x4  Data  Gb  os_core.o [1]
OSMemTbl                0x1fff7018     0x78  Data  Gb  os_core.o [1]
OSPrioCur               0x1fff75fc      0x1  Data  Gb  os_core.o [1]
OSPrioHighRdy           0x1fff75fd      0x1  Data  Gb  os_core.o [1]
OSQFreeList             0x1fff7510      0x4  Data  Gb  os_core.o [1]
OSQTbl                  0x1fff7090     0x60  Data  Gb  os_core.o [1]
OSRdyGrp                0x1fff75fe      0x1  Data  Gb  os_core.o [1]
OSRdyTbl                0x1fff74b0      0x8  Data  Gb  os_core.o [1]
OSRunning               0x1fff75ff      0x1  Data  Gb  os_core.o [1]
OSSchedLock             0x000453a5     0x3a  Code  Gb  os_core.o [1]
OSSchedUnlock           0x000453df     0x5a  Code  Gb  os_core.o [1]
OSSemCreate             0x00046625     0x4c  Code  Gb  os_sem.o [1]
OSSemPend               0x00046671     0xec  Code  Gb  os_sem.o [1]
OSSemPost               0x00046775     0x64  Code  Gb  os_sem.o [1]
OSStart                 0x00045439     0x42  Code  Gb  os_core.o [1]
OSStartHighRdy          0x000440df           Code  Gb  os_cpu_a_iar.o [1]
OSStatInit              0x0004547b     0x46  Code  Gb  os_core.o [1]
OSStatRdy               0x1fff75f9      0x1  Data  Gb  os_core.o [1]
OSTCBCur                0x1fff74fc      0x4  Data  Gb  os_core.o [1]
OSTCBFreeList           0x1fff7500      0x4  Data  Gb  os_core.o [1]
OSTCBHighRdy            0x1fff7504      0x4  Data  Gb  os_core.o [1]
OSTCBInitHook           0x00045d3d      0x2  Code  Gb  os_cpu_c.o [1]
OSTCBList               0x1fff7508      0x4  Data  Gb  os_core.o [1]
OSTCBPrioTbl            0x1fff6b44    0x100  Data  Gb  os_core.o [1]
OSTCBTbl                0x1fff4034    0x790  Data  Gb  os_core.o [1]
OSTaskCreate            0x00046115     0xaa  Code  Gb  os_task.o [1]
OSTaskCreateExt         0x000461bf     0xca  Code  Gb  os_task.o [1]
OSTaskCreateHook        0x00045cb7      0x2  Code  Gb  os_cpu_c.o [1]
OSTaskCtr               0x1fff7600      0x1  Data  Gb  os_core.o [1]
OSTaskDel               0x00046289    0x186  Code  Gb  os_task.o [1]
OSTaskDelHook           0x00045cb9      0x2  Code  Gb  os_cpu_c.o [1]
OSTaskIdleHook          0x00045cbb      0x2  Code  Gb  os_cpu_c.o [1]
OSTaskIdleStk           0x1fff6544    0x200  Data  Gb  os_core.o [1]
OSTaskNameSet           0x0004640f     0x7c  Code  Gb  os_task.o [1]
OSTaskReturnHook        0x00045cbd      0x2  Code  Gb  os_cpu_c.o [1]
OSTaskStatHook          0x00045cbf      0x2  Code  Gb  os_cpu_c.o [1]
OSTaskStatStk           0x1fff6344    0x200  Data  Gb  os_core.o [1]
OSTaskStkChk            0x0004648b     0x8a  Code  Gb  os_task.o [1]
OSTaskStkInit           0x00045cc1     0x7a  Code  Gb  os_cpu_c.o [1]
OSTaskSuspend           0x00046519     0xb6  Code  Gb  os_task.o [1]
OSTaskSwHook            0x00045d3b      0x2  Code  Gb  os_cpu_c.o [1]
OSTickStepState         0x1fff7601      0x1  Data  Gb  os_core.o [1]
OSTime                  0x1fff7514      0x4  Data  Gb  os_core.o [1]
OSTimeDly               0x00044739     0x68  Code  Gb  os_time.o [1]
OSTimeDlyHMSM           0x000447a1     0x8c  Code  Gb  os_time.o [1]
OSTimeTick              0x000454c1     0xec  Code  Gb  os_core.o [1]
OSTimeTickHook          0x00045d3f     0x20  Code  Gb  os_cpu_c.o [1]
OSTmrCtr                0x1fff75e2      0x2  Data  Lc  os_cpu_c.o [1]
OSTmrFree               0x1fff75de      0x2  Data  Gb  os_core.o [1]
OSTmrFreeList           0x1fff7524      0x4  Data  Gb  os_core.o [1]
OSTmrSem                0x1fff751c      0x4  Data  Gb  os_core.o [1]
OSTmrSemSignal          0x1fff7520      0x4  Data  Gb  os_core.o [1]
OSTmrSignal             0x00045eb5      0xe  Code  Gb  os_tmr.o [1]
OSTmrTaskStk            0x1fff6744    0x200  Data  Gb  os_core.o [1]
OSTmrTbl                0x1fff52c4    0x280  Data  Gb  os_core.o [1]
OSTmrTime               0x1fff7518      0x4  Data  Gb  os_core.o [1]
OSTmrUsed               0x1fff75e0      0x2  Data  Gb  os_core.o [1]
OSTmrWheelTbl           0x1fff725c     0x40  Data  Gb  os_core.o [1]
OSTmr_Init              0x00045ec3     0xae  Code  Gb  os_tmr.o [1]
OSTmr_InitTask          0x00045f71     0x38  Code  Lc  os_tmr.o [1]
OSTmr_Link              0x00045fa9     0x6e  Code  Lc  os_tmr.o [1]
OSTmr_Task              0x00046061     0x7a  Code  Lc  os_tmr.o [1]
OSTmr_Unlink            0x00046017     0x4a  Code  Lc  os_tmr.o [1]
OSUnMapTbl              0x000473d8    0x100  Data  Gb  os_core.o [1]
OS_CPU_ExceptStk        0x1fff6944    0x200  Data  Gb  os_cpu_c.o [1]
OS_CPU_ExceptStkBase    0x1fff7528      0x4  Data  Gb  os_cpu_c.o [1]
OS_CPU_PendSVHandler    0x00044113           Code  Gb  os_cpu_a_iar.o [1]
OS_CPU_SR_Restore       0x000440d9           Code  Gb  os_cpu_a_iar.o [1]
OS_CPU_SR_Save          0x000440d1           Code  Gb  os_cpu_a_iar.o [1]
OS_Dummy                0x000455ad      0x2  Code  Gb  os_core.o [1]
OS_EventTaskRdy         0x000455af     0x8c  Code  Gb  os_core.o [1]
OS_EventTaskRemove      0x000456c7     0x32  Code  Gb  os_core.o [1]
OS_EventTaskRemoveMulti
                        0x000456f9     0x3c  Code  Gb  os_core.o [1]
OS_EventTaskWait        0x0004563b     0x8c  Code  Gb  os_core.o [1]
OS_EventWaitListInit    0x00045735     0x1a  Code  Gb  os_core.o [1]
OS_FlagInit             0x00045d85     0x4e  Code  Gb  os_flag.o [1]
OS_FlagUnlink           0x00045de1     0x26  Code  Gb  os_flag.o [1]
OS_InitEventList        0x0004574f     0x60  Code  Lc  os_core.o [1]
OS_InitMisc             0x000457af     0x4e  Code  Lc  os_core.o [1]
OS_InitRdyList          0x000457fd     0x40  Code  Lc  os_core.o [1]
OS_InitTCBList          0x000458b9     0x6c  Code  Lc  os_core.o [1]
OS_InitTaskIdle         0x0004583d     0x3e  Code  Lc  os_core.o [1]
OS_InitTaskStat         0x0004587b     0x3e  Code  Lc  os_core.o [1]
OS_MemClr               0x00045925     0x12  Code  Gb  os_core.o [1]
OS_MemInit              0x00045e09     0x4c  Code  Gb  os_mem.o [1]
OS_QInit                0x00045e65     0x44  Code  Gb  os_q.o [1]
OS_Sched                0x00045937     0x5c  Code  Gb  os_core.o [1]
OS_SchedNew             0x00045993     0x1e  Code  Lc  os_core.o [1]
OS_TCBInit              0x00045aa1    0x146  Code  Gb  os_core.o [1]
OS_TaskIdle             0x000459b1     0x20  Code  Gb  os_core.o [1]
OS_TaskReturn           0x000465cf     0x12  Code  Gb  os_task.o [1]
OS_TaskStat             0x000459d5     0x86  Code  Gb  os_core.o [1]
OS_TaskStatStkChk       0x00045a5b     0x3e  Code  Gb  os_core.o [1]
OS_TaskStkClr           0x0004660d     0x18  Code  Gb  os_task.o [1]
Offset                  0x1fff75c0      0x4  Data  Gb  usbd_msc.o [1]
Only_ID                 0x1fff746c      0xc  Data  Gb  Module_Init.o [1]
OutEpSize               0x1fff74d0      0x8  Data  Gb  usbd_kk.o [1]
PIT0_IRQHandler         0x000472e5      0xa  Code  Gb  pit.o [1]
PIT1_IRQHandler         0x000472ef      0xa  Code  Gb  pit.o [1]
PIT2_IRQHandler         0x000472f9      0xa  Code  Gb  pit.o [1]
PIT3_IRQHandler         0x00047303      0xa  Code  Gb  pit.o [1]
PIT_CallBackTable       0x1fff7428     0x10  Data  Lc  pit.o [1]
PIT_CallbackInstall     0x0004727d     0x1c  Code  Gb  pit.o [1]
PIT_IRQHandler          0x00047299     0x2a  Code  Lc  pit.o [1]
PIT_IRQnTable           0x00047ce4      0x4  Data  Lc  pit.o [1]
PIT_ISR                 0x00047705     0x20  Code  Gb  Module_ISR.o [1]
PIT_ITDMAConfig         0x00047203     0x7a  Code  Gb  pit.o [1]
PIT_Init                0x000471a5     0x5e  Code  Gb  pit.o [1]
PM_Ver                  0x1fff7400     0x14  Data  Gb  Module_Updata.o [1]
PORTA_IRQHandler        0x0003d47d      0xa  Code  Gb  gpio.o [1]
PORTB_IRQHandler        0x0003d487      0xa  Code  Gb  gpio.o [1]
PORTC_IRQHandler        0x0003d491      0xa  Code  Gb  gpio.o [1]
PORTD_IRQHandler        0x0003d49b      0xa  Code  Gb  gpio.o [1]
PORTE_IRQHandler        0x0003d4a5      0xa  Code  Gb  gpio.o [1]
PORT_IRQHandler         0x0003d437     0x30  Code  Lc  gpio.o [1]
PORT_InstanceTable      0x00047b3c     0x14  Data  Lc  gpio.o [1]
PORT_PinMuxConfig       0x0003d0a5     0x64  Code  Gb  gpio.o [1]
PORT_PinOpenDrainConfig
                        0x0003d1df     0x64  Code  Gb  gpio.o [1]
PORT_PinPullConfig      0x0003d109     0xd6  Code  Gb  gpio.o [1]
PUART_Buffer            0x1fff0020      0x4  Data  Gb  Module_Init.o [1]
Pcak_Pile_State         0x00042ee3    0x472  Code  Gb  Module_Can.o [1]
Pcak_Pile_State_All     0x00042c8b     0x54  Code  Gb  Module_Can.o [1]
Pcak_Pile_State_All_Flag
                        0x1fff75f4      0x1  Data  Gb  Module_Init.o [1]
Pile_Send               0x00042cdf    0x196  Code  Gb  Module_Can.o [1]
Pile_Send_Tcchager      0x00042e75     0x6e  Code  Gb  Module_Can.o [1]
Pile_State              0x1fff74a0      0x8  Data  Gb  Module_Init.o [1]
RTC_CallBackTable       0x1fff7530      0x4  Data  Lc  rtc.o [1]
RTC_CallbackInstall     0x000435a7      0xc  Code  Gb  rtc.o [1]
RTC_DateTimeToSecond    0x000433ef     0x78  Code  Lc  rtc.o [1]
RTC_IRQHandler          0x000435b3     0x42  Code  Gb  rtc.o [1]
RTC_ISR                 0x00047725      0x2  Code  Gb  Module_ISR.o [1]
RTC_ITDMAConfig         0x00043545     0x62  Code  Gb  rtc.o [1]
RTC_Init                0x00043477     0xa2  Code  Gb  rtc.o [1]
RTC_IsTimeValid         0x00043467     0x10  Code  Gb  rtc.o [1]
RTC_QuickInit           0x000433df     0x10  Code  Gb  rtc.o [1]
RTC_SetDateTime         0x00043519     0x2c  Code  Gb  rtc.o [1]
Rcv_Cnt                 0x1fff75d4      0x2  Data  Gb  Module_Init.o [1]
Region$$Table$$Base     0x000479a4            --   Gb  - Linker created -
Region$$Table$$Limit    0x000479c8            --   Gb  - Linker created -
SDA_IN                  0x00044e59     0x16  Code  Lc  i2c.o [1]
SDHC_ReadBlock          0x0003ce2b     0x88  Code  Gb  sd.o [1]
SDHC_SendCmd            0x0003ca3d     0xb4  Code  Gb  sd.o [1]
SDHC_WaitCommandLineIdle
                        0x0003c985     0x28  Code  Lc  sd.o [1]
SDHC_WriteBlock         0x0003ceb3     0xc6  Code  Gb  sd.o [1]
SD_GetSizeInMB          0x0003cf79     0x5e  Code  Gb  sd.o [1]
SD_Init                 0x0003cdc5     0x66  Code  Gb  sd.o [1]
SD_InitCard             0x0003caf1    0x240  Code  Lc  sd.o [1]
SD_QuickInit            0x0003cd31     0x94  Code  Gb  sd.o [1]
SD_ReadMultiBlock       0x0003d091      0xa  Code  Gb  sd.o [1]
SD_SetBaudRate          0x0003c9ad     0x90  Code  Lc  sd.o [1]
SD_StatusWait           0x0003cfd7     0x28  Code  Gb  sd.o [1]
SD_WriteMultiBlock      0x0003d09b      0xa  Code  Gb  sd.o [1]
SIM_GPIOClockGateTable  0x00047b50     0x14  Data  Lc  gpio.o [1]
SPI0_IRQHandler         0x0004783d      0xa  Code  Gb  spi.o [1]
SPI1_IRQHandler         0x00047847      0xa  Code  Gb  spi.o [1]
SPI2_IRQHandler         0x00047851      0xa  Code  Gb  spi.o [1]
SPI_CallBackTable       0x1fff7484      0xc  Data  Lc  spi.o [1]
SPI_IRQHandler          0x00047809     0x2a  Code  Lc  spi.o [1]
SPI_InstanceTable       0x00047c60      0xc  Data  Gb  spi.o [1]
STK_Family_Energy_Storage
                        0x1fff6144    0x200  Data  Gb  main.o [1]
STK_MBOX                0x1fff5944    0x200  Data  Gb  main.o [1]
STK_POST                0x1fff5d44    0x200  Data  Gb  main.o [1]
STK_SEM                 0x1fff5b44    0x200  Data  Gb  main.o [1]
STK_START               0x1fff5744    0x200  Data  Gb  main.o [1]
STK_TIME                0x1fff5f44    0x200  Data  Gb  main.o [1]
SYSTICK_Cmd             0x00046eb7     0x22  Code  Gb  systick.o [1]
SYSTICK_ITConfig        0x00046ed9     0x22  Code  Gb  systick.o [1]
SYSTICK_Init            0x00046e75     0x42  Code  Gb  systick.o [1]
Stitic_Time_Cnt         0x1fff75d2      0x2  Data  Gb  Module_Init.o [1]
SysTick_Handler         0x00045d75     0x10  Code  Gb  os_cpu_c.o [1]
SystemCoreClock         0x1fff0024      0x4  Data  Gb  system_MK60D10.o [1]
SystemCoreClockUpdate   0x0003d60b    0x140  Code  Gb  system_MK60D10.o [1]
SystemInit              0x0003d5ad     0x5e  Code  Gb  system_MK60D10.o [1]
Task_Family_Energy_Storage
                        0x00046c8f     0x10  Code  Gb  main.o [1]
Task_Mbox               0x00046bbd     0x36  Code  Gb  main.o [1]
Task_Post               0x00046c05     0x70  Code  Gb  main.o [1]
Task_Sem                0x00046bf3     0x12  Code  Gb  main.o [1]
Task_Start              0x00046ca1     0x7c  Code  Lc  main.o [1]
Task_Time               0x00046c75     0x1a  Code  Gb  main.o [1]
UART0_RX_TX_IRQHandler  0x00043e87      0xa  Code  Gb  uart.o [1]
UART1_RX_TX_IRQHandler  0x00043e91      0xa  Code  Gb  uart.o [1]
UART2_RX_TX_IRQHandler  0x00043e9b      0xa  Code  Gb  uart.o [1]
UART3_RX_TX_IRQHandler  0x00043ea5      0xa  Code  Gb  uart.o [1]
UART4_RX_TX_IRQHandler  0x00043eaf      0xa  Code  Gb  uart.o [1]
UART5_DMA_init          0x00043f81     0x56  Code  Gb  uart.o [1]
UART5_RX_TX_IRQHandler  0x00043eb9      0xa  Code  Gb  uart.o [1]
UARTBase                0x00047af8     0x18  Data  Lc  uart.o [1]
UART_Buffer             0x1fff47c4    0x600  Data  Gb  Module_Init.o [1]
UART_CallBackRxTable    0x1fff73d4     0x18  Data  Lc  uart.o [1]
UART_CallBackTxTable    0x1fff73bc     0x18  Data  Lc  uart.o [1]
UART_CallbackRxInstall  0x00043ccf     0x3e  Code  Gb  uart.o [1]
UART_DMASendByte        0x00043ec3     0x2e  Code  Gb  uart.o [1]
UART_DebugInstance      0x1fff7602      0x1  Data  Lc  uart.o [1]
UART_EnableRxFIFO       0x00043a27     0x3e  Code  Gb  uart.o [1]
UART_EnableTxFIFO       0x000439e9     0x3e  Code  Gb  uart.o [1]
UART_GetTxFIFOSize      0x00043a65     0x1a  Code  Gb  uart.o [1]
UART_IRQ_Handler        0x00043d85    0x102  Code  Lc  uart.o [1]
UART_IRQnTable          0x00047cd8      0x8  Data  Lc  uart.o [1]
UART_ITDMAConfig        0x00043b09    0x1c6  Code  Gb  uart.o [1]
UART_Init               0x0004369f    0x34a  Code  Gb  uart.o [1]
UART_QuickInit          0x00043d0d     0x78  Code  Gb  uart.o [1]
UART_RX_ISR             0x0004775b     0x1e  Code  Gb  Module_ISR.o [1]
UART_RevDMATriggerSourceTable
                        0x00047ae0     0x18  Data  Lc  uart.o [1]
UART_TIFOSizeTable      0x00047a40     0x1c  Data  Lc  uart.o [1]
UART_WriteByte          0x00043a7f     0x8a  Code  Gb  uart.o [1]
USB0_IRQHandler         0x0003ed9d     0x9c  Code  Gb  usbd_kk.o [1]
USBD_AltSetting         0x1fff753c      0x4  Data  Gb  usb_lib.o [1]
USBD_CDC_ACM_ClearCommFeature
                        0x000403e9      0x4  Code  Wk  usbd_cdc_acm.o [1]
USBD_CDC_ACM_DataReceived
                        0x000403d5      0x4  Code  Wk  usbd_cdc_acm.o [1]
USBD_CDC_ACM_EP_BULKIN_Event
                        0x000407d5     0x1c  Code  Gb  usbd_cdc_acm.o [1]
USBD_CDC_ACM_EP_BULKIN_HandleData
                        0x000406a3     0xe4  Code  Lc  usbd_cdc_acm.o [1]
USBD_CDC_ACM_EP_BULKOUT_Event
                        0x00040787     0x4e  Code  Gb  usbd_cdc_acm.o [1]
USBD_CDC_ACM_EP_BULKOUT_HandleData
                        0x00040639     0x6a  Code  Lc  usbd_cdc_acm.o [1]
USBD_CDC_ACM_EP_BULK_Event
                        0x00040851     0x1a  Code  Gb  usbd_cdc_acm.o [1]
USBD_CDC_ACM_EP_INTIN_Event
                        0x00040637      0x2  Code  Gb  usbd_cdc_acm.o [1]
USBD_CDC_ACM_GetCommFeature
                        0x000403e5      0x4  Code  Wk  usbd_cdc_acm.o [1]
USBD_CDC_ACM_GetEncapsulatedResponse
                        0x000403dd      0x4  Code  Wk  usbd_cdc_acm.o [1]
USBD_CDC_ACM_GetLineCoding
                        0x000404fd     0x70  Code  Wk  usbd_cdc_acm.o [1]
USBD_CDC_ACM_Initialize
                        0x000403f1      0x8  Code  Wk  usbd_cdc_acm.o [1]
USBD_CDC_ACM_PortGetLineCoding
                        0x000403cd      0x4  Code  Wk  usbd_cdc_acm.o [1]
USBD_CDC_ACM_PortInitialize
                        0x000403c1      0x4  Code  Wk  usbd_cdc_acm.o [1]
USBD_CDC_ACM_PortReset  0x000403c5      0x4  Code  Wk  usbd_cdc_acm.o [1]
USBD_CDC_ACM_PortSetControlLineState
                        0x000403d1      0x4  Code  Wk  usbd_cdc_acm.o [1]
USBD_CDC_ACM_PortSetLineCoding
                        0x000403c9      0x4  Code  Wk  usbd_cdc_acm.o [1]
USBD_CDC_ACM_ReceiveBuf
                        0x1fff6f20     0x80  Data  Gb  usb_lib.o [1]
USBD_CDC_ACM_Reset      0x000403f9     0xaa  Code  Wk  usbd_cdc_acm.o [1]
USBD_CDC_ACM_Reset_Event
                        0x0004057d      0x8  Code  Gb  usbd_cdc_acm.o [1]
USBD_CDC_ACM_SOF_Event  0x00040585     0xb2  Code  Gb  usbd_cdc_acm.o [1]
USBD_CDC_ACM_SendBreak  0x000403ed      0x4  Code  Wk  usbd_cdc_acm.o [1]
USBD_CDC_ACM_SendBuf    0x1fff6ea0     0x80  Data  Gb  usb_lib.o [1]
USBD_CDC_ACM_SendEncapsulatedCommand
                        0x000403d9      0x4  Code  Wk  usbd_cdc_acm.o [1]
USBD_CDC_ACM_SetCommFeature
                        0x000403e1      0x4  Code  Wk  usbd_cdc_acm.o [1]
USBD_CDC_ACM_SetControlLineState
                        0x0004056d     0x10  Code  Wk  usbd_cdc_acm.o [1]
USBD_CDC_ACM_SetLineCoding
                        0x000404a3     0x5a  Code  Wk  usbd_cdc_acm.o [1]
USBD_ClrStallEP         0x0003ebeb     0x20  Code  Gb  usbd_kk.o [1]
USBD_ConfigDescriptor   0x00047794     0x74  Data  Wk  usb_lib.o [1]
USBD_ConfigDescriptor_HS
                        0x00045e06      0x1  Data  Wk  usb_lib.o [1]
USBD_ConfigEP           0x0003ea5f     0x1a  Code  Gb  usbd_kk.o [1]
USBD_Configuration      0x1fff7607      0x1  Data  Gb  usbd_core.o [1]
USBD_Configure          0x0003ea5d      0x2  Code  Gb  usbd_kk.o [1]
USBD_Configure_Event    0x0003fa89      0x8  Code  Wk  usb_lib.o [1]
USBD_Connect            0x0003e95b     0x40  Code  Gb  usbd_kk.o [1]
USBD_DataInStage        0x0003efb3     0x5a  Code  Gb  usbd_core.o [1]
USBD_DataOutStage       0x0003f00d     0x2c  Code  Gb  usbd_core.o [1]
USBD_DeviceAddress      0x1fff7606      0x1  Data  Gb  usbd_core.o [1]
USBD_DeviceDescriptor   0x00047ba0     0x14  Data  Wk  usb_lib.o [1]
USBD_DeviceQualifier    0x00045c92      0x1  Data  Wk  usb_lib.o [1]
USBD_DeviceQualifier_HS
                        0x00045c93      0x1  Data  Wk  usb_lib.o [1]
USBD_DeviceStatus       0x1fff75ea      0x2  Data  Gb  usbd_core.o [1]
USBD_DirCtrlEP          0x0003ea79      0x2  Code  Gb  usbd_kk.o [1]
USBD_DisableEP          0x0003eaaf     0x34  Code  Gb  usbd_kk.o [1]
USBD_EP0Buf             0x1fff7364     0x20  Data  Gb  usb_lib.o [1]
USBD_EP0Data            0x1fff74c0      0x8  Data  Gb  usbd_core.o [1]
USBD_EnableEP           0x0003ea7b     0x34  Code  Gb  usbd_kk.o [1]
USBD_EndPoint0          0x0003f7b5    0x272  Code  Gb  usbd_core.o [1]
USBD_EndPoint0_Out_CDC_ReqToIF
                        0x0003fde3     0x68  Code  Wk  usbd_core_cdc.o [1]
USBD_EndPoint0_Out_HID_ReqToIF
                        0x0003fc8f     0x2a  Code  Wk  usbd_core_hid.o [1]
USBD_EndPoint0_Setup_CDC_ReqToIF
                        0x0003fcf1     0xf2  Code  Wk  usbd_core_cdc.o [1]
USBD_EndPoint0_Setup_HID_ReqToIF
                        0x0003fbbb     0xd4  Code  Wk  usbd_core_hid.o [1]
USBD_EndPoint0_Setup_MSC_ReqToIF
                        0x0003fac1     0x66  Code  Wk  usbd_core_msc.o [1]
USBD_EndPointHalt       0x1fff7578      0x4  Data  Gb  usbd_core.o [1]
USBD_EndPointMask       0x1fff7574      0x4  Data  Gb  usbd_core.o [1]
USBD_EndPointStall      0x1fff757c      0x4  Data  Gb  usbd_core.o [1]
USBD_HID_Configure_Event
                        0x00040193     0x44  Code  Gb  usbd_hid.o [1]
USBD_HID_DescriptorOffset
                        0x00041666      0x2  Data  Wk  usb_lib.o [1]
USBD_HID_EP_INTIN_Event
                        0x0003ff6b    0x228  Code  Gb  usbd_hid.o [1]
USBD_HID_FeatReport     0x1fff75e6      0x2  Data  Gb  usb_lib.o [1]
USBD_HID_GetIdle        0x0003feef     0x16  Code  Gb  usbd_hid.o [1]
USBD_HID_GetProtocol    0x0003ff4b     0x10  Code  Gb  usbd_hid.o [1]
USBD_HID_GetReport      0x0003fe6f     0x3c  Code  Gb  usbd_hid.o [1]
USBD_HID_IdleCnt        0x1fff7603      0x1  Data  Gb  usb_lib.o [1]
USBD_HID_IdleReload     0x1fff7604      0x1  Data  Gb  usb_lib.o [1]
USBD_HID_IdleSet        0x1fff7605      0x1  Data  Gb  usb_lib.o [1]
USBD_HID_InReport       0x1fff7194     0x44  Data  Gb  usb_lib.o [1]
USBD_HID_OutReport      0x1fff71d8     0x44  Data  Gb  usb_lib.o [1]
USBD_HID_PollingCnt     0x1fff75e4      0x2  Data  Gb  usb_lib.o [1]
USBD_HID_Protocol       0x1fff760b      0x1  Data  Gb  usbd_hid.o [1]
USBD_HID_ReportDescriptor
                        0x00047980     0x24  Data  Wk  usb_lib.o [1]
USBD_HID_ReportDescriptorSize
                        0x0004162e      0x2  Data  Wk  usb_lib.o [1]
USBD_HID_SOF_Event      0x000401d7    0x174  Code  Gb  usbd_hid.o [1]
USBD_HID_SetIdle        0x0003ff05     0x46  Code  Gb  usbd_hid.o [1]
USBD_HID_SetProtocol    0x0003ff5b     0x10  Code  Gb  usbd_hid.o [1]
USBD_HID_SetReport      0x0003feab     0x44  Code  Gb  usbd_hid.o [1]
USBD_HighSpeed          0x1fff7609      0x1  Data  Gb  usbd_core.o [1]
USBD_Init               0x0003e8a1     0xba  Code  Gb  usbd_kk.o [1]
USBD_IntrEna            0x0003e793      0xa  Code  Gb  usbd_kk.o [1]
USBD_MSC_ATAPassThrough
                        0x0003e32d     0x74  Code  Gb  usbd_msc.o [1]
USBD_MSC_BlockBuf       0x1fff75b0      0x4  Data  Gb  usbd_msc.o [1]
USBD_MSC_BlockCount     0x1fff75ac      0x4  Data  Gb  usbd_msc.o [1]
USBD_MSC_BlockGroup     0x1fff75a8      0x4  Data  Gb  usbd_msc.o [1]
USBD_MSC_BlockSize      0x1fff75a4      0x4  Data  Gb  usbd_msc.o [1]
USBD_MSC_BulkBuf        0x1fff729c     0x40  Data  Gb  usb_lib.o [1]
USBD_MSC_BulkIn         0x0003e65d     0x4a  Code  Gb  usbd_msc.o [1]
USBD_MSC_BulkOut        0x0003e6ad     0x4c  Code  Gb  usbd_msc.o [1]
USBD_MSC_CBW            0x1fff7384     0x20  Data  Gb  usbd_msc.o [1]
USBD_MSC_CSW            0x1fff7438     0x10  Data  Gb  usbd_msc.o [1]
USBD_MSC_CheckMedia     0x0003d83d     0x5a  Code  Gb  usbd_msc.o [1]
USBD_MSC_ClrStallEP     0x0003d7b9     0x5c  Code  Gb  usbd_msc.o [1]
USBD_MSC_DataInFormat   0x0003de03     0x44  Code  Gb  usbd_msc.o [1]
USBD_MSC_DataInTransfer
                        0x0003de47     0x66  Code  Gb  usbd_msc.o [1]
USBD_MSC_EP_BULKIN_Event
                        0x0003e6f9      0x8  Code  Gb  usbd_msc.o [1]
USBD_MSC_EP_BULKOUT_Event
                        0x0003e701     0x16  Code  Gb  usbd_msc.o [1]
USBD_MSC_EP_BULK_Event  0x0003e749     0x1a  Code  Gb  usbd_msc.o [1]
USBD_MSC_GetCBW         0x0003e421    0x21c  Code  Gb  usbd_msc.o [1]
USBD_MSC_GetMaxLUN      0x0003d831      0xc  Code  Gb  usbd_msc.o [1]
USBD_MSC_Inquiry        0x0003e02f     0x88  Code  Gb  usbd_msc.o [1]
USBD_MSC_MediaReady     0x1fff7598      0x4  Data  Gb  usbd_msc.o [1]
USBD_MSC_MediaReadyEx   0x1fff75b4      0x4  Data  Gb  usbd_msc.o [1]
USBD_MSC_MediaRemoval   0x0003e0ed     0x1e  Code  Gb  usbd_msc.o [1]
USBD_MSC_MemoryRead     0x0003d897    0x15a  Code  Gb  usbd_msc.o [1]
USBD_MSC_MemorySize     0x1fff75a0      0x4  Data  Gb  usbd_msc.o [1]
USBD_MSC_MemoryVerify   0x0003db7b    0x17a  Code  Gb  usbd_msc.o [1]
USBD_MSC_MemoryWrite    0x0003d9f1    0x18a  Code  Gb  usbd_msc.o [1]
USBD_MSC_ModeSense10    0x0003e163     0x70  Code  Gb  usbd_msc.o [1]
USBD_MSC_ModeSense6     0x0003e10b     0x58  Code  Gb  usbd_msc.o [1]
USBD_MSC_RWSetup        0x0003dcf5    0x10e  Code  Gb  usbd_msc.o [1]
USBD_MSC_ReadCapacity   0x0003e1d3     0x74  Code  Gb  usbd_msc.o [1]
USBD_MSC_ReadFormatCapacity
                        0x0003e25d     0x9e  Code  Gb  usbd_msc.o [1]
USBD_MSC_ReadOnly       0x1fff759c      0x4  Data  Gb  usbd_msc.o [1]
USBD_MSC_RequestSense   0x0003df01    0x12e  Code  Gb  usbd_msc.o [1]
USBD_MSC_Reset          0x0003d815     0x1c  Code  Gb  usbd_msc.o [1]
USBD_MSC_ServiceActionIn16
                        0x0003e3b1     0x58  Code  Gb  usbd_msc.o [1]
USBD_MSC_SetCSW         0x0003e63d     0x20  Code  Gb  usbd_msc.o [1]
USBD_MSC_SetStallEP     0x0003d78b     0x2e  Code  Gb  usbd_msc.o [1]
USBD_MSC_StartStopUnit  0x0003e0b7     0x36  Code  Gb  usbd_msc.o [1]
USBD_MSC_SynchronizeCache
                        0x0003e305     0x10  Code  Gb  usbd_msc.o [1]
USBD_MSC_TestUnitReady  0x0003dead     0x54  Code  Gb  usbd_msc.o [1]
USBD_NumInterfaces      0x1fff7608      0x1  Data  Gb  usbd_core.o [1]
USBD_OtherSpeedConfigDescriptor
                        0x00045e07      0x1  Data  Wk  usb_lib.o [1]
USBD_OtherSpeedConfigDescriptor_HS
                        0x0004785a      0x1  Data  Wk  usb_lib.o [1]
USBD_P_Configure_Event  0x00047d0c      0x4  Data  Gb  usb_lib.o [1]
USBD_P_EP               0x000478f0     0x40  Data  Gb  usb_lib.o [1]
USBD_P_Error_Event      0x00047d08      0x4  Data  Gb  usb_lib.o [1]
USBD_P_Feature_Event    0x00047d14      0x4  Data  Gb  usb_lib.o [1]
USBD_P_Interface_Event  0x00047d10      0x4  Data  Gb  usb_lib.o [1]
USBD_P_Reset_Event      0x00047cf8      0x4  Data  Gb  usb_lib.o [1]
USBD_P_Resume_Event     0x00047d00      0x4  Data  Gb  usb_lib.o [1]
USBD_P_SOF_Event        0x00047d04      0x4  Data  Gb  usb_lib.o [1]
USBD_P_Suspend_Event    0x00047cfc      0x4  Data  Gb  usb_lib.o [1]
USBD_RTX_TaskInit       0x0003fab5      0x2  Code  Gb  usb_lib.o [1]
USBD_ReadEP             0x0003ec0b     0xd8  Code  Gb  usbd_kk.o [1]
USBD_ReqClrFeature_MSC  0x0003fab9      0x8  Code  Wk  usbd_core_msc.o [1]
USBD_ReqGetConfiguration
                        0x0003f419     0x20  Code  Gb  usbd_core.o [1]
USBD_ReqGetDescriptor   0x0003f231    0x1e8  Code  Gb  usbd_core.o [1]
USBD_ReqGetDescriptor_HID
                        0x0003fb39     0x82  Code  Wk  usbd_core_hid.o [1]
USBD_ReqGetInterface    0x0003f5fd     0x44  Code  Gb  usbd_core.o [1]
USBD_ReqGetStatus       0x0003f055     0xbe  Code  Gb  usbd_core.o [1]
USBD_ReqSetAddress      0x0003f20b     0x26  Code  Gb  usbd_core.o [1]
USBD_ReqSetClrFeature   0x0003f113     0xf8  Code  Gb  usbd_core.o [1]
USBD_ReqSetConfiguration
                        0x0003f439    0x1c4  Code  Gb  usbd_core.o [1]
USBD_ReqSetInterface    0x0003f641    0x15c  Code  Gb  usbd_core.o [1]
USBD_Reset              0x0003e99b     0x8c  Code  Gb  usbd_kk.o [1]
USBD_ResetEP            0x0003eae3     0xf2  Code  Gb  usbd_kk.o [1]
USBD_Reset_Event        0x0003fa91      0x8  Code  Wk  usb_lib.o [1]
USBD_Resume             0x0003ea39     0x12  Code  Gb  usbd_kk.o [1]
USBD_SOF_Event          0x0003fa99      0xc  Code  Wk  usb_lib.o [1]
USBD_SetAddress         0x0003ea4d     0x10  Code  Gb  usbd_kk.o [1]
USBD_SetStallEP         0x0003ebd5     0x16  Code  Gb  usbd_kk.o [1]
USBD_SetupPacket        0x1fff74c8      0x8  Data  Gb  usbd_core.o [1]
USBD_SetupStage         0x0003efa5      0xe  Code  Gb  usbd_core.o [1]
USBD_StatusInStage      0x0003f039      0xe  Code  Gb  usbd_core.o [1]
USBD_StatusOutStage     0x0003f047      0xe  Code  Gb  usbd_core.o [1]
USBD_StringDescriptor   0x0004766c     0x98  Data  Wk  usb_lib.o [1]
USBD_Suspend            0x0003ea27     0x12  Code  Gb  usbd_kk.o [1]
USBD_WakeUpCfg          0x0003ea4b      0x2  Code  Gb  usbd_kk.o [1]
USBD_WriteEP            0x0003ece3     0x5c  Code  Gb  usbd_kk.o [1]
USBD_ZLP                0x1fff760a      0x1  Data  Gb  usbd_core.o [1]
USB_ClockInit           0x0003e83d     0x64  Code  Gb  usbd_kk.o [1]
USB_SetClockDiv         0x0003e79d     0xa0  Code  Lc  usbd_kk.o [1]
USB_TokenDoneHandler    0x0003ed3f     0x5e  Code  Gb  usbd_kk.o [1]
UardDmaFlow             0x000420f1     0x8e  Code  Gb  Module_Protocol.o [1]
Uart1_Rev_Flag          0x1fff75f6      0x1  Data  Gb  Module_Init.o [1]
Uart_IDLE_Flag          0x1fff75f7      0x1  Data  Gb  Module_Init.o [1]
UpdataProg              0x1fff73a4     0x18  Data  Gb  Module_Updata.o [1]
WDOG_CallBackTable      0x1fff75cc      0x4  Data  Lc  wdog.o [1]
WDOG_Init               0x00046f27     0x6e  Code  Gb  wdog.o [1]
WDOG_Refresh            0x00046f95     0x22  Code  Gb  wdog.o [1]
WDOG_Unlock             0x00046f11     0x16  Code  Lc  wdog.o [1]
Watchdog_IRQHandler     0x00046fb7     0x1e  Code  Gb  wdog.o [1]
_Close_all              0x00047a8f      0xc  Code  Gb  xcloseall.o [3]
_GenldFull              0x0004136b    0x264  Code  Lc  xprintffull.o [3]
_LdtobFull              0x00040f69    0x3fc  Code  Lc  xprintffull.o [3]
_LitobFull              0x00040e63    0x106  Code  Lc  xprintffull.o [3]
_PrintfFull             0x0004086d    0x582  Code  Gb  xprintffull.o [3]
_Prout                  0x00047b11     0x16  Code  Gb  xprout.o [3]
_PutcharsFull           0x000415cf     0x2e  Code  Lc  xprintffull.o [3]
__Vectors               0x00010000            --   Gb  startup_MK60D10.o [1]
__Vectors_End           0x00010400           Data  Gb  startup_MK60D10.o [1]
__Vectors_Size {Abs}    0x00000400            --   Gb  startup_MK60D10.o [1]
__aeabi_cdcmple         0x000418ad           Code  Gb  DblCmpLe.o [4]
__aeabi_cdrcmple        0x000418dd           Code  Gb  DblCmpGe.o [4]
__aeabi_d2iz            0x00041a19           Code  Gb  DblToI32.o [4]
__aeabi_d2uiz           0x00041a45           Code  Gb  DblToI32.o [4]
__aeabi_ddiv            0x00041dc5           Code  Gb  DblDiv.o [4]
__aeabi_dmul            0x00041c21           Code  Gb  DblMul.o [4]
__aeabi_dsub            0x00041aa1           Code  Gb  DblSub.o [4]
__aeabi_i2d             0x00041a71           Code  Gb  I32ToDbl.o [4]
__aeabi_ldiv0           0x00042019           Code  Gb  I64DivZer.o [5]
__aeabi_ldivmod         0x000416c1           Code  Gb  I64DivMod.o [5]
__aeabi_memclr4         0x00044cc5           Code  Gb  ABImemclr4.o [5]
__aeabi_memset          0x00043621           Code  Gb  ABImemset.o [5]
__aeabi_ui2d            0x00041a85           Code  Gb  I32ToDbl.o [4]
__aeabi_uldivmod        0x00041705           Code  Gb  I64DivMod.o [5]
__as_entries_start      0xffffffff            --   Gb  command line/config [2]
__as_table_start        0xffffffff            --   Gb  command line/config [2]
__cexit_closeall        0x00047a83           Code  Gb  cexit.o [5]
__cmain                 0x00047a5d           Code  Gb  cmain.o [5]
__cstart_closeall       0x00047e30           Data  Gb  cstart_closeall.o [5]
__dwrite                0x00047599     0x1e  Code  Gb  dwrite.o [6]
__exit                  0x00047a9d     0x14  Code  Gb  exit.o [6]
__iar_Dnorm             0x0004186b     0x42  Code  Gb  xdnorm.o [4]
__iar_Dscale            0x0004190d    0x10c  Code  Gb  xdscale.o [4]
__iar_Memchr            0x00041669           Code  Gb  memchr.o [5]
__iar_Memset            0x00043621           Code  Gb  ABImemset.o [5]
__iar_Memset4_word      0x00045c61           Code  Gb  ABImemset48.o [5]
__iar_Memset8_word      0x00045c61           Code  Gb  ABImemset48.o [5]
__iar_Memset_word       0x00043629           Code  Gb  ABImemset.o [5]
__iar_Strchr            0x00041619           Code  Gb  strchr.o [5]
__iar_close_ttio        0x000475f9     0x2e  Code  Gb  iarttio.o [6]
__iar_copy_init3        0x0003c8b3     0x2e  Code  Gb  copy_init3.o [5]
__iar_d2uiz             0x00041a51           Code  Gb  DblToI32.o [4]
__iar_dadd              0x0004201d           Code  Gb  DblAdd.o [4]
__iar_data_init3        0x00047959     0x28  Code  Gb  data_init.o [5]
__iar_dsub              0x00041ab5           Code  Gb  DblSub.o [4]
__iar_dsubStart         0x00041ac7           Code  Gb  DblSub.o [4]
__iar_get_ttio          0x00047629     0x38  Code  Gb  iarttio.o [6]
__iar_lookup_ttioh      0x00047665      0x8  Code  Gb  XShttio.o [3]
__iar_program_start     0x00047c6d           Code  Gb  cstartup_M.o [5]
__iar_sh_stdout         0x000475b7     0x20  Code  Gb  iarwstd.o [6]
__iar_sh_write          0x000475d7     0x22  Code  Gb  iarwrite.o [6]
__iar_ttio_handles      0x1fff0018      0x8  Data  Lc  XShttio.o [3]
__iar_ui2d              0x00041a89           Code  Gb  I32ToDbl.o [4]
__iar_unaligned___aeabi_memcpy
                        0x000417f5           Code  Gb  ABImemcpy_unaligned.o [5]
__iar_unaligned___aeabi_memcpy4
                        0x00041815           Code  Gb  ABImemcpy_unaligned.o [5]
__iar_unaligned___aeabi_memcpy8
                        0x00041815           Code  Gb  ABImemcpy_unaligned.o [5]
__iar_zero_init3        0x0003d4af     0x22  Code  Gb  zero_init3.o [5]
__low_level_init        0x00047a77      0x4  Code  Gb  low_level_init.o [3]
__vector_table          0x00010000           Data  Gb  startup_MK60D10.o [1]
__write_buffered        0x000474d9     0xc0  Code  Gb  xxwritebuffered.o [3]
_call_main              0x00047a69           Code  Gb  cmain.o [5]
_exit                   0x00047a81           Code  Gb  cexit.o [5]
_main                   0x00047a73           Code  Gb  cmain.o [5]
bms                     0x1fff6d34     0xc8  Data  Gb  Module_Protocol.o [1]
bsp_init                0x00046d65    0x110  Code  Gb  Module_BSP.o [1]
buf                     0x1fff7344     0x20  Data  Gb  test.o [1]
check_fs                0x0003bcab     0x7a  Code  Lc  ff.o [1]
chk_chr                 0x0003ad5d     0x14  Code  Lc  ff.o [1]
clmt_clust              0x0003b24f     0x30  Code  Lc  ff.o [1]
clust2sect              0x0003aecb     0x18  Code  Gb  ff.o [1]
cmp_lfn                 0x0003b50d     0x96  Code  Lc  ff.o [1]
control_line_state      0x1fff75e8      0x2  Data  Gb  usbd_cdc_acm.o [1]
crcCheck                0x00043399     0x30  Code  Gb  crc.o [1]
create_chain            0x0003b191     0xbe  Code  Lc  ff.o [1]
create_name             0x0003b90f    0x2d8  Code  Lc  ff.o [1]
data_no_space_for_receive
                        0x1fff7568      0x4  Data  Gb  usbd_cdc_acm.o [1]
data_read_access        0x1fff755c      0x4  Data  Gb  usbd_cdc_acm.o [1]
data_receive_int_access
                        0x1fff7560      0x4  Data  Gb  usbd_cdc_acm.o [1]
data_received_pending_pckts
                        0x1fff7564      0x4  Data  Gb  usbd_cdc_acm.o [1]
data_send_access        0x1fff7540      0x4  Data  Gb  usbd_cdc_acm.o [1]
data_send_active        0x1fff7544      0x4  Data  Gb  usbd_cdc_acm.o [1]
data_send_zlp           0x1fff7548      0x4  Data  Gb  usbd_cdc_acm.o [1]
data_to_send_rd         0x1fff7550      0x4  Data  Gb  usbd_cdc_acm.o [1]
data_to_send_wr         0x1fff754c      0x4  Data  Gb  usbd_cdc_acm.o [1]
debug                   0x1fff75d6      0x2  Data  Gb  Module_Init.o [1]
dir_alloc               0x0003b47b     0x58  Code  Lc  ff.o [1]
dir_find                0x0003b6df     0xe8  Code  Lc  ff.o [1]
dir_next                0x0003b341    0x13a  Code  Lc  ff.o [1]
dir_register            0x0003b7c7    0x148  Code  Lc  ff.o [1]
dir_sdi                 0x0003b27f     0xc2  Code  Lc  ff.o [1]
disk_initialize         0x0003c7fd     0x16  Code  Gb  diskio.o [1]
disk_ioctl              0x0003c863     0x4c  Code  Gb  diskio.o [1]
disk_read               0x0003c827     0x1e  Code  Gb  diskio.o [1]
disk_status             0x0003c819      0xe  Code  Gb  diskio.o [1]
disk_write              0x0003c845     0x1e  Code  Gb  diskio.o [1]
div                     0x0004200b      0xe  Code  Gb  div.o [3]
dona_test               0x00047001     0xd6  Code  Gb  test.o [1]
eep_addr                0x000417f2      0x1  Data  Lc  at24cxx.o [1]
eep_dev                 0x1fff74d8      0x4  Data  Lc  at24cxx.o [1]
eep_init                0x00044031     0x30  Code  Gb  at24cxx.o [1]
eep_read                0x00044061     0x2a  Code  Gb  at24cxx.o [1]
eep_write_page          0x0004408b     0x3e  Code  Gb  at24cxx.o [1]
exit                    0x00047a7b      0x4  Code  Gb  exit.o [3]
f_close                 0x0003c7c9     0x24  Code  Gb  ff.o [1]
f_mount                 0x0003c11b     0x5a  Code  Gb  ff.o [1]
f_open                  0x0003c175    0x188  Code  Gb  ff.o [1]
f_read                  0x0003c30d    0x1ee  Code  Gb  ff.o [1]
f_sync                  0x0003c71f     0xaa  Code  Gb  ff.o [1]
f_write                 0x0003c4fb    0x224  Code  Gb  ff.o [1]
fac_ms                  0x1fff7538      0x4  Data  Lc  systick.o [1]
fac_us                  0x1fff752c      0x4  Data  Lc  pit.o [1]
fac_us                  0x1fff7534      0x4  Data  Lc  systick.o [1]
ff_convert              0x0003c8e1     0x60  Code  Gb  cc936.o [1]
ff_wtoupper             0x0003c941     0x32  Code  Gb  cc936.o [1]
find_volume             0x0003bd2d    0x3b8  Code  Lc  ff.o [1]
fit_lfn                 0x0003b5a3     0x74  Code  Lc  ff.o [1]
follow_path             0x0003bbe7     0x7a  Code  Lc  ff.o [1]
gen_numname             0x0003b617     0xaa  Code  Lc  ff.o [1]
get_fat                 0x0003aee3    0x10a  Code  Gb  ff.o [1]
get_fattime             0x0003c8af      0x4  Code  Gb  diskio.o [1]
get_ldnumber            0x0003bc61     0x4a  Code  Lc  ff.o [1]
i2c                     0x1fff7448      0xc  Data  Lc  i2c.o [1]
is_mb_idle              0x0004445d     0x28  Code  Lc  can.o [1]
ld_clust                0x0003b4d3     0x22  Code  Lc  ff.o [1]
line_coding             0x1fff74b8      0x8  Data  Gb  usbd_cdc_acm.o [1]
main                    0x00046b99     0x24  Code  Gb  main.o [1]
mem_cmp                 0x0003ad3d     0x20  Code  Lc  ff.o [1]
mem_cpy                 0x0003ad19     0x14  Code  Lc  ff.o [1]
mem_set                 0x0003ad2d     0x10  Code  Lc  ff.o [1]
memchr                  0x00041669           Code  Gb  memchr.o [5]
move_window             0x0003adc1     0x36  Code  Lc  ff.o [1]
oem2uni                 0x00025894  0x15484  Data  Lc  cc936.o [1]
pile_info               0x1fff6fa0     0x78  Data  Gb  Module_Protocol.o [1]
printf                  0x000473b5     0x24  Code  Gb  printf.o [3]
protected_and           0x0003e77b      0x8  Code  Lc  usbd_kk.o [1]
protected_or            0x0003e783      0x8  Code  Lc  usbd_kk.o [1]
protected_xor           0x0003e78b      0x8  Code  Lc  usbd_kk.o [1]
ptrDataFeat             0x1fff7594      0x4  Data  Gb  usbd_hid.o [1]
ptrDataIn               0x1fff7590      0x4  Data  Gb  usbd_hid.o [1]
ptrDataOut              0x1fff7588      0x4  Data  Gb  usbd_hid.o [1]
ptr_data_read           0x1fff7570      0x4  Data  Gb  usbd_cdc_acm.o [1]
ptr_data_received       0x1fff756c      0x4  Data  Gb  usbd_cdc_acm.o [1]
ptr_data_sent           0x1fff7558      0x4  Data  Gb  usbd_cdc_acm.o [1]
ptr_data_to_send        0x1fff7554      0x4  Data  Gb  usbd_cdc_acm.o [1]
put_fat                 0x0003afed    0x136  Code  Gb  ff.o [1]
putchar                 0x00047931     0x28  Code  Gb  putchar.o [3]
remove_chain            0x0003b123     0x6e  Code  Lc  ff.o [1]
sdh                     0x1fff7310     0x34  Data  Lc  sd.o [1]
set_id                  0x00044251     0x84  Code  Lc  can.o [1]
st_clust                0x0003b4f5     0x18  Code  Lc  ff.o [1]
store                   0x1fff70f0     0x50  Data  Lc  xxwritebuffered.o [3]
storeLen                0x1fff7140      0x4  Data  Lc  xxwritebuffered.o [3]
strchr                  0x00041619           Code  Gb  strchr.o [5]
strlen                  0x00041631           Code  Gb  strlen.o [5]
sum_sfn                 0x0003b6c1     0x1e  Code  Lc  ff.o [1]
sync_fs                 0x0003adf7     0xd4  Code  Lc  ff.o [1]
sync_window             0x0003ad71     0x50  Code  Lc  ff.o [1]
uart                    0x1fff7454      0xc  Data  Gb  Module_Can.o [1]
uni2oem                 0x00010410  0x15484  Data  Lc  cc936.o [1]
usb_host_init           0x0003ef19     0x14  Code  Gb  Module_USB.o [1]
usbd_cdc_acm_cif_num    0x00043686      0x1  Data  Gb  usb_lib.o [1]
usbd_cdc_acm_dif_num    0x00043687      0x1  Data  Gb  usb_lib.o [1]
usbd_cdc_acm_ep_bulkin  0x00044cca      0x1  Data  Gb  usb_lib.o [1]
usbd_cdc_acm_ep_bulkout
                        0x00044ccb      0x1  Data  Gb  usb_lib.o [1]
usbd_cdc_acm_maxpacketsize1
                        0x00047cf4      0x4  Data  Gb  usb_lib.o [1]
usbd_cdc_acm_receivebuf_sz
                        0x00041616      0x2  Data  Gb  usb_lib.o [1]
usbd_cdc_acm_sendbuf_sz
                        0x0004086a      0x2  Data  Gb  usb_lib.o [1]
usbd_class_init         0x0003faa5     0x10  Code  Gb  usb_lib.o [1]
usbd_connect            0x0003ef65      0x8  Code  Gb  usbd_core.o [1]
usbd_hid_ep_intin       0x0004190b      0x1  Data  Gb  usb_lib.o [1]
usbd_hid_get_protocol   0x0003fe69      0x4  Code  Wk  usbd_hid.o [1]
usbd_hid_get_report     0x0003fe63      0x4  Code  Wk  usbd_hid.o [1]
usbd_hid_if_num         0x0004190a      0x1  Data  Gb  usb_lib.o [1]
usbd_hid_init           0x0003fe61      0x2  Code  Wk  usbd_hid.o [1]
usbd_hid_inreport_max_sz
                        0x0003fab6      0x2  Data  Gb  usb_lib.o [1]
usbd_hid_inreport_num   0x00041dc2      0x1  Data  Gb  usb_lib.o [1]
usbd_hid_interval       0x00047ce8      0x4  Data  Gb  usb_lib.o [1]
usbd_hid_maxpacketsize  0x00047cec      0x4  Data  Gb  usb_lib.o [1]
usbd_hid_set_protocol   0x0003fe6d      0x2  Code  Wk  usbd_hid.o [1]
usbd_hid_set_report     0x0003fe67      0x2  Code  Wk  usbd_hid.o [1]
usbd_hs_enable          0x000418da      0x1  Data  Gb  usb_lib.o [1]
usbd_if_num             0x0003e762      0x2  Data  Gb  usb_lib.o [1]
usbd_init               0x0003ef4d     0x18  Code  Gb  usbd_core.o [1]
usbd_max_packet0        0x000418db      0x1  Data  Gb  usb_lib.o [1]
usbd_msc_ep_bulkin      0x0004201a      0x1  Data  Gb  usb_lib.o [1]
usbd_msc_ep_bulkout     0x0004201b      0x1  Data  Gb  usb_lib.o [1]
usbd_msc_if_num         0x00041dc3      0x1  Data  Gb  usb_lib.o [1]
usbd_msc_init           0x0003eebd     0x3c  Code  Gb  Module_USB.o [1]
usbd_msc_inquiry_data   0x1fff0028      0x4  Data  Gb  usb_lib.o [1]
usbd_msc_maxpacketsize  0x00047cf0      0x4  Data  Gb  usb_lib.o [1]
usbd_msc_read_sect      0x0003eef9     0x10  Code  Gb  Module_USB.o [1]
usbd_msc_start_stop     0x0003d789      0x2  Code  Wk  usbd_msc.o [1]
usbd_msc_write_sect     0x0003ef09     0x10  Code  Gb  Module_USB.o [1]
usbd_power              0x000417f3      0x1  Data  Gb  usb_lib.o [1]
usbd_reset_core         0x0003ef6d     0x38  Code  Gb  usbd_core.o [1]
validate                0x0003c0e5     0x36  Code  Lc  ff.o [1]


[1] = E:\work\GitHub\Template_For_uCOS-II\output\Release\Obj
[2] = command line
[3] = dl7M_tln.a
[4] = m7M_tl.a
[5] = rt7M_tl.a
[6] = shb_l.a

   52 129 bytes of readonly  code memory
  176 835 bytes of readonly  data memory
   31 245 bytes of readwrite data memory

Errors: none
Warnings: none
