###############################################################################
#
# IAR ELF Linker V7.20.2.7424/W32 for ARM                 13/Sep/2015  11:57:52
# Copyright 2007-2014 IAR Systems AB.
#
#    Output file  =  C:\work\Template_For_uCOS-II\Debug\Exe\Project.out
#    Map file     =  C:\work\Template_For_uCOS-II\Debug\List\Project.map
#    Command line =  
#        C:\work\Template_For_uCOS-II\Debug\Obj\adc.o
#        C:\work\Template_For_uCOS-II\Debug\Obj\can.o
#        C:\work\Template_For_uCOS-II\Debug\Obj\cmp.o
#        C:\work\Template_For_uCOS-II\Debug\Obj\common.o
#        C:\work\Template_For_uCOS-II\Debug\Obj\cpuidy.o
#        C:\work\Template_For_uCOS-II\Debug\Obj\crc.o
#        C:\work\Template_For_uCOS-II\Debug\Obj\dac.o
#        C:\work\Template_For_uCOS-II\Debug\Obj\dma.o
#        C:\work\Template_For_uCOS-II\Debug\Obj\enet.o
#        C:\work\Template_For_uCOS-II\Debug\Obj\flash.o
#        C:\work\Template_For_uCOS-II\Debug\Obj\flexbus.o
#        C:\work\Template_For_uCOS-II\Debug\Obj\ftm.o
#        C:\work\Template_For_uCOS-II\Debug\Obj\gpio.o
#        C:\work\Template_For_uCOS-II\Debug\Obj\i2c.o
#        C:\work\Template_For_uCOS-II\Debug\Obj\i2s.o
#        C:\work\Template_For_uCOS-II\Debug\Obj\lptmr.o
#        C:\work\Template_For_uCOS-II\Debug\Obj\main.o
#        C:\work\Template_For_uCOS-II\Debug\Obj\nfc.o
#        C:\work\Template_For_uCOS-II\Debug\Obj\os_core.o
#        C:\work\Template_For_uCOS-II\Debug\Obj\os_cpu_a_iar.o
#        C:\work\Template_For_uCOS-II\Debug\Obj\os_cpu_c.o
#        C:\work\Template_For_uCOS-II\Debug\Obj\os_dbg.o
#        C:\work\Template_For_uCOS-II\Debug\Obj\os_flag.o
#        C:\work\Template_For_uCOS-II\Debug\Obj\os_mbox.o
#        C:\work\Template_For_uCOS-II\Debug\Obj\os_mem.o
#        C:\work\Template_For_uCOS-II\Debug\Obj\os_mutex.o
#        C:\work\Template_For_uCOS-II\Debug\Obj\os_q.o
#        C:\work\Template_For_uCOS-II\Debug\Obj\os_sem.o
#        C:\work\Template_For_uCOS-II\Debug\Obj\os_task.o
#        C:\work\Template_For_uCOS-II\Debug\Obj\os_time.o
#        C:\work\Template_For_uCOS-II\Debug\Obj\os_tmr.o
#        C:\work\Template_For_uCOS-II\Debug\Obj\pdb.o
#        C:\work\Template_For_uCOS-II\Debug\Obj\pit.o
#        C:\work\Template_For_uCOS-II\Debug\Obj\rtc.o
#        C:\work\Template_For_uCOS-II\Debug\Obj\sd.o
#        C:\work\Template_For_uCOS-II\Debug\Obj\spi.o
#        C:\work\Template_For_uCOS-II\Debug\Obj\startup_MK60D10.o
#        C:\work\Template_For_uCOS-II\Debug\Obj\system_MK60D10.o
#        C:\work\Template_For_uCOS-II\Debug\Obj\systick.o
#        C:\work\Template_For_uCOS-II\Debug\Obj\tsi.o
#        C:\work\Template_For_uCOS-II\Debug\Obj\uart.o
#        C:\work\Template_For_uCOS-II\Debug\Obj\vref.o
#        C:\work\Template_For_uCOS-II\Debug\Obj\wdog.o --redirect
#        _Printf=_PrintfFull --redirect _Scanf=_ScanfFull -o
#        C:\work\Template_For_uCOS-II\Debug\Exe\Project.out --map
#        C:\work\Template_For_uCOS-II\Debug\List\Project.map --config
#        "C:\Program Files (x86)\IAR Systems\Embedded Workbench
#        7.0\arm\config\linker\Freescale\MK60xN512_10.icf" --semihosting
#        --entry __iar_program_start --redirect __write=__write_buffered --vfe
#
###############################################################################

*******************************************************************************
*** RUNTIME MODEL ATTRIBUTES
***

CppFlavor       = *
__SystemLibrary = DLib


*******************************************************************************
*** PLACEMENT SUMMARY
***

"A1":  place at 0x00000000 { ro section .intvec };
"P2":  place in [from 0x00000000 to 0x000003ff] |
                [from 0x00000410 to 0x0007ffff] { ro };
"P3":  place in [from 0x1fff0000 to 0x1fffffff repeat 2] {
          rw, block CSTACK, block HEAP };

  Section            Kind        Address    Size  Object
  -------            ----        -------    ----  ------
"A1":                                      0x410
  .intvec            ro code  0x00000000   0x410  startup_MK60D10.o [1]
                            - 0x00000410   0x410

"P2":                                     0x48f0
  .text              ro code  0x00000410   0xdaa  xprintffull.o [3]
  .text              ro code  0x000011ba    0x2e  copy_init3.o [5]
  .text              ro code  0x000011e8    0x16  strchr.o [5]
  .text              ro code  0x000011fe    0x22  zero_init3.o [5]
  .text              ro code  0x00001220    0x36  strlen.o [5]
  .text              ro code  0x00001258    0x58  memchr.o [5]
  .text              ro code  0x000012b0    0xee  I64DivMod.o [5]
  .text              ro code  0x000013a0    0x76  ABImemcpy_unaligned.o [5]
  .text              ro code  0x00001416    0x42  xdnorm.o [4]
  .text              ro code  0x00001458    0x2e  DblCmpLe.o [4]
  .text              ro code  0x00001488    0x2e  DblCmpGe.o [4]
  .text              ro code  0x000014b8   0x10c  xdscale.o [4]
  .text              ro code  0x000015c4    0x58  DblToI32.o [4]
  .text              ro code  0x0000161c    0x30  I32ToDbl.o [4]
  .text              ro code  0x0000164c   0x180  DblSub.o [4]
  .text              ro code  0x000017cc   0x1a2  DblMul.o [4]
  .text              ro code  0x00001970   0x246  DblDiv.o [4]
  .text              ro code  0x00001bb6     0xe  div.o [3]
  .text              ro code  0x00001bc4     0x2  I64DivZer.o [5]
  .text              ro code  0x00001bc8    0xd4  DblAdd.o [4]
  .text              ro code  0x00001c9c   0xab8  os_core.o [1]
  CODE               ro code  0x00002754    0xac  os_cpu_a_iar.o [1]
  .text              ro code  0x00002800    0xf8  os_cpu_c.o [1]
  .text              ro code  0x000028f8    0x96  os_flag.o [1]
  .text              ro code  0x00002990    0x60  os_mem.o [1]
  .text              ro code  0x000029f0    0x58  os_q.o [1]
  .text              ro code  0x00002a48   0x298  os_tmr.o [1]
  .text              ro code  0x00002ce0   0x120  os_time.o [1]
  .text              ro code  0x00002e00   0x594  os_task.o [1]
  .text              ro code  0x00003394   0x1b8  os_sem.o [1]
  .text              ro code  0x0000354c   0x530  uart.o [1]
  .text              ro code  0x00003a7c    0x9e  common.o [1]
  .text              ro code  0x00003b1c    0xda  gpio.o [1]
  .text              ro code  0x00003bf8   0x1f8  system_MK60D10.o [1]
  .text              ro code  0x00003df0   0x1e6  os_mbox.o [1]
  .text              ro code  0x00003fd8   0x158  main.o [1]
  .text              ro code  0x00004130    0x9c  systick.o [1]
  .text              ro code  0x000041cc    0x24  printf.o [3]
  .text              ro code  0x000041f0   0x148  ftm.o [1]
  .rodata            const    0x00004338   0x100  os_core.o [1]
  .text              ro code  0x00004438    0xc8  dma.o [1]
  .text              ro code  0x00004500    0xc0  xxwritebuffered.o [3]
  .text              ro code  0x000045c0    0x1e  dwrite.o [6]
  .text              ro code  0x000045de    0x20  iarwstd.o [6]
  .text              ro code  0x000045fe    0x22  iarwrite.o [6]
  .text              ro code  0x00004620    0x6c  iarttio.o [6]
  .text              ro code  0x0000468c     0x8  XShttio.o [3]
  .text              ro code  0x00004694    0x94  dac.o [1]
  .text              ro code  0x00004728    0x60  pit.o [1]
  .text              ro code  0x00004788    0x58  rtc.o [1]
  .text              ro code  0x000047e0    0x56  spi.o [1]
  .text              ro code  0x00004838    0x4c  enet.o [1]
  .rodata            const    0x00004884    0x48  uart.o [1]
  .text              ro code  0x000048cc    0x34  tsi.o [1]
  .text              ro code  0x00004900    0x28  adc.o [1]
  .text              ro code  0x00004928    0x28  can.o [1]
  .text              ro code  0x00004950    0x28  lptmr.o [1]
  .text              ro code  0x00004978    0x28  pdb.o [1]
  .text              ro code  0x000049a0    0x28  wdog.o [1]
  .text              ro code  0x000049c8    0x28  putchar.o [3]
  .text              ro code  0x000049f0    0x28  data_init.o [5]
  .iar.init_table    const    0x00004a18    0x24  - Linker created -
  .rodata            const    0x00004a3c    0x20  main.o [1]
  .rodata            const    0x00004a5c    0x1c  main.o [1]
  .text              ro code  0x00004a78    0x1a  cmain.o [5]
  .text              ro code  0x00004a92     0x4  low_level_init.o [3]
  .text              ro code  0x00004a96     0x4  exit.o [3]
  .text              ro code  0x00004a9c     0xe  cexit.o [5]
  .text              ro code  0x00004aaa     0xc  xcloseall.o [3]
  .text              ro code  0x00004ab8    0x14  exit.o [6]
  .rodata            const    0x00004acc    0x18  uart.o [1]
  .text              ro code  0x00004ae4    0x16  xprout.o [3]
  .rodata            const    0x00004afc    0x14  gpio.o [1]
  .rodata            const    0x00004b10    0x14  gpio.o [1]
  .rodata            const    0x00004b24    0x14  main.o [1]
  .rodata            const    0x00004b38    0x14  main.o [1]
  .rodata            const    0x00004b4c    0x14  os_tmr.o [1]
  .rodata            const    0x00004b60    0x14  os_tmr.o [1]
  .rodata            const    0x00004b74    0x10  main.o [1]
  .rodata            const    0x00004b84    0x10  os_core.o [1]
  .rodata            const    0x00004b94    0x10  os_core.o [1]
  .rodata            const    0x00004ba4    0x10  os_tmr.o [1]
  .text              ro code  0x00004bb4    0x10  startup_MK60D10.o [1]
  .rodata            const    0x00004bc4     0xc  ftm.o [1]
  .rodata            const    0x00004bd0     0xc  ftm.o [1]
  .rodata            const    0x00004bdc     0xc  spi.o [1]
  .text              ro code  0x00004be8     0xc  cstartup_M.o [5]
  .rodata            const    0x00004bf4     0x8  dac.o [1]
  .text              ro code  0x00004bfc     0x4  startup_MK60D10.o [1]
  .text              ro code  0x00004c00     0x4  startup_MK60D10.o [1]
  .text              ro code  0x00004c04     0x4  startup_MK60D10.o [1]
  .text              ro code  0x00004c08     0x4  startup_MK60D10.o [1]
  .text              ro code  0x00004c0c     0x4  startup_MK60D10.o [1]
  .text              ro code  0x00004c10     0x4  startup_MK60D10.o [1]
  .text              ro code  0x00004c14     0x4  startup_MK60D10.o [1]
  .text              ro code  0x00004c18     0x4  startup_MK60D10.o [1]
  .text              ro code  0x00004c1c     0x4  startup_MK60D10.o [1]
  .text              ro code  0x00004c20     0x4  startup_MK60D10.o [1]
  .text              ro code  0x00004c24     0x4  startup_MK60D10.o [1]
  .text              ro code  0x00004c28     0x4  startup_MK60D10.o [1]
  .text              ro code  0x00004c2c     0x4  startup_MK60D10.o [1]
  .text              ro code  0x00004c30     0x4  startup_MK60D10.o [1]
  .text              ro code  0x00004c34     0x4  startup_MK60D10.o [1]
  .text              ro code  0x00004c38     0x4  startup_MK60D10.o [1]
  .text              ro code  0x00004c3c     0x4  startup_MK60D10.o [1]
  .text              ro code  0x00004c40     0x4  startup_MK60D10.o [1]
  .text              ro code  0x00004c44     0x4  startup_MK60D10.o [1]
  .text              ro code  0x00004c48     0x4  startup_MK60D10.o [1]
  .text              ro code  0x00004c4c     0x4  startup_MK60D10.o [1]
  .text              ro code  0x00004c50     0x4  startup_MK60D10.o [1]
  .text              ro code  0x00004c54     0x4  startup_MK60D10.o [1]
  .text              ro code  0x00004c58     0x4  startup_MK60D10.o [1]
  .text              ro code  0x00004c5c     0x4  startup_MK60D10.o [1]
  .text              ro code  0x00004c60     0x4  startup_MK60D10.o [1]
  .text              ro code  0x00004c64     0x4  startup_MK60D10.o [1]
  .text              ro code  0x00004c68     0x4  startup_MK60D10.o [1]
  .text              ro code  0x00004c6c     0x4  startup_MK60D10.o [1]
  .text              ro code  0x00004c70     0x4  startup_MK60D10.o [1]
  .text              ro code  0x00004c74     0x4  startup_MK60D10.o [1]
  .text              ro code  0x00004c78     0x4  startup_MK60D10.o [1]
  .text              ro code  0x00004c7c     0x4  startup_MK60D10.o [1]
  .text              ro code  0x00004c80     0x4  startup_MK60D10.o [1]
  .text              ro code  0x00004c84     0x4  startup_MK60D10.o [1]
  .text              ro code  0x00004c88     0x4  startup_MK60D10.o [1]
  .text              ro code  0x00004c8c     0x4  startup_MK60D10.o [1]
  .text              ro code  0x00004c90     0x4  startup_MK60D10.o [1]
  .text              ro code  0x00004c94     0x4  startup_MK60D10.o [1]
  .text              ro code  0x00004c98     0x4  startup_MK60D10.o [1]
  .text              ro code  0x00004c9c     0x4  startup_MK60D10.o [1]
  .text              ro code  0x00004ca0     0x4  startup_MK60D10.o [1]
  .text              ro code  0x00004ca4     0x4  startup_MK60D10.o [1]
  .text              ro code  0x00004ca8     0x4  startup_MK60D10.o [1]
  .text              ro code  0x00004cac     0x4  startup_MK60D10.o [1]
  .text              ro code  0x00004cb0     0x4  startup_MK60D10.o [1]
  .text              ro code  0x00004cb4     0x4  startup_MK60D10.o [1]
  .text              ro code  0x00004cb8     0x4  startup_MK60D10.o [1]
  .text              ro code  0x00004cbc     0x4  startup_MK60D10.o [1]
  .text              ro code  0x00004cc0     0x4  startup_MK60D10.o [1]
  .text              ro code  0x00004cc4     0x4  startup_MK60D10.o [1]
  .text              ro code  0x00004cc8     0x4  startup_MK60D10.o [1]
  .text              ro code  0x00004ccc     0x4  startup_MK60D10.o [1]
  .text              ro code  0x00004cd0     0x4  startup_MK60D10.o [1]
  .text              ro code  0x00004cd4     0x4  startup_MK60D10.o [1]
  .text              ro code  0x00004cd8     0x4  startup_MK60D10.o [1]
  .text              ro code  0x00004cdc     0x4  startup_MK60D10.o [1]
  .text              ro code  0x00004ce0     0x4  startup_MK60D10.o [1]
  .text              ro code  0x00004ce4     0x4  startup_MK60D10.o [1]
  .text              ro code  0x00004ce8     0x4  startup_MK60D10.o [1]
  .text              ro code  0x00004cec     0x4  startup_MK60D10.o [1]
  .text              ro code  0x00004cf0     0x0  cstart_closeall.o [5]
  .rodata            const    0x00004cf0     0x0  zero_init3.o [5]
  .rodata            const    0x00004cf0     0x0  copy_init3.o [5]
  Initializer bytes  ro data  0x00004cf0    0x10  <for P3 s0>
                            - 0x00004d00  0x48f0

"P3":                                     0x3f20
  P3 s0                       0x1fff0000    0x10  <Init block>
    .data            inited   0x1fff0000     0x8  XShttio.o [3]
    .data            inited   0x1fff0008     0x4  system_MK60D10.o [1]
    .data            inited   0x1fff000c     0x1  main.o [1]
    .data            inited   0x1fff000d     0x1  uart.o [1]
  .bss               zero     0x1fff0010   0x790  os_core.o [1]
  .bss               zero     0x1fff07a0   0x280  os_core.o [1]
  .bss               zero     0x1fff0a20   0x200  main.o [1]
  .bss               zero     0x1fff0c20   0x200  main.o [1]
  .bss               zero     0x1fff0e20   0x200  main.o [1]
  .bss               zero     0x1fff1020   0x200  main.o [1]
  .bss               zero     0x1fff1220   0x200  os_core.o [1]
  .bss               zero     0x1fff1420   0x200  os_core.o [1]
  .bss               zero     0x1fff1620   0x200  os_core.o [1]
  .bss               zero     0x1fff1820   0x200  os_cpu_c.o [1]
  .bss               zero     0x1fff1a20   0x100  os_core.o [1]
  .bss               zero     0x1fff1b20    0xf0  os_core.o [1]
  .bss               zero     0x1fff1c10    0x78  os_core.o [1]
  .bss               zero     0x1fff1c88    0x60  os_core.o [1]
  .bss               zero     0x1fff1ce8    0x54  xxwritebuffered.o [3]
  .bss               zero     0x1fff1d3c    0x50  os_core.o [1]
  .bss               zero     0x1fff1d8c    0x40  dma.o [1]
  .bss               zero     0x1fff1dcc    0x40  os_core.o [1]
  .bss               zero     0x1fff1e0c    0x18  uart.o [1]
  .bss               zero     0x1fff1e24    0x18  uart.o [1]
  .bss               zero     0x1fff1e3c    0x14  gpio.o [1]
  .bss               zero     0x1fff1e50    0x10  pit.o [1]
  .bss               zero     0x1fff1e60     0xc  ftm.o [1]
  .bss               zero     0x1fff1e6c     0xc  spi.o [1]
  .bss               zero     0x1fff1e78     0x8  adc.o [1]
  .bss               zero     0x1fff1e80     0x8  can.o [1]
  .bss               zero     0x1fff1e88     0x8  dac.o [1]
  .bss               zero     0x1fff1e90     0x8  os_core.o [1]
  .bss               zero     0x1fff1e98     0x4  enet.o [1]
  .bss               zero     0x1fff1e9c     0x4  enet.o [1]
  .bss               zero     0x1fff1ea0     0x4  lptmr.o [1]
  .bss               zero     0x1fff1ea4     0x4  main.o [1]
  .bss               zero     0x1fff1ea8     0x4  main.o [1]
  .bss               zero     0x1fff1eac     0x4  os_core.o [1]
  .bss               zero     0x1fff1eb0     0x4  os_core.o [1]
  .bss               zero     0x1fff1eb4     0x4  os_core.o [1]
  .bss               zero     0x1fff1eb8     0x4  os_core.o [1]
  .bss               zero     0x1fff1ebc     0x4  os_core.o [1]
  .bss               zero     0x1fff1ec0     0x4  os_core.o [1]
  .bss               zero     0x1fff1ec4     0x4  os_core.o [1]
  .bss               zero     0x1fff1ec8     0x4  os_core.o [1]
  .bss               zero     0x1fff1ecc     0x4  os_core.o [1]
  .bss               zero     0x1fff1ed0     0x4  os_core.o [1]
  .bss               zero     0x1fff1ed4     0x4  os_core.o [1]
  .bss               zero     0x1fff1ed8     0x4  os_core.o [1]
  .bss               zero     0x1fff1edc     0x4  os_core.o [1]
  .bss               zero     0x1fff1ee0     0x4  os_core.o [1]
  .bss               zero     0x1fff1ee4     0x4  os_core.o [1]
  .bss               zero     0x1fff1ee8     0x4  os_core.o [1]
  .bss               zero     0x1fff1eec     0x4  os_core.o [1]
  .bss               zero     0x1fff1ef0     0x4  os_cpu_c.o [1]
  .bss               zero     0x1fff1ef4     0x4  pdb.o [1]
  .bss               zero     0x1fff1ef8     0x4  rtc.o [1]
  .bss               zero     0x1fff1efc     0x4  systick.o [1]
  .bss               zero     0x1fff1f00     0x4  systick.o [1]
  .bss               zero     0x1fff1f04     0x4  tsi.o [1]
  .bss               zero     0x1fff1f08     0x4  wdog.o [1]
  .bss               zero     0x1fff1f0c     0x2  os_core.o [1]
  .bss               zero     0x1fff1f0e     0x2  os_core.o [1]
  .bss               zero     0x1fff1f10     0x2  os_cpu_c.o [1]
  .bss               zero     0x1fff1f12     0x1  os_core.o [1]
  .bss               zero     0x1fff1f13     0x1  os_core.o [1]
  .bss               zero     0x1fff1f14     0x1  os_core.o [1]
  .bss               zero     0x1fff1f15     0x1  os_core.o [1]
  .bss               zero     0x1fff1f16     0x1  os_core.o [1]
  .bss               zero     0x1fff1f17     0x1  os_core.o [1]
  .bss               zero     0x1fff1f18     0x1  os_core.o [1]
  .bss               zero     0x1fff1f19     0x1  os_core.o [1]
  .bss               zero     0x1fff1f1a     0x1  os_core.o [1]
  .bss               zero     0x1fff1f1b     0x1  os_core.o [1]
  .bss               zero     0x1fff1f1c     0x1  uart.o [1]
  CSTACK                      0x1fff1f20  0x2000  <Block>
    CSTACK           uninit   0x1fff1f20  0x2000  <Block tail>
                            - 0x1fff3f20  0x3f20


*******************************************************************************
*** INIT TABLE
***

          Address     Size
          -------     ----
Zero (__iar_zero_init3)
    1 destination range, total size 0x1f0d:
          0x1fff0010  0x1f0d

Copy (__iar_copy_init3)
    1 source range, total size 0x10 (114% of destination):
          0x00004cf0    0x10
    1 destination range, total size 0xe:
          0x1fff0000     0xe



*******************************************************************************
*** MODULE SUMMARY
***

    Module                 ro code  ro data  rw data
    ------                 -------  -------  -------
C:\work\Template_For_uCOS-II\Debug\Obj: [1]
    adc.o                       40                 8
    can.o                       40                 8
    common.o                   158
    dac.o                      148        8        8
    dma.o                      200                64
    enet.o                      76                 8
    ftm.o                      328       24       12
    gpio.o                     218       40       20
    lptmr.o                     40                 4
    main.o                     344      117    2 057
    os_core.o                2 744      288    5 058
    os_cpu_a_iar.o             172
    os_cpu_c.o                 248               518
    os_flag.o                  150
    os_mbox.o                  486
    os_mem.o                    96
    os_q.o                      88
    os_sem.o                   440
    os_task.o                1 428
    os_time.o                  288
    os_tmr.o                   664       56
    pdb.o                       40                 4
    pit.o                       96                16
    rtc.o                       88                 4
    spi.o                       86       12       12
    startup_MK60D10.o        1 300
    system_MK60D10.o           504        4        4
    systick.o                  156                 8
    tsi.o                       52                 4
    uart.o                   1 328       97       50
    wdog.o                      40                 4
    ------------------------------------------------
    Total:                  12 086      646    7 871

command line: [2]
    ------------------------------------------------
    Total:

dl7M_tln.a: [3]
    XShttio.o                    8        8        8
    div.o                       14
    exit.o                       4
    low_level_init.o             4
    printf.o                    36
    putchar.o                   40
    xcloseall.o                 12
    xprintffull.o            3 498
    xprout.o                    22
    xxwritebuffered.o          192                84
    ------------------------------------------------
    Total:                   3 830        8       92

m7M_tl.a: [4]
    DblAdd.o                   212
    DblCmpGe.o                  46
    DblCmpLe.o                  46
    DblDiv.o                   582
    DblMul.o                   418
    DblSub.o                   384
    DblToI32.o                  88
    I32ToDbl.o                  48
    xdnorm.o                    66
    xdscale.o                  268
    ------------------------------------------------
    Total:                   2 158

rt7M_tl.a: [5]
    ABImemcpy_unaligned.o      118
    I64DivMod.o                238
    I64DivZer.o                  2
    cexit.o                     14
    cmain.o                     26
    copy_init3.o                46
    cstart_closeall.o
    cstartup_M.o                12
    data_init.o                 40
    memchr.o                    88
    strchr.o                    22
    strlen.o                    54
    zero_init3.o                34
    ------------------------------------------------
    Total:                     694

shb_l.a: [6]
    dwrite.o                    30
    exit.o                      20
    iarttio.o                  108
    iarwrite.o                  34
    iarwstd.o                   32
    ------------------------------------------------
    Total:                     224

    Gaps                        26        2
    Linker created                       38    8 192
----------------------------------------------------
    Grand Total:            19 018      694   16 155


*******************************************************************************
*** ENTRY LIST
***

Entry                      Address   Size  Type      Object
-----                      -------   ----  ----      ------
?main                   0x00004a79         Code  Gb  cmain.o [5]
ADC0_IRQHandler         0x00004901   0x12  Code  Gb  adc.o [1]
ADC1_IRQHandler         0x00004913   0x12  Code  Gb  adc.o [1]
ADC_CallBackTable       0x1fff1e78    0x8  Data  Lc  adc.o [1]
APP_MBOX_STK            0x1fff0c20  0x200  Data  Gb  main.o [1]
APP_POST_STK            0x1fff1020  0x200  Data  Gb  main.o [1]
APP_SEM_STK             0x1fff0e20  0x200  Data  Gb  main.o [1]
APP_START_STK           0x1fff0a20  0x200  Data  Gb  main.o [1]
App_Task_MBOX           0x0000406d   0x22  Code  Gb  main.o [1]
App_Task_Post           0x000040b1   0x4e  Code  Gb  main.o [1]
App_Task_SEM            0x00004091   0x20  Code  Gb  main.o [1]
App_Task_Start          0x0000401d   0x50  Code  Lc  main.o [1]
CAN0_ORed_Message_buffer_IRQHandler
                        0x00004929   0x12  Code  Gb  can.o [1]
CAN1_ORed_Message_buffer_IRQHandler
                        0x0000493b   0x12  Code  Gb  can.o [1]
CAN_CallBackTable       0x1fff1e80    0x8  Data  Lc  can.o [1]
CSTACK$$Base            0x1fff1f20          --   Gb  - Linker created -
CSTACK$$Limit           0x1fff3f20          --   Gb  - Linker created -
ClkTbl                  0x00004884   0x48  Data  Lc  uart.o [1]
DAC0_IRQHandler         0x00004715    0xa  Code  Gb  dac.o [1]
DAC1_IRQHandler         0x0000471f    0xa  Code  Gb  dac.o [1]
DAC_CallBackTable       0x1fff1e88    0x8  Data  Lc  dac.o [1]
DAC_IRQHandler          0x00004695   0x76  Code  Lc  dac.o [1]
DAC_InstanceTable       0x00004bf4    0x8  Data  Lc  dac.o [1]
DMA0_IRQHandler         0x00004461    0xa  Code  Gb  dma.o [1]
DMA10_IRQHandler        0x000044c5    0xa  Code  Gb  dma.o [1]
DMA11_IRQHandler        0x000044cf    0xa  Code  Gb  dma.o [1]
DMA12_IRQHandler        0x000044d9    0xa  Code  Gb  dma.o [1]
DMA13_IRQHandler        0x000044e3    0xa  Code  Gb  dma.o [1]
DMA14_IRQHandler        0x000044ed    0xa  Code  Gb  dma.o [1]
DMA15_IRQHandler        0x000044f7    0xa  Code  Gb  dma.o [1]
DMA1_IRQHandler         0x0000446b    0xa  Code  Gb  dma.o [1]
DMA2_IRQHandler         0x00004475    0xa  Code  Gb  dma.o [1]
DMA3_IRQHandler         0x0000447f    0xa  Code  Gb  dma.o [1]
DMA4_IRQHandler         0x00004489    0xa  Code  Gb  dma.o [1]
DMA5_IRQHandler         0x00004493    0xa  Code  Gb  dma.o [1]
DMA6_IRQHandler         0x0000449d    0xa  Code  Gb  dma.o [1]
DMA7_IRQHandler         0x000044a7    0xa  Code  Gb  dma.o [1]
DMA8_IRQHandler         0x000044b1    0xa  Code  Gb  dma.o [1]
DMA9_IRQHandler         0x000044bb    0xa  Code  Gb  dma.o [1]
DMA_CallBackTable       0x1fff1d8c   0x40  Data  Lc  dma.o [1]
DMA_IRQHandler          0x00004439   0x20  Code  Lc  dma.o [1]
DWT_DelayInit           0x00003ae5   0x1a  Code  Gb  common.o [1]
DelayInit               0x00003b11    0x8  Code  Wk  common.o [1]
ENET_CallBackRxTable    0x1fff1e9c    0x4  Data  Lc  enet.o [1]
ENET_CallBackTxTable    0x1fff1e98    0x4  Data  Lc  enet.o [1]
ENET_Receive_IRQHandler
                        0x00004857   0x1e  Code  Gb  enet.o [1]
ENET_Transmit_IRQHandler
                        0x00004839   0x1e  Code  Gb  enet.o [1]
FTM0_IRQHandler         0x000041f1   0x68  Code  Gb  ftm.o [1]
FTM1_IRQHandler         0x00004259   0x68  Code  Gb  ftm.o [1]
FTM2_IRQHandler         0x000042c1   0x68  Code  Gb  ftm.o [1]
FTM_CallBackTable       0x1fff1e60    0xc  Data  Lc  ftm.o [1]
FTM_ChlMaxTable         0x00004bd0    0xc  Data  Lc  ftm.o [1]
FTM_InstanceTable       0x00004bc4    0xc  Data  Lc  ftm.o [1]
GPIO_CallBackTable      0x1fff1e3c   0x14  Data  Lc  gpio.o [1]
GetClock                0x00003a7d   0x68  Code  Gb  common.o [1]
LPTMR_CallBackTable     0x1fff1ea0    0x4  Data  Lc  lptmr.o [1]
LPTimer_IRQHandler      0x00004951   0x1e  Code  Gb  lptmr.o [1]
LoadInt                 0x00000999   0x6e  Code  Lc  xprintffull.o [3]
NMI_Handler             0x00003b19    0x2  Code  Gb  common.o [1]
OSCPUUsage              0x1fff1f12    0x1  Data  Gb  os_core.o [1]
OSCtxSw                 0x00002787         Code  Gb  os_cpu_a_iar.o [1]
OSCtxSwCtr              0x1fff1eac    0x4  Data  Gb  os_core.o [1]
OSEventFreeList         0x1fff1eb0    0x4  Data  Gb  os_core.o [1]
OSEventNameSet          0x00001c9d   0x50  Code  Gb  os_core.o [1]
OSEventTbl              0x1fff1b20   0xf0  Data  Gb  os_core.o [1]
OSFlagFreeList          0x1fff1eb4    0x4  Data  Gb  os_core.o [1]
OSFlagTbl               0x1fff1d3c   0x50  Data  Gb  os_core.o [1]
OSIdleCtr               0x1fff1ec0    0x4  Data  Gb  os_core.o [1]
OSIdleCtrMax            0x1fff1eb8    0x4  Data  Gb  os_core.o [1]
OSIdleCtrRun            0x1fff1ebc    0x4  Data  Gb  os_core.o [1]
OSInit                  0x00001ced   0x34  Code  Gb  os_core.o [1]
OSInitHookBegin         0x00002801   0x24  Code  Gb  os_cpu_c.o [1]
OSInitHookEnd           0x00002825    0x2  Code  Gb  os_cpu_c.o [1]
OSIntCtxSw              0x0000278f         Code  Gb  os_cpu_a_iar.o [1]
OSIntEnter              0x00001d21   0x24  Code  Gb  os_core.o [1]
OSIntExit               0x00001d45   0x94  Code  Gb  os_core.o [1]
OSIntNesting            0x1fff1f14    0x1  Data  Gb  os_core.o [1]
OSLockNesting           0x1fff1f15    0x1  Data  Gb  os_core.o [1]
OSMboxCreate            0x00003df1   0x52  Code  Gb  os_mbox.o [1]
OSMboxPend              0x00003e43  0x116  Code  Gb  os_mbox.o [1]
OSMboxPost              0x00003f71   0x66  Code  Gb  os_mbox.o [1]
OSMemFreeList           0x1fff1ed4    0x4  Data  Gb  os_core.o [1]
OSMemTbl                0x1fff1c10   0x78  Data  Gb  os_core.o [1]
OSPrioCur               0x1fff1f16    0x1  Data  Gb  os_core.o [1]
OSPrioHighRdy           0x1fff1f17    0x1  Data  Gb  os_core.o [1]
OSQFreeList             0x1fff1ed8    0x4  Data  Gb  os_core.o [1]
OSQTbl                  0x1fff1c88   0x60  Data  Gb  os_core.o [1]
OSRdyGrp                0x1fff1f18    0x1  Data  Gb  os_core.o [1]
OSRdyTbl                0x1fff1e90    0x8  Data  Gb  os_core.o [1]
OSRunning               0x1fff1f19    0x1  Data  Gb  os_core.o [1]
OSSchedLock             0x00001dd9   0x3e  Code  Gb  os_core.o [1]
OSSchedUnlock           0x00001e17   0x64  Code  Gb  os_core.o [1]
OSSemCreate             0x00003395   0x52  Code  Gb  os_sem.o [1]
OSSemPend               0x000033e7   0xec  Code  Gb  os_sem.o [1]
OSSemPost               0x000034e9   0x64  Code  Gb  os_sem.o [1]
OSStart                 0x00001e7b   0x42  Code  Gb  os_core.o [1]
OSStartHighRdy          0x00002763         Code  Gb  os_cpu_a_iar.o [1]
OSStatInit              0x00001ebd   0x46  Code  Gb  os_core.o [1]
OSStatRdy               0x1fff1f13    0x1  Data  Gb  os_core.o [1]
OSTCBCur                0x1fff1ec4    0x4  Data  Gb  os_core.o [1]
OSTCBFreeList           0x1fff1ec8    0x4  Data  Gb  os_core.o [1]
OSTCBHighRdy            0x1fff1ecc    0x4  Data  Gb  os_core.o [1]
OSTCBInitHook           0x000028b1    0x2  Code  Gb  os_cpu_c.o [1]
OSTCBList               0x1fff1ed0    0x4  Data  Gb  os_core.o [1]
OSTCBPrioTbl            0x1fff1a20  0x100  Data  Gb  os_core.o [1]
OSTCBTbl                0x1fff0010  0x790  Data  Gb  os_core.o [1]
OSTaskCreate            0x00002e01   0xc6  Code  Gb  os_task.o [1]
OSTaskCreateExt         0x00002ec7   0xe2  Code  Gb  os_task.o [1]
OSTaskCreateHook        0x00002827    0x2  Code  Gb  os_cpu_c.o [1]
OSTaskCtr               0x1fff1f1a    0x1  Data  Gb  os_core.o [1]
OSTaskDel               0x00002fa9  0x18e  Code  Gb  os_task.o [1]
OSTaskDelHook           0x00002829    0x2  Code  Gb  os_cpu_c.o [1]
OSTaskIdleHook          0x0000282b    0x2  Code  Gb  os_cpu_c.o [1]
OSTaskIdleStk           0x1fff1420  0x200  Data  Gb  os_core.o [1]
OSTaskNameSet           0x00003137   0x8e  Code  Gb  os_task.o [1]
OSTaskReturnHook        0x0000282d    0x2  Code  Gb  os_cpu_c.o [1]
OSTaskStatHook          0x0000282f    0x2  Code  Gb  os_cpu_c.o [1]
OSTaskStatStk           0x1fff1220  0x200  Data  Gb  os_core.o [1]
OSTaskStkChk            0x000031c9   0xaa  Code  Gb  os_task.o [1]
OSTaskStkInit           0x00002831   0x7e  Code  Gb  os_cpu_c.o [1]
OSTaskSuspend           0x00003273   0xd0  Code  Gb  os_task.o [1]
OSTaskSwHook            0x000028af    0x2  Code  Gb  os_cpu_c.o [1]
OSTickStepState         0x1fff1f1b    0x1  Data  Gb  os_core.o [1]
OSTime                  0x1fff1edc    0x4  Data  Gb  os_core.o [1]
OSTimeDly               0x00002ce1   0x6e  Code  Gb  os_time.o [1]
OSTimeDlyHMSM           0x00002d4f   0x9e  Code  Gb  os_time.o [1]
OSTimeTick              0x00001f03   0xf6  Code  Gb  os_core.o [1]
OSTimeTickHook          0x000028b3   0x20  Code  Gb  os_cpu_c.o [1]
OSTmrCtr                0x1fff1f10    0x2  Data  Lc  os_cpu_c.o [1]
OSTmrFree               0x1fff1f0c    0x2  Data  Gb  os_core.o [1]
OSTmrFreeList           0x1fff1eec    0x4  Data  Gb  os_core.o [1]
OSTmrSem                0x1fff1ee4    0x4  Data  Gb  os_core.o [1]
OSTmrSemSignal          0x1fff1ee8    0x4  Data  Gb  os_core.o [1]
OSTmrSignal             0x00002a49   0x12  Code  Gb  os_tmr.o [1]
OSTmrTaskStk            0x1fff1620  0x200  Data  Gb  os_core.o [1]
OSTmrTbl                0x1fff07a0  0x280  Data  Gb  os_core.o [1]
OSTmrTime               0x1fff1ee0    0x4  Data  Gb  os_core.o [1]
OSTmrUsed               0x1fff1f0e    0x2  Data  Gb  os_core.o [1]
OSTmrWheelTbl           0x1fff1dcc   0x40  Data  Gb  os_core.o [1]
OSTmr_Init              0x00002a5b   0xb6  Code  Gb  os_tmr.o [1]
OSTmr_InitTask          0x00002b11   0x38  Code  Lc  os_tmr.o [1]
OSTmr_Link              0x00002b49   0x78  Code  Lc  os_tmr.o [1]
OSTmr_Task              0x00002c1d   0x8a  Code  Lc  os_tmr.o [1]
OSTmr_Unlink            0x00002bc1   0x58  Code  Lc  os_tmr.o [1]
OSUnMapTbl              0x00004338  0x100  Data  Gb  os_core.o [1]
OS_CPU_ExceptStk        0x1fff1820  0x200  Data  Gb  os_cpu_c.o [1]
OS_CPU_ExceptStkBase    0x1fff1ef0    0x4  Data  Gb  os_cpu_c.o [1]
OS_CPU_PendSVHandler    0x00002797         Code  Gb  os_cpu_a_iar.o [1]
OS_CPU_SR_Restore       0x0000275d         Code  Gb  os_cpu_a_iar.o [1]
OS_CPU_SR_Save          0x00002755         Code  Gb  os_cpu_a_iar.o [1]
OS_Dummy                0x00001ff9    0x2  Code  Gb  os_core.o [1]
OS_EventTaskRdy         0x00001ffb   0xba  Code  Gb  os_core.o [1]
OS_EventTaskRemove      0x00002143   0x32  Code  Gb  os_core.o [1]
OS_EventTaskRemoveMulti
                        0x00002175   0x4c  Code  Gb  os_core.o [1]
OS_EventTaskWait        0x000020b5   0x8e  Code  Gb  os_core.o [1]
OS_EventWaitListInit    0x000021c1   0x1c  Code  Gb  os_core.o [1]
OS_FlagInit             0x000028f9   0x58  Code  Gb  os_flag.o [1]
OS_FlagUnlink           0x0000295d   0x32  Code  Gb  os_flag.o [1]
OS_InitEventList        0x000021dd   0x6a  Code  Lc  os_core.o [1]
OS_InitMisc             0x00002247   0x4e  Code  Lc  os_core.o [1]
OS_InitRdyList          0x00002295   0x42  Code  Lc  os_core.o [1]
OS_InitTCBList          0x00002353   0x78  Code  Lc  os_core.o [1]
OS_InitTaskIdle         0x000022d7   0x3e  Code  Lc  os_core.o [1]
OS_InitTaskStat         0x00002315   0x3e  Code  Lc  os_core.o [1]
OS_MemClr               0x000023cb   0x12  Code  Gb  os_core.o [1]
OS_MemInit              0x00002991   0x52  Code  Gb  os_mem.o [1]
OS_QInit                0x000029f1   0x4e  Code  Gb  os_q.o [1]
OS_Sched                0x000023dd   0x5c  Code  Gb  os_core.o [1]
OS_SchedNew             0x00002439   0x20  Code  Lc  os_core.o [1]
OS_TCBInit              0x0000255b  0x180  Code  Gb  os_core.o [1]
OS_TaskIdle             0x00002459   0x22  Code  Gb  os_core.o [1]
OS_TaskReturn           0x00003343   0x12  Code  Gb  os_task.o [1]
OS_TaskStat             0x00002489   0x8e  Code  Gb  os_core.o [1]
OS_TaskStatStkChk       0x00002517   0x44  Code  Gb  os_core.o [1]
OS_TaskStkClr           0x0000337d   0x18  Code  Gb  os_task.o [1]
PDB0_IRQHandler         0x00004979   0x1e  Code  Gb  pdb.o [1]
PDB_CallBackTable       0x1fff1ef4    0x4  Data  Lc  pdb.o [1]
PIT0_IRQHandler         0x00004761    0xa  Code  Gb  pit.o [1]
PIT1_IRQHandler         0x0000476b    0xa  Code  Gb  pit.o [1]
PIT2_IRQHandler         0x00004775    0xa  Code  Gb  pit.o [1]
PIT3_IRQHandler         0x0000477f    0xa  Code  Gb  pit.o [1]
PIT_CallBackTable       0x1fff1e50   0x10  Data  Lc  pit.o [1]
PIT_IRQHandler          0x00004729   0x2c  Code  Lc  pit.o [1]
PORTA_IRQHandler        0x00003bc5    0xa  Code  Gb  gpio.o [1]
PORTB_IRQHandler        0x00003bcf    0xa  Code  Gb  gpio.o [1]
PORTC_IRQHandler        0x00003bd9    0xa  Code  Gb  gpio.o [1]
PORTD_IRQHandler        0x00003be3    0xa  Code  Gb  gpio.o [1]
PORTE_IRQHandler        0x00003bed    0xa  Code  Gb  gpio.o [1]
PORT_IRQHandler         0x00003b7f   0x34  Code  Lc  gpio.o [1]
PORT_InstanceTable      0x00004afc   0x14  Data  Lc  gpio.o [1]
PORT_PinMuxConfig       0x00003b1d   0x62  Code  Gb  gpio.o [1]
RTC_CallBackTable       0x1fff1ef8    0x4  Data  Lc  rtc.o [1]
RTC_IRQHandler          0x00004789   0x42  Code  Gb  rtc.o [1]
Region$$Table$$Base     0x00004a18          --   Gb  - Linker created -
Region$$Table$$Limit    0x00004a3c          --   Gb  - Linker created -
SIM_GPIOClockGateTable  0x00004b10   0x14  Data  Lc  gpio.o [1]
SPI0_IRQHandler         0x00004819    0xa  Code  Gb  spi.o [1]
SPI1_IRQHandler         0x00004823    0xa  Code  Gb  spi.o [1]
SPI2_IRQHandler         0x0000482d    0xa  Code  Gb  spi.o [1]
SPI_CallBackTable       0x1fff1e6c    0xc  Data  Lc  spi.o [1]
SPI_IRQHandler          0x000047e1   0x2c  Code  Lc  spi.o [1]
SPI_InstanceTable       0x00004bdc    0xc  Data  Gb  spi.o [1]
SYSTICK_Cmd             0x00004173   0x22  Code  Gb  systick.o [1]
SYSTICK_ITConfig        0x00004195   0x22  Code  Gb  systick.o [1]
SYSTICK_Init            0x00004131   0x42  Code  Gb  systick.o [1]
SysTick_Handler         0x000028e9   0x10  Code  Gb  os_cpu_c.o [1]
SystemCoreClock         0x1fff0008    0x4  Data  Gb  system_MK60D10.o [1]
SystemCoreClockUpdate   0x00003c57  0x15c  Code  Gb  system_MK60D10.o [1]
SystemInit              0x00003bf9   0x5e  Code  Gb  system_MK60D10.o [1]
TSI0_IRQHandler         0x000048cd   0x2a  Code  Gb  tsi.o [1]
TSI_CallBackTable       0x1fff1f04    0x4  Data  Lc  tsi.o [1]
UART0_RX_TX_IRQHandler  0x00003a41    0xa  Code  Gb  uart.o [1]
UART1_RX_TX_IRQHandler  0x00003a4b    0xa  Code  Gb  uart.o [1]
UART2_RX_TX_IRQHandler  0x00003a55    0xa  Code  Gb  uart.o [1]
UART3_RX_TX_IRQHandler  0x00003a5f    0xa  Code  Gb  uart.o [1]
UART4_RX_TX_IRQHandler  0x00003a69    0xa  Code  Gb  uart.o [1]
UART5_RX_TX_IRQHandler  0x00003a73    0xa  Code  Gb  uart.o [1]
UARTBase                0x00004acc   0x18  Data  Lc  uart.o [1]
UART_CallBackRxTable    0x1fff1e24   0x18  Data  Lc  uart.o [1]
UART_CallBackTxTable    0x1fff1e0c   0x18  Data  Lc  uart.o [1]
UART_DebugInstance      0x1fff1f1c    0x1  Data  Lc  uart.o [1]
UART_EnableRxFIFO       0x000038dd   0x3e  Code  Gb  uart.o [1]
UART_EnableTxFIFO       0x0000389f   0x3e  Code  Gb  uart.o [1]
UART_IRQ_Handler        0x00003997   0x8e  Code  Lc  uart.o [1]
UART_Init               0x0000354d  0x352  Code  Gb  uart.o [1]
UART_QuickInit          0x0000391b   0x7c  Code  Gb  uart.o [1]
WDOG_CallBackTable      0x1fff1f08    0x4  Data  Lc  wdog.o [1]
Watchdog_IRQHandler     0x000049a1   0x1e  Code  Gb  wdog.o [1]
_Close_all              0x00004aab    0xc  Code  Gb  xcloseall.o [3]
_GenldFull              0x00000f0f  0x264  Code  Lc  xprintffull.o [3]
_LdtobFull              0x00000b0d  0x3fc  Code  Lc  xprintffull.o [3]
_LitobFull              0x00000a07  0x106  Code  Lc  xprintffull.o [3]
_PrintfFull             0x00000411  0x582  Code  Gb  xprintffull.o [3]
_Prout                  0x00004ae5   0x16  Code  Gb  xprout.o [3]
_PutcharsFull           0x00001173   0x2e  Code  Lc  xprintffull.o [3]
__Vectors               0x00000000          --   Gb  startup_MK60D10.o [1]
__Vectors_End           0x00000400         Data  Gb  startup_MK60D10.o [1]
__Vectors_Size {Abs}    0x00000400          --   Gb  startup_MK60D10.o [1]
__aeabi_cdcmple         0x00001459         Code  Gb  DblCmpLe.o [4]
__aeabi_cdrcmple        0x00001489         Code  Gb  DblCmpGe.o [4]
__aeabi_d2iz            0x000015c5         Code  Gb  DblToI32.o [4]
__aeabi_d2uiz           0x000015f1         Code  Gb  DblToI32.o [4]
__aeabi_ddiv            0x00001971         Code  Gb  DblDiv.o [4]
__aeabi_dmul            0x000017cd         Code  Gb  DblMul.o [4]
__aeabi_dsub            0x0000164d         Code  Gb  DblSub.o [4]
__aeabi_i2d             0x0000161d         Code  Gb  I32ToDbl.o [4]
__aeabi_ldiv0           0x00001bc5         Code  Gb  I64DivZer.o [5]
__aeabi_ui2d            0x00001631         Code  Gb  I32ToDbl.o [4]
__aeabi_uldivmod        0x000012b1         Code  Gb  I64DivMod.o [5]
__as_entries_start      0xffffffff          --   Gb  command line/config [2]
__as_table_start        0xffffffff          --   Gb  command line/config [2]
__cexit_closeall        0x00004a9f         Code  Gb  cexit.o [5]
__cmain                 0x00004a79         Code  Gb  cmain.o [5]
__cstart_closeall       0x00004cf0         Data  Gb  cstart_closeall.o [5]
__dwrite                0x000045c1   0x1e  Code  Gb  dwrite.o [6]
__exit                  0x00004ab9   0x14  Code  Gb  exit.o [6]
__iar_Dnorm             0x00001417   0x42  Code  Gb  xdnorm.o [4]
__iar_Dscale            0x000014b9  0x10c  Code  Gb  xdscale.o [4]
__iar_Memchr            0x00001259         Code  Gb  memchr.o [5]
__iar_Strchr            0x000011e9         Code  Gb  strchr.o [5]
__iar_close_ttio        0x00004621   0x2e  Code  Gb  iarttio.o [6]
__iar_copy_init3        0x000011bb   0x2e  Code  Gb  copy_init3.o [5]
__iar_d2uiz             0x000015fd         Code  Gb  DblToI32.o [4]
__iar_dadd              0x00001bc9         Code  Gb  DblAdd.o [4]
__iar_data_init3        0x000049f1   0x28  Code  Gb  data_init.o [5]
__iar_dsub              0x00001661         Code  Gb  DblSub.o [4]
__iar_dsubStart         0x00001673         Code  Gb  DblSub.o [4]
__iar_get_ttio          0x00004651   0x38  Code  Gb  iarttio.o [6]
__iar_lookup_ttioh      0x0000468d    0x8  Code  Gb  XShttio.o [3]
__iar_program_start     0x00004be9         Code  Gb  cstartup_M.o [5]
__iar_sh_stdout         0x000045df   0x20  Code  Gb  iarwstd.o [6]
__iar_sh_write          0x000045ff   0x22  Code  Gb  iarwrite.o [6]
__iar_ttio_handles      0x1fff0000    0x8  Data  Lc  XShttio.o [3]
__iar_ui2d              0x00001635         Code  Gb  I32ToDbl.o [4]
__iar_unaligned___aeabi_memcpy
                        0x000013a1         Code  Gb  ABImemcpy_unaligned.o [5]
__iar_unaligned___aeabi_memcpy4
                        0x000013c1         Code  Gb  ABImemcpy_unaligned.o [5]
__iar_unaligned___aeabi_memcpy8
                        0x000013c1         Code  Gb  ABImemcpy_unaligned.o [5]
__iar_zero_init3        0x000011ff   0x22  Code  Gb  zero_init3.o [5]
__low_level_init        0x00004a93    0x4  Code  Gb  low_level_init.o [3]
__vector_table          0x00000000         Data  Gb  startup_MK60D10.o [1]
__write_buffered        0x00004501   0xc0  Code  Gb  xxwritebuffered.o [3]
_call_main              0x00004a85         Code  Gb  cmain.o [5]
_exit                   0x00004a9d         Code  Gb  cexit.o [5]
_main                   0x00004a8f         Code  Gb  cmain.o [5]
div                     0x00001bb7    0xe  Code  Gb  div.o [3]
exit                    0x00004a97    0x4  Code  Gb  exit.o [3]
fac_ms                  0x1fff1f00    0x4  Data  Lc  systick.o [1]
fac_us                  0x1fff1efc    0x4  Data  Lc  systick.o [1]
main                    0x00003fd9   0x44  Code  Gb  main.o [1]
memchr                  0x00001259         Code  Gb  memchr.o [5]
msg_test                0x1fff1ea4    0x4  Data  Gb  main.o [1]
printf                  0x000041cd   0x24  Code  Gb  printf.o [3]
putchar                 0x000049c9   0x28  Code  Gb  putchar.o [3]
sem_test                0x1fff1ea8    0x4  Data  Gb  main.o [1]
store                   0x1fff1ce8   0x50  Data  Lc  xxwritebuffered.o [3]
storeLen                0x1fff1d38    0x4  Data  Lc  xxwritebuffered.o [3]
strchr                  0x000011e9         Code  Gb  strchr.o [5]
strlen                  0x00001221         Code  Gb  strlen.o [5]


[1] = C:\work\Template_For_uCOS-II\Debug\Obj
[2] = command line
[3] = dl7M_tln.a
[4] = m7M_tl.a
[5] = rt7M_tl.a
[6] = shb_l.a

  19 018 bytes of readonly  code memory
     694 bytes of readonly  data memory
  16 155 bytes of readwrite data memory

Errors: none
Warnings: none
