###############################################################################
#
# IAR ELF Linker V7.20.2.7424/W32 for ARM                 26/Sep/2015  23:18:49
# Copyright 2007-2014 IAR Systems AB.
#
#    Output file  =  C:\work\Template_For_uCOS-II\Debug\Exe\Project.out
#    Map file     =  C:\work\Template_For_uCOS-II\Debug\List\Project.map
#    Command line =  
#        C:\work\Template_For_uCOS-II\Debug\Obj\adc.o
#        C:\work\Template_For_uCOS-II\Debug\Obj\can.o
#        C:\work\Template_For_uCOS-II\Debug\Obj\cmp.o
#        C:\work\Template_For_uCOS-II\Debug\Obj\common.o
#        C:\work\Template_For_uCOS-II\Debug\Obj\cpuidy.o
#        C:\work\Template_For_uCOS-II\Debug\Obj\crc.o
#        C:\work\Template_For_uCOS-II\Debug\Obj\dac.o
#        C:\work\Template_For_uCOS-II\Debug\Obj\dma.o
#        C:\work\Template_For_uCOS-II\Debug\Obj\enet.o
#        C:\work\Template_For_uCOS-II\Debug\Obj\flash.o
#        C:\work\Template_For_uCOS-II\Debug\Obj\flexbus.o
#        C:\work\Template_For_uCOS-II\Debug\Obj\ftm.o
#        C:\work\Template_For_uCOS-II\Debug\Obj\gpio.o
#        C:\work\Template_For_uCOS-II\Debug\Obj\i2c.o
#        C:\work\Template_For_uCOS-II\Debug\Obj\i2s.o
#        C:\work\Template_For_uCOS-II\Debug\Obj\lptmr.o
#        C:\work\Template_For_uCOS-II\Debug\Obj\main.o
#        C:\work\Template_For_uCOS-II\Debug\Obj\Module_BSP.o
#        C:\work\Template_For_uCOS-II\Debug\Obj\Module_Can.o
#        C:\work\Template_For_uCOS-II\Debug\Obj\Module_Init.o
#        C:\work\Template_For_uCOS-II\Debug\Obj\Module_Protocol.o
#        C:\work\Template_For_uCOS-II\Debug\Obj\nfc.o
#        C:\work\Template_For_uCOS-II\Debug\Obj\os_core.o
#        C:\work\Template_For_uCOS-II\Debug\Obj\os_cpu_a_iar.o
#        C:\work\Template_For_uCOS-II\Debug\Obj\os_cpu_c.o
#        C:\work\Template_For_uCOS-II\Debug\Obj\os_dbg.o
#        C:\work\Template_For_uCOS-II\Debug\Obj\os_flag.o
#        C:\work\Template_For_uCOS-II\Debug\Obj\os_mbox.o
#        C:\work\Template_For_uCOS-II\Debug\Obj\os_mem.o
#        C:\work\Template_For_uCOS-II\Debug\Obj\os_mutex.o
#        C:\work\Template_For_uCOS-II\Debug\Obj\os_q.o
#        C:\work\Template_For_uCOS-II\Debug\Obj\os_sem.o
#        C:\work\Template_For_uCOS-II\Debug\Obj\os_task.o
#        C:\work\Template_For_uCOS-II\Debug\Obj\os_time.o
#        C:\work\Template_For_uCOS-II\Debug\Obj\os_tmr.o
#        C:\work\Template_For_uCOS-II\Debug\Obj\pdb.o
#        C:\work\Template_For_uCOS-II\Debug\Obj\pit.o
#        C:\work\Template_For_uCOS-II\Debug\Obj\rtc.o
#        C:\work\Template_For_uCOS-II\Debug\Obj\sd.o
#        C:\work\Template_For_uCOS-II\Debug\Obj\spi.o
#        C:\work\Template_For_uCOS-II\Debug\Obj\startup_MK60D10.o
#        C:\work\Template_For_uCOS-II\Debug\Obj\system_MK60D10.o
#        C:\work\Template_For_uCOS-II\Debug\Obj\systick.o
#        C:\work\Template_For_uCOS-II\Debug\Obj\tsi.o
#        C:\work\Template_For_uCOS-II\Debug\Obj\uart.o
#        C:\work\Template_For_uCOS-II\Debug\Obj\vref.o
#        C:\work\Template_For_uCOS-II\Debug\Obj\wdog.o --redirect
#        _Printf=_PrintfFull --redirect _Scanf=_ScanfFull -o
#        C:\work\Template_For_uCOS-II\Debug\Exe\Project.out --map
#        C:\work\Template_For_uCOS-II\Debug\List\Project.map --config
#        C:\work\Template_For_uCOS-II\Software\LinkFiles\K60\MK60xN512_10.icf
#        --semihosting --entry __iar_program_start --redirect
#        __write=__write_buffered --vfe
#
###############################################################################

*******************************************************************************
*** RUNTIME MODEL ATTRIBUTES
***

CppFlavor       = *
__SystemLibrary = DLib


*******************************************************************************
*** PLACEMENT SUMMARY
***

"A1":  place at 0x00000000 { ro section .intvec };
"P2":  place in [from 0x00000000 to 0x000003ff] |
                [from 0x00000410 to 0x0007ffff] { ro };
"P3":  place in [from 0x1fff0000 to 0x1fffffff repeat 2] {
          rw, block CSTACK, block HEAP };

  Section            Kind        Address    Size  Object
  -------            ----        -------    ----  ------
"A1":                                      0x410
  .intvec            ro code  0x00000000   0x410  startup_MK60D10.o [1]
                            - 0x00000410   0x410

"P2":                                     0x5eb0
  .text              ro code  0x00000410   0xdaa  xprintffull.o [3]
  .text              ro code  0x000011ba    0x2e  copy_init3.o [5]
  .text              ro code  0x000011e8    0x16  strchr.o [5]
  .text              ro code  0x000011fe    0x22  zero_init3.o [5]
  .text              ro code  0x00001220    0x36  strlen.o [5]
  .rodata            const    0x00001256     0x2  can.o [1]
  .text              ro code  0x00001258    0x58  memchr.o [5]
  .text              ro code  0x000012b0    0xee  I64DivMod.o [5]
  .text              ro code  0x000013a0    0x76  ABImemcpy_unaligned.o [5]
  .text              ro code  0x00001416    0x42  xdnorm.o [4]
  .text              ro code  0x00001458    0x2e  DblCmpLe.o [4]
  .text              ro code  0x00001488    0x2e  DblCmpGe.o [4]
  .text              ro code  0x000014b8   0x10c  xdscale.o [4]
  .text              ro code  0x000015c4    0x58  DblToI32.o [4]
  .text              ro code  0x0000161c    0x30  I32ToDbl.o [4]
  .text              ro code  0x0000164c   0x180  DblSub.o [4]
  .text              ro code  0x000017cc   0x1a2  DblMul.o [4]
  .text              ro code  0x00001970   0x246  DblDiv.o [4]
  .text              ro code  0x00001bb6     0xe  div.o [3]
  .text              ro code  0x00001bc4     0x2  I64DivZer.o [5]
  .text              ro code  0x00001bc8    0xd4  DblAdd.o [4]
  .text              ro code  0x00001c9c   0xab8  os_core.o [1]
  CODE               ro code  0x00002754    0xac  os_cpu_a_iar.o [1]
  .text              ro code  0x00002800    0xf8  os_cpu_c.o [1]
  .text              ro code  0x000028f8    0x96  os_flag.o [1]
  .text              ro code  0x00002990    0x60  os_mem.o [1]
  .text              ro code  0x000029f0    0x58  os_q.o [1]
  .text              ro code  0x00002a48   0x298  os_tmr.o [1]
  .text              ro code  0x00002ce0   0x120  os_time.o [1]
  .text              ro code  0x00002e00   0x594  os_task.o [1]
  .text              ro code  0x00003394   0x1b8  os_sem.o [1]
  .text              ro code  0x0000354c   0x898  uart.o [1]
  .text              ro code  0x00003de4    0x9e  common.o [1]
  .text              ro code  0x00003e84   0x386  gpio.o [1]
  .text              ro code  0x0000420c   0x4e0  dma.o [1]
  .text              ro code  0x000046ec     0x6  ABImemclr4.o [5]
  .text              ro code  0x000046f4    0x24  printf.o [3]
  .text              ro code  0x00004718   0x254  system_MK60D10.o [1]
  .text              ro code  0x0000496c    0x32  ABImemset48.o [5]
  .text              ro code  0x000049a0   0x5d0  can.o [1]
  .text              ro code  0x00004f70   0x300  Module_Can.o [1]
  .text              ro code  0x00005270    0x2c  crc.o [1]
  .text              ro code  0x0000529c   0x148  ftm.o [1]
  .text              ro code  0x000053e4   0x138  Module_Protocol.o [1]
  .text              ro code  0x0000551c   0x112  main.o [1]
  .text              ro code  0x00005630    0xac  Module_BSP.o [1]
  .text              ro code  0x000056dc    0x9c  systick.o [1]
  .text              ro code  0x00005778    0x60  os_mbox.o [1]
  .text              ro code  0x000057d8    0x50  wdog.o [1]
  .text              ro code  0x00005828    0x9c  flash.o [1]
  .text              ro code  0x000058c4    0x5c  Module_Init.o [1]
  .rodata            const    0x00005920   0x100  os_core.o [1]
  .text              ro code  0x00005a20    0xc0  xxwritebuffered.o [3]
  .text              ro code  0x00005ae0    0x1e  dwrite.o [6]
  .text              ro code  0x00005afe    0x20  iarwstd.o [6]
  .text              ro code  0x00005b1e    0x22  iarwrite.o [6]
  .text              ro code  0x00005b40    0x6c  iarttio.o [6]
  .text              ro code  0x00005bac     0x8  XShttio.o [3]
  .text              ro code  0x00005bb4    0x94  dac.o [1]
  .text              ro code  0x00005c48    0x60  pit.o [1]
  .text              ro code  0x00005ca8    0x58  rtc.o [1]
  .text              ro code  0x00005d00    0x56  spi.o [1]
  .text              ro code  0x00005d58    0x4c  enet.o [1]
  .rodata            const    0x00005da4    0x48  uart.o [1]
  .text              ro code  0x00005dec    0x34  tsi.o [1]
  .text              ro code  0x00005e20    0x28  adc.o [1]
  .text              ro code  0x00005e48    0x28  lptmr.o [1]
  .text              ro code  0x00005e70    0x28  pdb.o [1]
  .text              ro code  0x00005e98    0x28  putchar.o [3]
  .text              ro code  0x00005ec0    0x28  data_init.o [5]
  .iar.init_table    const    0x00005ee8    0x24  - Linker created -
  .rodata            const    0x00005f0c    0x1c  uart.o [1]
  .text              ro code  0x00005f28    0x1a  cmain.o [5]
  .text              ro code  0x00005f42     0x4  low_level_init.o [3]
  .text              ro code  0x00005f46     0x4  exit.o [3]
  .text              ro code  0x00005f4c     0xe  cexit.o [5]
  .text              ro code  0x00005f5a     0xc  xcloseall.o [3]
  .text              ro code  0x00005f68    0x14  exit.o [6]
  .rodata            const    0x00005f7c    0x18  can.o [1]
  .rodata            const    0x00005f94    0x18  uart.o [1]
  .rodata            const    0x00005fac    0x18  uart.o [1]
  .rodata            const    0x00005fc4    0x18  uart.o [1]
  .text              ro code  0x00005fdc    0x16  xprout.o [3]
  .rodata            const    0x00005ff4    0x14  gpio.o [1]
  .rodata            const    0x00006008    0x14  gpio.o [1]
  .rodata            const    0x0000601c    0x14  gpio.o [1]
  .rodata            const    0x00006030    0x14  Module_BSP.o [1]
  .rodata            const    0x00006044    0x14  Module_Can.o [1]
  .rodata            const    0x00006058    0x14  os_tmr.o [1]
  .rodata            const    0x0000606c    0x14  os_tmr.o [1]
  .rodata            const    0x00006080    0x10  dma.o [1]
  .rodata            const    0x00006090    0x10  os_core.o [1]
  .rodata            const    0x000060a0    0x10  os_core.o [1]
  .rodata            const    0x000060b0    0x10  os_tmr.o [1]
  .rodata            const    0x000060c0    0x10  uart.o [1]
  .text              ro code  0x000060d0    0x10  startup_MK60D10.o [1]
  .rodata            const    0x000060e0     0xc  ftm.o [1]
  .rodata            const    0x000060ec     0xc  ftm.o [1]
  .rodata            const    0x000060f8     0xc  spi.o [1]
  .text              ro code  0x00006104     0xc  cstartup_M.o [5]
  .rodata            const    0x00006110     0x8  can.o [1]
  .rodata            const    0x00006118     0x8  dac.o [1]
  .rodata            const    0x00006120     0x8  Module_Can.o [1]
  .rodata            const    0x00006128     0x8  Module_Can.o [1]
  .rodata            const    0x00006130     0x8  Module_Can.o [1]
  .rodata            const    0x00006138     0x8  Module_Can.o [1]
  .rodata            const    0x00006140     0x8  Module_Can.o [1]
  .rodata            const    0x00006148     0x8  Module_Can.o [1]
  .rodata            const    0x00006150     0x8  Module_Can.o [1]
  .rodata            const    0x00006158     0x8  Module_Can.o [1]
  .rodata            const    0x00006160     0x8  uart.o [1]
  .rodata            const    0x00006168     0x4  dma.o [1]
  .text              ro code  0x0000616c     0x4  startup_MK60D10.o [1]
  .text              ro code  0x00006170     0x4  startup_MK60D10.o [1]
  .text              ro code  0x00006174     0x4  startup_MK60D10.o [1]
  .text              ro code  0x00006178     0x4  startup_MK60D10.o [1]
  .text              ro code  0x0000617c     0x4  startup_MK60D10.o [1]
  .text              ro code  0x00006180     0x4  startup_MK60D10.o [1]
  .text              ro code  0x00006184     0x4  startup_MK60D10.o [1]
  .text              ro code  0x00006188     0x4  startup_MK60D10.o [1]
  .text              ro code  0x0000618c     0x4  startup_MK60D10.o [1]
  .text              ro code  0x00006190     0x4  startup_MK60D10.o [1]
  .text              ro code  0x00006194     0x4  startup_MK60D10.o [1]
  .text              ro code  0x00006198     0x4  startup_MK60D10.o [1]
  .text              ro code  0x0000619c     0x4  startup_MK60D10.o [1]
  .text              ro code  0x000061a0     0x4  startup_MK60D10.o [1]
  .text              ro code  0x000061a4     0x4  startup_MK60D10.o [1]
  .text              ro code  0x000061a8     0x4  startup_MK60D10.o [1]
  .text              ro code  0x000061ac     0x4  startup_MK60D10.o [1]
  .text              ro code  0x000061b0     0x4  startup_MK60D10.o [1]
  .text              ro code  0x000061b4     0x4  startup_MK60D10.o [1]
  .text              ro code  0x000061b8     0x4  startup_MK60D10.o [1]
  .text              ro code  0x000061bc     0x4  startup_MK60D10.o [1]
  .text              ro code  0x000061c0     0x4  startup_MK60D10.o [1]
  .text              ro code  0x000061c4     0x4  startup_MK60D10.o [1]
  .text              ro code  0x000061c8     0x4  startup_MK60D10.o [1]
  .text              ro code  0x000061cc     0x4  startup_MK60D10.o [1]
  .text              ro code  0x000061d0     0x4  startup_MK60D10.o [1]
  .text              ro code  0x000061d4     0x4  startup_MK60D10.o [1]
  .text              ro code  0x000061d8     0x4  startup_MK60D10.o [1]
  .text              ro code  0x000061dc     0x4  startup_MK60D10.o [1]
  .text              ro code  0x000061e0     0x4  startup_MK60D10.o [1]
  .text              ro code  0x000061e4     0x4  startup_MK60D10.o [1]
  .text              ro code  0x000061e8     0x4  startup_MK60D10.o [1]
  .text              ro code  0x000061ec     0x4  startup_MK60D10.o [1]
  .text              ro code  0x000061f0     0x4  startup_MK60D10.o [1]
  .text              ro code  0x000061f4     0x4  startup_MK60D10.o [1]
  .text              ro code  0x000061f8     0x4  startup_MK60D10.o [1]
  .text              ro code  0x000061fc     0x4  startup_MK60D10.o [1]
  .text              ro code  0x00006200     0x4  startup_MK60D10.o [1]
  .text              ro code  0x00006204     0x4  startup_MK60D10.o [1]
  .text              ro code  0x00006208     0x4  startup_MK60D10.o [1]
  .text              ro code  0x0000620c     0x4  startup_MK60D10.o [1]
  .text              ro code  0x00006210     0x4  startup_MK60D10.o [1]
  .text              ro code  0x00006214     0x4  startup_MK60D10.o [1]
  .text              ro code  0x00006218     0x4  startup_MK60D10.o [1]
  .text              ro code  0x0000621c     0x4  startup_MK60D10.o [1]
  .text              ro code  0x00006220     0x4  startup_MK60D10.o [1]
  .text              ro code  0x00006224     0x4  startup_MK60D10.o [1]
  .text              ro code  0x00006228     0x4  startup_MK60D10.o [1]
  .text              ro code  0x0000622c     0x4  startup_MK60D10.o [1]
  .text              ro code  0x00006230     0x4  startup_MK60D10.o [1]
  .text              ro code  0x00006234     0x4  startup_MK60D10.o [1]
  .text              ro code  0x00006238     0x4  startup_MK60D10.o [1]
  .text              ro code  0x0000623c     0x4  startup_MK60D10.o [1]
  .text              ro code  0x00006240     0x4  startup_MK60D10.o [1]
  .text              ro code  0x00006244     0x4  startup_MK60D10.o [1]
  .text              ro code  0x00006248     0x4  startup_MK60D10.o [1]
  .text              ro code  0x0000624c     0x4  startup_MK60D10.o [1]
  .text              ro code  0x00006250     0x4  startup_MK60D10.o [1]
  .text              ro code  0x00006254     0x4  startup_MK60D10.o [1]
  .text              ro code  0x00006258     0x4  startup_MK60D10.o [1]
  .text              ro code  0x0000625c     0x4  startup_MK60D10.o [1]
  .text              ro code  0x00006260     0x0  cstart_closeall.o [5]
  .rodata            const    0x00006260     0x0  zero_init3.o [5]
  .rodata            const    0x00006260     0x0  copy_init3.o [5]
  Initializer bytes  ro data  0x00006260    0x60  <for P3 s0>
                            - 0x000062c0  0x5eb0

"P3":                                     0x29a0
  P3 s0                       0x1fff0000    0x60  <Init block>
    .data            inited   0x1fff0000    0x18  uart.o [1]
    .data            inited   0x1fff0018    0x10  Module_Can.o [1]
    .data            inited   0x1fff0028    0x10  Module_Can.o [1]
    .data            inited   0x1fff0038     0xc  Module_Can.o [1]
    .data            inited   0x1fff0044     0xc  Module_Can.o [1]
    .data            inited   0x1fff0050     0x8  XShttio.o [3]
    .data            inited   0x1fff0058     0x4  system_MK60D10.o [1]
    .data            inited   0x1fff005c     0x1  uart.o [1]
  .bss               zero     0x1fff0060   0x790  os_core.o [1]
  .bss               zero     0x1fff07f0   0x600  Module_Init.o [1]
  .bss               zero     0x1fff0df0   0x280  os_core.o [1]
  .bss               zero     0x1fff1070   0x200  main.o [1]
  .bss               zero     0x1fff1270   0x200  main.o [1]
  .bss               zero     0x1fff1470   0x200  main.o [1]
  .bss               zero     0x1fff1670   0x200  main.o [1]
  .bss               zero     0x1fff1870   0x200  main.o [1]
  .bss               zero     0x1fff1a70   0x200  os_core.o [1]
  .bss               zero     0x1fff1c70   0x200  os_core.o [1]
  .bss               zero     0x1fff1e70   0x200  os_core.o [1]
  .bss               zero     0x1fff2070   0x200  os_cpu_c.o [1]
  .bss               zero     0x1fff2270   0x100  os_core.o [1]
  .bss               zero     0x1fff2370    0xf0  os_core.o [1]
  .bss               zero     0x1fff2460    0x78  os_core.o [1]
  .bss               zero     0x1fff24d8    0x60  os_core.o [1]
  .bss               zero     0x1fff2538    0x54  xxwritebuffered.o [3]
  .bss               zero     0x1fff258c    0x50  os_core.o [1]
  .bss               zero     0x1fff25dc    0x40  dma.o [1]
  .bss               zero     0x1fff261c    0x40  os_core.o [1]
  .bss               zero     0x1fff265c    0x18  uart.o [1]
  .bss               zero     0x1fff2674    0x18  uart.o [1]
  .bss               zero     0x1fff268c    0x14  gpio.o [1]
  .bss               zero     0x1fff26a0    0x14  uart.o [1]
  .bss               zero     0x1fff26b4    0x10  pit.o [1]
  .bss               zero     0x1fff26c4     0xc  ftm.o [1]
  .bss               zero     0x1fff26d0     0xc  spi.o [1]
  .bss               zero     0x1fff26dc     0x8  adc.o [1]
  .bss               zero     0x1fff26e4     0x8  can.o [1]
  .bss               zero     0x1fff26ec     0x8  dac.o [1]
  .bss               zero     0x1fff26f4     0x8  Module_Init.o [1]
  .bss               zero     0x1fff26fc     0x8  os_core.o [1]
  .bss               zero     0x1fff2704     0x4  dma.o [1]
  .bss               zero     0x1fff2708     0x4  enet.o [1]
  .bss               zero     0x1fff270c     0x4  enet.o [1]
  .bss               zero     0x1fff2710     0x4  lptmr.o [1]
  .bss               zero     0x1fff2714     0x4  Module_Can.o [1]
  .bss               zero     0x1fff2718     0x4  Module_Init.o [1]
  .bss               zero     0x1fff271c     0x4  Module_Init.o [1]
  .bss               zero     0x1fff2720     0x4  os_core.o [1]
  .bss               zero     0x1fff2724     0x4  os_core.o [1]
  .bss               zero     0x1fff2728     0x4  os_core.o [1]
  .bss               zero     0x1fff272c     0x4  os_core.o [1]
  .bss               zero     0x1fff2730     0x4  os_core.o [1]
  .bss               zero     0x1fff2734     0x4  os_core.o [1]
  .bss               zero     0x1fff2738     0x4  os_core.o [1]
  .bss               zero     0x1fff273c     0x4  os_core.o [1]
  .bss               zero     0x1fff2740     0x4  os_core.o [1]
  .bss               zero     0x1fff2744     0x4  os_core.o [1]
  .bss               zero     0x1fff2748     0x4  os_core.o [1]
  .bss               zero     0x1fff274c     0x4  os_core.o [1]
  .bss               zero     0x1fff2750     0x4  os_core.o [1]
  .bss               zero     0x1fff2754     0x4  os_core.o [1]
  .bss               zero     0x1fff2758     0x4  os_core.o [1]
  .bss               zero     0x1fff275c     0x4  os_core.o [1]
  .bss               zero     0x1fff2760     0x4  os_core.o [1]
  .bss               zero     0x1fff2764     0x4  os_cpu_c.o [1]
  .bss               zero     0x1fff2768     0x4  pdb.o [1]
  .bss               zero     0x1fff276c     0x4  rtc.o [1]
  .bss               zero     0x1fff2770     0x4  systick.o [1]
  .bss               zero     0x1fff2774     0x4  systick.o [1]
  .bss               zero     0x1fff2778     0x4  tsi.o [1]
  .bss               zero     0x1fff277c     0x4  wdog.o [1]
  .bss               zero     0x1fff2780     0x2  Module_Init.o [1]
  .bss               zero     0x1fff2782     0x2  Module_Init.o [1]
  .bss               zero     0x1fff2784     0x2  os_core.o [1]
  .bss               zero     0x1fff2786     0x2  os_core.o [1]
  .bss               zero     0x1fff2788     0x2  os_cpu_c.o [1]
  .bss               zero     0x1fff278a     0x1  Module_Init.o [1]
  .bss               zero     0x1fff278b     0x1  Module_Init.o [1]
  .bss               zero     0x1fff278c     0x1  Module_Init.o [1]
  .bss               zero     0x1fff278d     0x1  Module_Init.o [1]
  .bss               zero     0x1fff278e     0x1  Module_Init.o [1]
  .bss               zero     0x1fff278f     0x1  Module_Init.o [1]
  .bss               zero     0x1fff2790     0x1  Module_Init.o [1]
  .bss               zero     0x1fff2791     0x1  os_core.o [1]
  .bss               zero     0x1fff2792     0x1  os_core.o [1]
  .bss               zero     0x1fff2793     0x1  os_core.o [1]
  .bss               zero     0x1fff2794     0x1  os_core.o [1]
  .bss               zero     0x1fff2795     0x1  os_core.o [1]
  .bss               zero     0x1fff2796     0x1  os_core.o [1]
  .bss               zero     0x1fff2797     0x1  os_core.o [1]
  .bss               zero     0x1fff2798     0x1  os_core.o [1]
  .bss               zero     0x1fff2799     0x1  os_core.o [1]
  .bss               zero     0x1fff279a     0x1  os_core.o [1]
  .bss               zero     0x1fff279b     0x1  uart.o [1]
  CSTACK                      0x1fff27a0   0x200  <Block>
    CSTACK           uninit   0x1fff27a0   0x200  <Block tail>
                            - 0x1fff29a0  0x29a0


*******************************************************************************
*** INIT TABLE
***

          Address     Size
          -------     ----
Zero (__iar_zero_init3)
    1 destination range, total size 0x273c:
          0x1fff0060  0x273c

Copy (__iar_copy_init3)
    1 source range, total size 0x60 (103% of destination):
          0x00006260    0x60
    1 destination range, total size 0x5d:
          0x1fff0000    0x5d



*******************************************************************************
*** MODULE SUMMARY
***

    Module                 ro code  ro data  rw data
    ------                 -------  -------  -------
C:\work\Template_For_uCOS-II\Debug\Obj: [1]
    Module_BSP.o               172       20
    Module_Can.o               768      140       60
    Module_Init.o               92             1 563
    Module_Protocol.o          312
    adc.o                       40                 8
    can.o                    1 488       34        8
    common.o                   158
    crc.o                       44
    dac.o                      148        8        8
    dma.o                    1 248       20       68
    enet.o                      76                 8
    flash.o                    156
    ftm.o                      328       24       12
    gpio.o                     902       60       20
    lptmr.o                     40                 4
    main.o                     274             2 560
    os_core.o                2 744      288    5 058
    os_cpu_a_iar.o             172
    os_cpu_c.o                 248               518
    os_flag.o                  150
    os_mbox.o                   96
    os_mem.o                    96
    os_q.o                      88
    os_sem.o                   440
    os_task.o                1 428
    os_time.o                  288
    os_tmr.o                   664       56
    pdb.o                       40                 4
    pit.o                       96                16
    rtc.o                       88                 4
    spi.o                       86       12       12
    startup_MK60D10.o        1 300
    system_MK60D10.o           596        4        4
    systick.o                  156                 8
    tsi.o                       52                 4
    uart.o                   2 200      221       94
    wdog.o                      80                 4
    ------------------------------------------------
    Total:                  17 354      887   10 045

command line: [2]
    ------------------------------------------------
    Total:

dl7M_tln.a: [3]
    XShttio.o                    8        8        8
    div.o                       14
    exit.o                       4
    low_level_init.o             4
    printf.o                    36
    putchar.o                   40
    xcloseall.o                 12
    xprintffull.o            3 498
    xprout.o                    22
    xxwritebuffered.o          192                84
    ------------------------------------------------
    Total:                   3 830        8       92

m7M_tl.a: [4]
    DblAdd.o                   212
    DblCmpGe.o                  46
    DblCmpLe.o                  46
    DblDiv.o                   582
    DblMul.o                   418
    DblSub.o                   384
    DblToI32.o                  88
    I32ToDbl.o                  48
    xdnorm.o                    66
    xdscale.o                  268
    ------------------------------------------------
    Total:                   2 158

rt7M_tl.a: [5]
    ABImemclr4.o                 6
    ABImemcpy_unaligned.o      118
    ABImemset48.o               50
    I64DivMod.o                238
    I64DivZer.o                  2
    cexit.o                     14
    cmain.o                     26
    copy_init3.o                46
    cstart_closeall.o
    cstartup_M.o                12
    data_init.o                 40
    memchr.o                    88
    strchr.o                    22
    strlen.o                    54
    zero_init3.o                34
    ------------------------------------------------
    Total:                     750

shb_l.a: [6]
    dwrite.o                    30
    exit.o                      20
    iarttio.o                  108
    iarwrite.o                  34
    iarwstd.o                   32
    ------------------------------------------------
    Total:                     224

    Gaps                        28        2
    Linker created                       39      512
----------------------------------------------------
    Grand Total:            24 344      936   10 649


*******************************************************************************
*** ENTRY LIST
***

Entry                      Address   Size  Type      Object
-----                      -------   ----  ----      ------
?main                   0x00005f29         Code  Gb  cmain.o [5]
ADC0_IRQHandler         0x00005e21   0x12  Code  Gb  adc.o [1]
ADC1_IRQHandler         0x00005e33   0x12  Code  Gb  adc.o [1]
ADC_CallBackTable       0x1fff26dc    0x8  Data  Lc  adc.o [1]
APP_MBOX_STK            0x1fff1270  0x200  Data  Gb  main.o [1]
APP_POST_STK            0x1fff1670  0x200  Data  Gb  main.o [1]
APP_SEM_STK             0x1fff1470  0x200  Data  Gb  main.o [1]
APP_START_STK           0x1fff1070  0x200  Data  Gb  main.o [1]
APP_TIME_STK            0x1fff1870  0x200  Data  Gb  main.o [1]
App_Task_Mbox           0x000055b5   0x2a  Code  Gb  main.o [1]
App_Task_Post           0x000055f5   0x1e  Code  Gb  main.o [1]
App_Task_Sem            0x000055e1   0x14  Code  Gb  main.o [1]
App_Task_Start          0x00005541   0x58  Code  Lc  main.o [1]
App_Task_Time           0x00005615   0x1a  Code  Gb  main.o [1]
CAN0_ORed_Message_buffer_IRQHandler
                        0x00004f15   0x12  Code  Gb  can.o [1]
CAN1_ORed_Message_buffer_IRQHandler
                        0x00004f27   0x12  Code  Gb  can.o [1]
CANBase                 0x00006110    0x8  Data  Gb  can.o [1]
CAN_CallBackTable       0x1fff26e4    0x8  Data  Lc  can.o [1]
CAN_CallbackInstall     0x00004d89    0xe  Code  Gb  can.o [1]
CAN_IRQnTable           0x00001256    0x2  Data  Lc  can.o [1]
CAN_ISR                 0x00004f71   0x56  Code  Gb  Module_Can.o [1]
CAN_ITDMAConfig         0x00004d97   0x8c  Code  Gb  can.o [1]
CAN_Init                0x00004b21   0xea  Code  Gb  can.o [1]
CAN_QuickInit           0x00004c0b   0x54  Code  Gb  can.o [1]
CAN_ReadData            0x00004e23   0xf2  Code  Gb  can.o [1]
CAN_SetBaudrate         0x000049b7   0x88  Code  Lc  can.o [1]
CAN_SetRxMB             0x00004ac5   0x5c  Code  Gb  can.o [1]
CAN_WriteData           0x00004c8b   0xfe  Code  Gb  can.o [1]
CSTACK$$Base            0x1fff27a0          --   Gb  - Linker created -
CSTACK$$Limit           0x1fff29a0          --   Gb  - Linker created -
Can1_Buf                0x1fff26f4    0x8  Data  Gb  Module_Init.o [1]
Can1_Rev_Flag           0x1fff2790    0x1  Data  Gb  Module_Init.o [1]
CheckPack_Ding_Chong    0x000053ed   0xfe  Code  Gb  Module_Protocol.o [1]
CheckPack_True_win      0x000053e5    0x8  Code  Gb  Module_Protocol.o [1]
ClkTbl                  0x00005f7c   0x18  Data  Lc  can.o [1]
ClkTbl                  0x00005da4   0x48  Data  Lc  uart.o [1]
DAC0_IRQHandler         0x00005c35    0xa  Code  Gb  dac.o [1]
DAC1_IRQHandler         0x00005c3f    0xa  Code  Gb  dac.o [1]
DAC_CallBackTable       0x1fff26ec    0x8  Data  Lc  dac.o [1]
DAC_IRQHandler          0x00005bb5   0x76  Code  Lc  dac.o [1]
DAC_InstanceTable       0x00006118    0x8  Data  Lc  dac.o [1]
DMA0_IRQHandler         0x0000464d    0xa  Code  Gb  dma.o [1]
DMA10_IRQHandler        0x000046b1    0xa  Code  Gb  dma.o [1]
DMA11_IRQHandler        0x000046bb    0xa  Code  Gb  dma.o [1]
DMA12_IRQHandler        0x000046c5    0xa  Code  Gb  dma.o [1]
DMA13_IRQHandler        0x000046cf    0xa  Code  Gb  dma.o [1]
DMA14_IRQHandler        0x000046d9    0xa  Code  Gb  dma.o [1]
DMA15_IRQHandler        0x000046e3    0xa  Code  Gb  dma.o [1]
DMA1_IRQHandler         0x00004657    0xa  Code  Gb  dma.o [1]
DMA2UARTChlTable        0x1fff26a0   0x14  Data  Lc  uart.o [1]
DMA2_IRQHandler         0x00004661    0xa  Code  Gb  dma.o [1]
DMA3_IRQHandler         0x0000466b    0xa  Code  Gb  dma.o [1]
DMA4_IRQHandler         0x00004675    0xa  Code  Gb  dma.o [1]
DMA5_IRQHandler         0x0000467f    0xa  Code  Gb  dma.o [1]
DMA6_IRQHandler         0x00004689    0xa  Code  Gb  dma.o [1]
DMA7_IRQHandler         0x00004693    0xa  Code  Gb  dma.o [1]
DMA8_IRQHandler         0x0000469d    0xa  Code  Gb  dma.o [1]
DMA9_IRQHandler         0x000046a7    0xa  Code  Gb  dma.o [1]
DMAChlMAP               0x1fff2704    0x4  Data  Lc  dma.o [1]
DMAMUX_InstanceTable    0x00006168    0x4  Data  Lc  dma.o [1]
DMA_CallBackTable       0x1fff25dc   0x40  Data  Lc  dma.o [1]
DMA_CallbackInstall     0x000045e7   0x10  Code  Gb  dma.o [1]
DMA_ChlAlloc            0x00004431   0x30  Code  Gb  dma.o [1]
DMA_ChlFree             0x00004461   0x10  Code  Gb  dma.o [1]
DMA_EnableAutoDisableRequest
                        0x000044d5   0x4c  Code  Gb  dma.o [1]
DMA_EnableRequest       0x000044cb    0xa  Code  Gb  dma.o [1]
DMA_GetMajorLoopCount   0x00004471   0x14  Code  Gb  dma.o [1]
DMA_IRQHandler          0x00004601   0x20  Code  Lc  dma.o [1]
DMA_IRQnTable           0x00006080   0x10  Data  Lc  dma.o [1]
DMA_ISR                 0x00003d7d   0x26  Code  Gb  uart.o [1]
DMA_ITConfig            0x00004521   0xc6  Code  Gb  dma.o [1]
DMA_Init                0x00004223  0x20e  Code  Gb  dma.o [1]
DMA_SetMajorLoopCounter
                        0x00004485   0x46  Code  Gb  dma.o [1]
DMA_SetSourceAddress    0x000045f7    0xa  Code  Gb  dma.o [1]
DWT_DelayInit           0x00003e4d   0x1a  Code  Gb  common.o [1]
DelayInit               0x00003e79    0x8  Code  Wk  common.o [1]
ENET_CallBackRxTable    0x1fff270c    0x4  Data  Lc  enet.o [1]
ENET_CallBackTxTable    0x1fff2708    0x4  Data  Lc  enet.o [1]
ENET_Receive_IRQHandler
                        0x00005d77   0x1e  Code  Gb  enet.o [1]
ENET_Transmit_IRQHandler
                        0x00005d59   0x1e  Code  Gb  enet.o [1]
FLASH_Init              0x00005829   0x88  Code  Gb  flash.o [1]
FTM0_IRQHandler         0x0000529d   0x68  Code  Gb  ftm.o [1]
FTM1_IRQHandler         0x00005305   0x68  Code  Gb  ftm.o [1]
FTM2_IRQHandler         0x0000536d   0x68  Code  Gb  ftm.o [1]
FTM_CallBackTable       0x1fff26c4    0xc  Data  Lc  ftm.o [1]
FTM_ChlMaxTable         0x000060ec    0xc  Data  Lc  ftm.o [1]
FTM_InstanceTable       0x000060e0    0xc  Data  Lc  ftm.o [1]
GPIO_CallBackTable      0x1fff268c   0x14  Data  Lc  gpio.o [1]
GPIO_Init               0x00004073   0xe4  Code  Gb  gpio.o [1]
GPIO_InstanceTable      0x00005ff4   0x14  Data  Lc  gpio.o [1]
GPIO_PinConfig          0x0000401b   0x58  Code  Gb  gpio.o [1]
GPIO_QuickInit          0x00004157   0x20  Code  Gb  gpio.o [1]
GPIO_ToggleBit          0x00004177   0x18  Code  Gb  gpio.o [1]
GetClock                0x00003de5   0x68  Code  Gb  common.o [1]
Init_Timer_Cnt          0x000058c5   0x5c  Code  Gb  Module_Init.o [1]
LPTMR_CallBackTable     0x1fff2710    0x4  Data  Lc  lptmr.o [1]
LPTimer_IRQHandler      0x00005e49   0x1e  Code  Gb  lptmr.o [1]
LoadInt                 0x00000999   0x6e  Code  Lc  xprintffull.o [3]
NMI_Handler             0x00003e81    0x2  Code  Gb  common.o [1]
NVIC_EnableIRQ          0x000049a1   0x16  Code  Lc  can.o [1]
NVIC_EnableIRQ          0x0000420d   0x16  Code  Lc  dma.o [1]
NVIC_EnableIRQ          0x0000354d   0x16  Code  Lc  uart.o [1]
OSCPUUsage              0x1fff2791    0x1  Data  Gb  os_core.o [1]
OSCtxSw                 0x00002787         Code  Gb  os_cpu_a_iar.o [1]
OSCtxSwCtr              0x1fff2720    0x4  Data  Gb  os_core.o [1]
OSEventFreeList         0x1fff2724    0x4  Data  Gb  os_core.o [1]
OSEventNameSet          0x00001c9d   0x50  Code  Gb  os_core.o [1]
OSEventTbl              0x1fff2370   0xf0  Data  Gb  os_core.o [1]
OSFlagFreeList          0x1fff2728    0x4  Data  Gb  os_core.o [1]
OSFlagTbl               0x1fff258c   0x50  Data  Gb  os_core.o [1]
OSIdleCtr               0x1fff2734    0x4  Data  Gb  os_core.o [1]
OSIdleCtrMax            0x1fff272c    0x4  Data  Gb  os_core.o [1]
OSIdleCtrRun            0x1fff2730    0x4  Data  Gb  os_core.o [1]
OSInit                  0x00001ced   0x34  Code  Gb  os_core.o [1]
OSInitHookBegin         0x00002801   0x24  Code  Gb  os_cpu_c.o [1]
OSInitHookEnd           0x00002825    0x2  Code  Gb  os_cpu_c.o [1]
OSIntCtxSw              0x0000278f         Code  Gb  os_cpu_a_iar.o [1]
OSIntEnter              0x00001d21   0x24  Code  Gb  os_core.o [1]
OSIntExit               0x00001d45   0x94  Code  Gb  os_core.o [1]
OSIntNesting            0x1fff2793    0x1  Data  Gb  os_core.o [1]
OSLockNesting           0x1fff2794    0x1  Data  Gb  os_core.o [1]
OSMboxCreate            0x00005779   0x52  Code  Gb  os_mbox.o [1]
OSMemFreeList           0x1fff2748    0x4  Data  Gb  os_core.o [1]
OSMemTbl                0x1fff2460   0x78  Data  Gb  os_core.o [1]
OSPrioCur               0x1fff2795    0x1  Data  Gb  os_core.o [1]
OSPrioHighRdy           0x1fff2796    0x1  Data  Gb  os_core.o [1]
OSQFreeList             0x1fff274c    0x4  Data  Gb  os_core.o [1]
OSQTbl                  0x1fff24d8   0x60  Data  Gb  os_core.o [1]
OSRdyGrp                0x1fff2797    0x1  Data  Gb  os_core.o [1]
OSRdyTbl                0x1fff26fc    0x8  Data  Gb  os_core.o [1]
OSRunning               0x1fff2798    0x1  Data  Gb  os_core.o [1]
OSSchedLock             0x00001dd9   0x3e  Code  Gb  os_core.o [1]
OSSchedUnlock           0x00001e17   0x64  Code  Gb  os_core.o [1]
OSSemCreate             0x00003395   0x52  Code  Gb  os_sem.o [1]
OSSemPend               0x000033e7   0xec  Code  Gb  os_sem.o [1]
OSSemPost               0x000034e9   0x64  Code  Gb  os_sem.o [1]
OSStart                 0x00001e7b   0x42  Code  Gb  os_core.o [1]
OSStartHighRdy          0x00002763         Code  Gb  os_cpu_a_iar.o [1]
OSStatInit              0x00001ebd   0x46  Code  Gb  os_core.o [1]
OSStatRdy               0x1fff2792    0x1  Data  Gb  os_core.o [1]
OSTCBCur                0x1fff2738    0x4  Data  Gb  os_core.o [1]
OSTCBFreeList           0x1fff273c    0x4  Data  Gb  os_core.o [1]
OSTCBHighRdy            0x1fff2740    0x4  Data  Gb  os_core.o [1]
OSTCBInitHook           0x000028b1    0x2  Code  Gb  os_cpu_c.o [1]
OSTCBList               0x1fff2744    0x4  Data  Gb  os_core.o [1]
OSTCBPrioTbl            0x1fff2270  0x100  Data  Gb  os_core.o [1]
OSTCBTbl                0x1fff0060  0x790  Data  Gb  os_core.o [1]
OSTaskCreate            0x00002e01   0xc6  Code  Gb  os_task.o [1]
OSTaskCreateExt         0x00002ec7   0xe2  Code  Gb  os_task.o [1]
OSTaskCreateHook        0x00002827    0x2  Code  Gb  os_cpu_c.o [1]
OSTaskCtr               0x1fff2799    0x1  Data  Gb  os_core.o [1]
OSTaskDel               0x00002fa9  0x18e  Code  Gb  os_task.o [1]
OSTaskDelHook           0x00002829    0x2  Code  Gb  os_cpu_c.o [1]
OSTaskIdleHook          0x0000282b    0x2  Code  Gb  os_cpu_c.o [1]
OSTaskIdleStk           0x1fff1c70  0x200  Data  Gb  os_core.o [1]
OSTaskNameSet           0x00003137   0x8e  Code  Gb  os_task.o [1]
OSTaskReturnHook        0x0000282d    0x2  Code  Gb  os_cpu_c.o [1]
OSTaskStatHook          0x0000282f    0x2  Code  Gb  os_cpu_c.o [1]
OSTaskStatStk           0x1fff1a70  0x200  Data  Gb  os_core.o [1]
OSTaskStkChk            0x000031c9   0xaa  Code  Gb  os_task.o [1]
OSTaskStkInit           0x00002831   0x7e  Code  Gb  os_cpu_c.o [1]
OSTaskSuspend           0x00003273   0xd0  Code  Gb  os_task.o [1]
OSTaskSwHook            0x000028af    0x2  Code  Gb  os_cpu_c.o [1]
OSTickStepState         0x1fff279a    0x1  Data  Gb  os_core.o [1]
OSTime                  0x1fff2750    0x4  Data  Gb  os_core.o [1]
OSTimeDly               0x00002ce1   0x6e  Code  Gb  os_time.o [1]
OSTimeDlyHMSM           0x00002d4f   0x9e  Code  Gb  os_time.o [1]
OSTimeTick              0x00001f03   0xf6  Code  Gb  os_core.o [1]
OSTimeTickHook          0x000028b3   0x20  Code  Gb  os_cpu_c.o [1]
OSTmrCtr                0x1fff2788    0x2  Data  Lc  os_cpu_c.o [1]
OSTmrFree               0x1fff2784    0x2  Data  Gb  os_core.o [1]
OSTmrFreeList           0x1fff2760    0x4  Data  Gb  os_core.o [1]
OSTmrSem                0x1fff2758    0x4  Data  Gb  os_core.o [1]
OSTmrSemSignal          0x1fff275c    0x4  Data  Gb  os_core.o [1]
OSTmrSignal             0x00002a49   0x12  Code  Gb  os_tmr.o [1]
OSTmrTaskStk            0x1fff1e70  0x200  Data  Gb  os_core.o [1]
OSTmrTbl                0x1fff0df0  0x280  Data  Gb  os_core.o [1]
OSTmrTime               0x1fff2754    0x4  Data  Gb  os_core.o [1]
OSTmrUsed               0x1fff2786    0x2  Data  Gb  os_core.o [1]
OSTmrWheelTbl           0x1fff261c   0x40  Data  Gb  os_core.o [1]
OSTmr_Init              0x00002a5b   0xb6  Code  Gb  os_tmr.o [1]
OSTmr_InitTask          0x00002b11   0x38  Code  Lc  os_tmr.o [1]
OSTmr_Link              0x00002b49   0x78  Code  Lc  os_tmr.o [1]
OSTmr_Task              0x00002c1d   0x8a  Code  Lc  os_tmr.o [1]
OSTmr_Unlink            0x00002bc1   0x58  Code  Lc  os_tmr.o [1]
OSUnMapTbl              0x00005920  0x100  Data  Gb  os_core.o [1]
OS_CPU_ExceptStk        0x1fff2070  0x200  Data  Gb  os_cpu_c.o [1]
OS_CPU_ExceptStkBase    0x1fff2764    0x4  Data  Gb  os_cpu_c.o [1]
OS_CPU_PendSVHandler    0x00002797         Code  Gb  os_cpu_a_iar.o [1]
OS_CPU_SR_Restore       0x0000275d         Code  Gb  os_cpu_a_iar.o [1]
OS_CPU_SR_Save          0x00002755         Code  Gb  os_cpu_a_iar.o [1]
OS_Dummy                0x00001ff9    0x2  Code  Gb  os_core.o [1]
OS_EventTaskRdy         0x00001ffb   0xba  Code  Gb  os_core.o [1]
OS_EventTaskRemove      0x00002143   0x32  Code  Gb  os_core.o [1]
OS_EventTaskRemoveMulti
                        0x00002175   0x4c  Code  Gb  os_core.o [1]
OS_EventTaskWait        0x000020b5   0x8e  Code  Gb  os_core.o [1]
OS_EventWaitListInit    0x000021c1   0x1c  Code  Gb  os_core.o [1]
OS_FlagInit             0x000028f9   0x58  Code  Gb  os_flag.o [1]
OS_FlagUnlink           0x0000295d   0x32  Code  Gb  os_flag.o [1]
OS_InitEventList        0x000021dd   0x6a  Code  Lc  os_core.o [1]
OS_InitMisc             0x00002247   0x4e  Code  Lc  os_core.o [1]
OS_InitRdyList          0x00002295   0x42  Code  Lc  os_core.o [1]
OS_InitTCBList          0x00002353   0x78  Code  Lc  os_core.o [1]
OS_InitTaskIdle         0x000022d7   0x3e  Code  Lc  os_core.o [1]
OS_InitTaskStat         0x00002315   0x3e  Code  Lc  os_core.o [1]
OS_MemClr               0x000023cb   0x12  Code  Gb  os_core.o [1]
OS_MemInit              0x00002991   0x52  Code  Gb  os_mem.o [1]
OS_QInit                0x000029f1   0x4e  Code  Gb  os_q.o [1]
OS_Sched                0x000023dd   0x5c  Code  Gb  os_core.o [1]
OS_SchedNew             0x00002439   0x20  Code  Lc  os_core.o [1]
OS_TCBInit              0x0000255b  0x180  Code  Gb  os_core.o [1]
OS_TaskIdle             0x00002459   0x22  Code  Gb  os_core.o [1]
OS_TaskReturn           0x00003343   0x12  Code  Gb  os_task.o [1]
OS_TaskStat             0x00002489   0x8e  Code  Gb  os_core.o [1]
OS_TaskStatStkChk       0x00002517   0x44  Code  Gb  os_core.o [1]
OS_TaskStkClr           0x0000337d   0x18  Code  Gb  os_task.o [1]
PDB0_IRQHandler         0x00005e71   0x1e  Code  Gb  pdb.o [1]
PDB_CallBackTable       0x1fff2768    0x4  Data  Lc  pdb.o [1]
PIT0_IRQHandler         0x00005c81    0xa  Code  Gb  pit.o [1]
PIT1_IRQHandler         0x00005c8b    0xa  Code  Gb  pit.o [1]
PIT2_IRQHandler         0x00005c95    0xa  Code  Gb  pit.o [1]
PIT3_IRQHandler         0x00005c9f    0xa  Code  Gb  pit.o [1]
PIT_CallBackTable       0x1fff26b4   0x10  Data  Lc  pit.o [1]
PIT_IRQHandler          0x00005c49   0x2c  Code  Lc  pit.o [1]
PORTA_IRQHandler        0x000041d9    0xa  Code  Gb  gpio.o [1]
PORTB_IRQHandler        0x000041e3    0xa  Code  Gb  gpio.o [1]
PORTC_IRQHandler        0x000041ed    0xa  Code  Gb  gpio.o [1]
PORTD_IRQHandler        0x000041f7    0xa  Code  Gb  gpio.o [1]
PORTE_IRQHandler        0x00004201    0xa  Code  Gb  gpio.o [1]
PORT_IRQHandler         0x0000418f   0x34  Code  Lc  gpio.o [1]
PORT_InstanceTable      0x00006008   0x14  Data  Lc  gpio.o [1]
PORT_PinMuxConfig       0x00003e85   0x62  Code  Gb  gpio.o [1]
PORT_PinOpenDrainConfig
                        0x00003fb7   0x64  Code  Gb  gpio.o [1]
PORT_PinPullConfig      0x00003ee7   0xd0  Code  Gb  gpio.o [1]
Pcak_Pile_State         0x000051b1   0x64  Code  Gb  Module_Can.o [1]
Pcak_Pile_State_All     0x00004fc7   0x3e  Code  Gb  Module_Can.o [1]
Pcak_Pile_State_All_Flag
                        0x1fff278f    0x1  Data  Gb  Module_Init.o [1]
Pile_Send               0x00005005  0x1ac  Code  Gb  Module_Can.o [1]
Pile_State_Close        0x1fff278b    0x1  Data  Gb  Module_Init.o [1]
Pile_State_Close_Flag   0x1fff278e    0x1  Data  Gb  Module_Init.o [1]
Pile_State_Flag         0x1fff2780    0x2  Data  Gb  Module_Init.o [1]
Pile_State_Open         0x1fff278a    0x1  Data  Gb  Module_Init.o [1]
Pile_State_Open_Flag    0x1fff278d    0x1  Data  Gb  Module_Init.o [1]
Pile_State_Wait_Flag    0x1fff278c    0x1  Data  Gb  Module_Init.o [1]
RTC_CallBackTable       0x1fff276c    0x4  Data  Lc  rtc.o [1]
RTC_IRQHandler          0x00005ca9   0x42  Code  Gb  rtc.o [1]
Region$$Table$$Base     0x00005ee8          --   Gb  - Linker created -
Region$$Table$$Limit    0x00005f0c          --   Gb  - Linker created -
SIM_GPIOClockGateTable  0x0000601c   0x14  Data  Lc  gpio.o [1]
SPI0_IRQHandler         0x00005d39    0xa  Code  Gb  spi.o [1]
SPI1_IRQHandler         0x00005d43    0xa  Code  Gb  spi.o [1]
SPI2_IRQHandler         0x00005d4d    0xa  Code  Gb  spi.o [1]
SPI_CallBackTable       0x1fff26d0    0xc  Data  Lc  spi.o [1]
SPI_IRQHandler          0x00005d01   0x2c  Code  Lc  spi.o [1]
SPI_InstanceTable       0x000060f8    0xc  Data  Gb  spi.o [1]
SYSTICK_Cmd             0x0000571f   0x22  Code  Gb  systick.o [1]
SYSTICK_ITConfig        0x00005741   0x22  Code  Gb  systick.o [1]
SYSTICK_Init            0x000056dd   0x42  Code  Gb  systick.o [1]
SysTick_Handler         0x000028e9   0x10  Code  Gb  os_cpu_c.o [1]
SystemCoreClock         0x1fff0058    0x4  Data  Gb  system_MK60D10.o [1]
SystemCoreClockUpdate   0x000047cd  0x15c  Code  Gb  system_MK60D10.o [1]
SystemInit              0x00004719   0xb4  Code  Gb  system_MK60D10.o [1]
TSI0_IRQHandler         0x00005ded   0x2a  Code  Gb  tsi.o [1]
TSI_CallBackTable       0x1fff2778    0x4  Data  Lc  tsi.o [1]
UART0_RX_TX_IRQHandler  0x00003c07    0xa  Code  Gb  uart.o [1]
UART1_RX_TX_IRQHandler  0x00003c11    0xa  Code  Gb  uart.o [1]
UART2_RX_TX_IRQHandler  0x00003c1b    0xa  Code  Gb  uart.o [1]
UART3_RX_TX_IRQHandler  0x00003c25    0xa  Code  Gb  uart.o [1]
UART4_RX_TX_IRQHandler  0x00003c2f    0xa  Code  Gb  uart.o [1]
UART5_RX_TX_IRQHandler  0x00003c39    0xa  Code  Gb  uart.o [1]
UARTBase                0x00005fc4   0x18  Data  Lc  uart.o [1]
UART_Buffer             0x1fff07f0  0x600  Data  Gb  Module_Init.o [1]
UART_CallBackRxTable    0x1fff2674   0x18  Data  Lc  uart.o [1]
UART_CallBackTxTable    0x1fff265c   0x18  Data  Lc  uart.o [1]
UART_DMARevInit         0x00003d07   0x76  Code  Gb  uart.o [1]
UART_DMASendByte        0x00003cd5   0x32  Code  Gb  uart.o [1]
UART_DataPortAddrTable  0x1fff0000   0x18  Data  Lc  uart.o [1]
UART_DebugInstance      0x1fff279b    0x1  Data  Lc  uart.o [1]
UART_EnableRxFIFO       0x000038f3   0x3e  Code  Gb  uart.o [1]
UART_EnableTxFIFO       0x000038b5   0x3e  Code  Gb  uart.o [1]
UART_IRQ_Handler        0x00003b79   0x8e  Code  Lc  uart.o [1]
UART_IRQnTable          0x00006160    0x8  Data  Lc  uart.o [1]
UART_ITDMAConfig        0x00003931  0x1cc  Code  Gb  uart.o [1]
UART_Init               0x00003563  0x352  Code  Gb  uart.o [1]
UART_QuickInit          0x00003afd   0x7c  Code  Gb  uart.o [1]
UART_RevDMATriggerSourceTable
                        0x00005fac   0x18  Data  Lc  uart.o [1]
UART_SendDMATriggerSourceTable
                        0x00005f94   0x18  Data  Lc  uart.o [1]
UART_SetDMATxMode       0x00003c43   0x92  Code  Gb  uart.o [1]
UardDmaFlow             0x000054eb   0x16  Code  Gb  Module_Protocol.o [1]
WDOG_CallBackTable      0x1fff277c    0x4  Data  Lc  wdog.o [1]
WDOG_Refresh            0x000057d9   0x24  Code  Gb  wdog.o [1]
Watchdog_IRQHandler     0x000057fd   0x1e  Code  Gb  wdog.o [1]
_Close_all              0x00005f5b    0xc  Code  Gb  xcloseall.o [3]
_GenldFull              0x00000f0f  0x264  Code  Lc  xprintffull.o [3]
_LdtobFull              0x00000b0d  0x3fc  Code  Lc  xprintffull.o [3]
_LitobFull              0x00000a07  0x106  Code  Lc  xprintffull.o [3]
_PrintfFull             0x00000411  0x582  Code  Gb  xprintffull.o [3]
_Prout                  0x00005fdd   0x16  Code  Gb  xprout.o [3]
_PutcharsFull           0x00001173   0x2e  Code  Lc  xprintffull.o [3]
__Vectors               0x00000000          --   Gb  startup_MK60D10.o [1]
__Vectors_End           0x00000400         Data  Gb  startup_MK60D10.o [1]
__Vectors_Size {Abs}    0x00000400          --   Gb  startup_MK60D10.o [1]
__aeabi_cdcmple         0x00001459         Code  Gb  DblCmpLe.o [4]
__aeabi_cdrcmple        0x00001489         Code  Gb  DblCmpGe.o [4]
__aeabi_d2iz            0x000015c5         Code  Gb  DblToI32.o [4]
__aeabi_d2uiz           0x000015f1         Code  Gb  DblToI32.o [4]
__aeabi_ddiv            0x00001971         Code  Gb  DblDiv.o [4]
__aeabi_dmul            0x000017cd         Code  Gb  DblMul.o [4]
__aeabi_dsub            0x0000164d         Code  Gb  DblSub.o [4]
__aeabi_i2d             0x0000161d         Code  Gb  I32ToDbl.o [4]
__aeabi_ldiv0           0x00001bc5         Code  Gb  I64DivZer.o [5]
__aeabi_memclr4         0x000046ed         Code  Gb  ABImemclr4.o [5]
__aeabi_ui2d            0x00001631         Code  Gb  I32ToDbl.o [4]
__aeabi_uldivmod        0x000012b1         Code  Gb  I64DivMod.o [5]
__as_entries_start      0xffffffff          --   Gb  command line/config [2]
__as_table_start        0xffffffff          --   Gb  command line/config [2]
__cexit_closeall        0x00005f4f         Code  Gb  cexit.o [5]
__cmain                 0x00005f29         Code  Gb  cmain.o [5]
__cstart_closeall       0x00006260         Data  Gb  cstart_closeall.o [5]
__dwrite                0x00005ae1   0x1e  Code  Gb  dwrite.o [6]
__exit                  0x00005f69   0x14  Code  Gb  exit.o [6]
__iar_Dnorm             0x00001417   0x42  Code  Gb  xdnorm.o [4]
__iar_Dscale            0x000014b9  0x10c  Code  Gb  xdscale.o [4]
__iar_Memchr            0x00001259         Code  Gb  memchr.o [5]
__iar_Memset4_word      0x0000496d         Code  Gb  ABImemset48.o [5]
__iar_Memset8_word      0x0000496d         Code  Gb  ABImemset48.o [5]
__iar_Strchr            0x000011e9         Code  Gb  strchr.o [5]
__iar_close_ttio        0x00005b41   0x2e  Code  Gb  iarttio.o [6]
__iar_copy_init3        0x000011bb   0x2e  Code  Gb  copy_init3.o [5]
__iar_d2uiz             0x000015fd         Code  Gb  DblToI32.o [4]
__iar_dadd              0x00001bc9         Code  Gb  DblAdd.o [4]
__iar_data_init3        0x00005ec1   0x28  Code  Gb  data_init.o [5]
__iar_dsub              0x00001661         Code  Gb  DblSub.o [4]
__iar_dsubStart         0x00001673         Code  Gb  DblSub.o [4]
__iar_get_ttio          0x00005b71   0x38  Code  Gb  iarttio.o [6]
__iar_lookup_ttioh      0x00005bad    0x8  Code  Gb  XShttio.o [3]
__iar_program_start     0x00006105         Code  Gb  cstartup_M.o [5]
__iar_sh_stdout         0x00005aff   0x20  Code  Gb  iarwstd.o [6]
__iar_sh_write          0x00005b1f   0x22  Code  Gb  iarwrite.o [6]
__iar_ttio_handles      0x1fff0050    0x8  Data  Lc  XShttio.o [3]
__iar_ui2d              0x00001635         Code  Gb  I32ToDbl.o [4]
__iar_unaligned___aeabi_memcpy
                        0x000013a1         Code  Gb  ABImemcpy_unaligned.o [5]
__iar_unaligned___aeabi_memcpy4
                        0x000013c1         Code  Gb  ABImemcpy_unaligned.o [5]
__iar_unaligned___aeabi_memcpy8
                        0x000013c1         Code  Gb  ABImemcpy_unaligned.o [5]
__iar_zero_init3        0x000011ff   0x22  Code  Gb  zero_init3.o [5]
__low_level_init        0x00005f43    0x4  Code  Gb  low_level_init.o [3]
__vector_table          0x00000000         Data  Gb  startup_MK60D10.o [1]
__write_buffered        0x00005a21   0xc0  Code  Gb  xxwritebuffered.o [3]
_call_main              0x00005f35         Code  Gb  cmain.o [5]
_exit                   0x00005f4d         Code  Gb  cexit.o [5]
_main                   0x00005f3f         Code  Gb  cmain.o [5]
bsp_init                0x00005631   0xac  Code  Gb  Module_BSP.o [1]
crcCheck                0x00005271   0x2c  Code  Gb  crc.o [1]
debug                   0x1fff2782    0x2  Data  Gb  Module_Init.o [1]
div                     0x00001bb7    0xe  Code  Gb  div.o [3]
exit                    0x00005f47    0x4  Code  Gb  exit.o [3]
fac_ms                  0x1fff2774    0x4  Data  Lc  systick.o [1]
fac_us                  0x1fff2770    0x4  Data  Lc  systick.o [1]
is_mb_idle              0x00004c5f   0x2c  Code  Lc  can.o [1]
main                    0x0000551d   0x24  Code  Gb  main.o [1]
memchr                  0x00001259         Code  Gb  memchr.o [5]
msg_test                0x1fff2718    0x4  Data  Gb  Module_Init.o [1]
printf                  0x000046f5   0x24  Code  Gb  printf.o [3]
putchar                 0x00005e99   0x28  Code  Gb  putchar.o [3]
sem_test                0x1fff271c    0x4  Data  Gb  Module_Init.o [1]
set_id                  0x00004a3f   0x86  Code  Lc  can.o [1]
store                   0x1fff2538   0x50  Data  Lc  xxwritebuffered.o [3]
storeLen                0x1fff2588    0x4  Data  Lc  xxwritebuffered.o [3]
strchr                  0x000011e9         Code  Gb  strchr.o [5]
strlen                  0x00001221         Code  Gb  strlen.o [5]


[1] = C:\work\Template_For_uCOS-II\Debug\Obj
[2] = command line
[3] = dl7M_tln.a
[4] = m7M_tl.a
[5] = rt7M_tl.a
[6] = shb_l.a

  24 344 bytes of readonly  code memory
     936 bytes of readonly  data memory
  10 649 bytes of readwrite data memory

Errors: none
Warnings: none
